01-29 19:26:36.738  1278  6303 I system_server: The ClassLoaderContext is a special shared library.
01-29 19:26:36.771  1278  6303 I chatty  : uid=1000 system_server identical 4 lines
01-29 19:26:36.789  1278  6303 I system_server: The ClassLoaderContext is a special shared library.
01-29 19:26:36.792  3832  3916 I btipc   : LE-REPORT:name:WM2,rssi:-100,1
01-29 19:26:36.793  3832  3916 V BluetoothServiceJni: remote_device_properties_callback: Status is: 0, Properties: 3
01-29 19:26:36.795  1278  6303 I system_server: The ClassLoaderContext is a special shared library.
01-29 19:26:36.837  3832  3916 I btipc   : LE-REPORT:name:null,rssi:-94
01-29 19:26:36.837  3832  3916 V BluetoothServiceJni: remote_device_properties_callback: Status is: 0, Properties: 2
01-29 19:26:36.841  3832  3916 I btipc   : LE-REPORT:name:YamahaAV,rssi:-80,1
01-29 19:26:36.841  3832  3916 V BluetoothServiceJni: remote_device_properties_callback: Status is: 0, Properties: 3
01-29 19:26:36.881  1786  3241 D QCNEJ/WlanStaInfoRelay: Received action: android.net.wifi.RSSI_CHANGED
01-29 19:26:36.888  2332  2424 E MirrorNetworkManager: onCapabilitiesChanged
01-29 19:26:36.889  2332  2424 E MirrorNetworkManager: onCapabilitiesChanged: NetType.WIFI
01-29 19:26:36.889  3832  3916 I btipc   : LE-REPORT:name:null,rssi:-92
01-29 19:26:36.889  3832  3916 V BluetoothServiceJni: remote_device_properties_callback: Status is: 0, Properties: 2
01-29 19:26:36.896  3832  3916 I btipc   : LE-REPORT:name:null,rssi:-92
01-29 19:26:36.896  3832  3916 V BluetoothServiceJni: remote_device_properties_callback: Status is: 0, Properties: 2
01-29 19:26:36.900  3832  3916 I btipc   : LE-REPORT:name:null,rssi:-102
01-29 19:26:36.900  3832  3916 V BluetoothServiceJni: remote_device_properties_callback: Status is: 0, Properties: 2
01-29 19:26:36.919  3832  3916 I btipc   : LE-REPORT:name:Remo-EEFA90,rssi:-96,1
01-29 19:26:36.920  3832  3916 V BluetoothServiceJni: remote_device_properties_callback: Status is: 0, Properties: 3
01-29 19:26:36.937  3832  3916 I btipc   : LE-REPORT:name:YamahaAV,rssi:-78,1
01-29 19:26:36.938  3832  3916 V BluetoothServiceJni: remote_device_properties_callback: Status is: 0, Properties: 3
01-29 19:26:36.941  3832  3916 I btipc   : LE-REPORT:name:null,rssi:-88
01-29 19:26:36.941  3832  3916 V BluetoothServiceJni: remote_device_properties_callback: Status is: 0, Properties: 2
01-29 19:26:36.947  1834  1834 D WifiSettings: onAccessPointsChanged (WifiTracker) callback initiated
01-29 19:26:36.948  1834  1834 D WifiSettings: onAccessPointsChanged (WifiTracker) callback initiated
01-29 19:26:36.996  3832  3916 I btipc   : LE-REPORT:name:null,rssi:-94
01-29 19:26:36.996  3832  3916 V BluetoothServiceJni: remote_device_properties_callback: Status is: 0, Properties: 2
01-29 19:26:37.000  3832  3916 I btipc   : LE-REPORT:name:null,rssi:-88
01-29 19:26:37.000  3832  3916 V BluetoothServiceJni: remote_device_properties_callback: Status is: 0, Properties: 2
01-29 19:26:37.004  3832  3916 I btipc   : LE-REPORT:name:ufoHncNQGap6vKeN5RckMw,rssi:-96,0
01-29 19:26:37.004  3832  3916 V BluetoothServiceJni: remote_device_properties_callback: Status is: 0, Properties: 3
01-29 19:26:37.007  3832  3916 I btipc   : LE-REPORT:name:ufoHncNQGap6vKeN5RckMw,rssi:-96,1
01-29 19:26:37.007  3832  3916 V BluetoothServiceJni: remote_device_properties_callback: Status is: 0, Properties: 3
01-29 19:26:37.011  3832  3916 I btipc   : LE-REPORT:name:null,rssi:-96
01-29 19:26:37.011  3832  3916 V BluetoothServiceJni: remote_device_properties_callback: Status is: 0, Properties: 2
01-29 19:26:37.014  3832  3916 I btipc   : LE-REPORT:name:null,rssi:-94
01-29 19:26:37.015  3832  3916 V BluetoothServiceJni: remote_device_properties_callback: Status is: 0, Properties: 2
01-29 19:26:37.040   685  3187 I /vendor/bin/hw/vendor.qti.hardware.servicetracker@1.1-service: bindService is called for service : com.android.vending/com.google.android.finsky.scheduler.process.mainimpl.PhoneskyJobServiceMain and for client system
01-29 19:26:37.040   685  3187 I /vendor/bin/hw/vendor.qti.hardware.servicetracker@1.1-service: total connections for service : com.android.vending/com.google.android.finsky.scheduler.process.mainimpl.PhoneskyJobServiceMainare :1
01-29 19:26:37.040   685  3187 I /vendor/bin/hw/vendor.qti.hardware.servicetracker@1.1-service: total connections for client : systemare :18
01-29 19:26:37.044  3832  3916 I btipc   : LE-REPORT:name:null,rssi:-94
01-29 19:26:37.044  3832  3916 V BluetoothServiceJni: remote_device_properties_callback: Status is: 0, Properties: 2
01-29 19:26:37.047  3832  3916 I btipc   : LE-REPORT:name:YamahaAV,rssi:-78,1
01-29 19:26:37.047  3832  3916 V BluetoothServiceJni: remote_device_properties_callback: Status is: 0, Properties: 3
01-29 19:26:37.050  3832  3916 I btipc   : LE-REPORT:name:null,rssi:-94
01-29 19:26:37.050  3832  3916 V BluetoothServiceJni: remote_device_properties_callback: Status is: 0, Properties: 2
01-29 19:26:37.057   685  3187 I /vendor/bin/hw/vendor.qti.hardware.servicetracker@1.1-service: startService() is called for servicecom.android.vending/com.google.android.finsky.scheduler.process.mainimpl.PhoneskyJobServiceMain
01-29 19:26:37.062  4027  4027 I Finsky  : [2] vvg.onStartJob(4): SCH: job service start with id 9183.
01-29 19:26:37.086  4027  4599 I Finsky  : [271] vul.a(97): SCH: Satisfied jobs for 9183 are: 10-4, 10-11, 10-101, 10-115, 10-116, 26-1414141414
01-29 19:26:37.088  3832  3916 I btipc   : LE-REPORT:name:Remo-EEFA90,rssi:-94,1
01-29 19:26:37.088  3832  3916 V BluetoothServiceJni: remote_device_properties_callback: Status is: 0, Properties: 3
01-29 19:26:37.092  3832  3916 I btipc   : LE-REPORT:name:Remo-EEFA90,rssi:-92,0
01-29 19:26:37.092  3832  3916 V BluetoothServiceJni: remote_device_properties_callback: Status is: 0, Properties: 3
01-29 19:26:37.092  4027  4817 I Finsky  : [317] vfm.accept(19): SCH: Job 10-4 starting
01-29 19:26:37.094  4027  4817 I Finsky  : [317] vfm.accept(19): SCH: Job 10-11 starting
01-29 19:26:37.096  4027  4817 I Finsky  : [317] vfm.accept(19): SCH: Job 10-101 starting
01-29 19:26:37.098  4027  4817 I Finsky  : [317] vfm.accept(19): SCH: Job 10-115 starting
01-29 19:26:37.110   685  3187 I /vendor/bin/hw/vendor.qti.hardware.servicetracker@1.1-service: bindService is called for service : com.google.android.gms/.chimera.PersistentApiService and for client com.android.vending
01-29 19:26:37.110   685  3187 I /vendor/bin/hw/vendor.qti.hardware.servicetracker@1.1-service: total connections for service : com.google.android.gms/.chimera.PersistentApiServiceare :3
01-29 19:26:37.110   685  3187 I /vendor/bin/hw/vendor.qti.hardware.servicetracker@1.1-service: total connections for client : com.android.vendingare :1
01-29 19:26:37.122   685  3187 I /vendor/bin/hw/vendor.qti.hardware.servicetracker@1.1-service: bindService is called for service : com.google.android.gms/.chimera.PersistentApiService and for client com.android.vending
01-29 19:26:37.122   685  3187 I /vendor/bin/hw/vendor.qti.hardware.servicetracker@1.1-service: total connections for service : com.google.android.gms/.chimera.PersistentApiServiceare :3
01-29 19:26:37.122   685  3187 I /vendor/bin/hw/vendor.qti.hardware.servicetracker@1.1-service: total connections for client : com.android.vendingare :1
01-29 19:26:37.133  4027  4564 I Finsky  : [269] xdf.a(99): Running split install cleaner
01-29 19:26:37.135  4027  4027 I Finsky  : [2] gow.a(1): AIM: AppInfoManager-Perf > Creating AppInfoManager ...
01-29 19:26:37.136   685  3187 I /vendor/bin/hw/vendor.qti.hardware.servicetracker@1.1-service: bindService is called for service : com.google.android.gms/.chimera.PersistentDirectBootAwareApiService and for client com.android.vending
01-29 19:26:37.136   685  3187 I /vendor/bin/hw/vendor.qti.hardware.servicetracker@1.1-service: total connections for service : com.google.android.gms/.chimera.PersistentDirectBootAwareApiServiceare :5
01-29 19:26:37.136   685  3187 I /vendor/bin/hw/vendor.qti.hardware.servicetracker@1.1-service: total connections for client : com.android.vendingare :2
01-29 19:26:37.142  1278  6303 I system_server: The ClassLoaderContext is a special shared library.
01-29 19:26:37.145  3832  3916 I btipc   : LE-REPORT:name:null,rssi:-88
01-29 19:26:37.145  3832  3916 V BluetoothServiceJni: remote_device_properties_callback: Status is: 0, Properties: 2
01-29 19:26:37.149  3832  3916 I btipc   : LE-REPORT:name:null,rssi:-96
01-29 19:26:37.149  3832  3916 V BluetoothServiceJni: remote_device_properties_callback: Status is: 0, Properties: 2
01-29 19:26:37.152  1278  6303 I system_server: The ClassLoaderContext is a special shared library.
01-29 19:26:37.153  3832  3916 I btipc   : LE-REPORT:name:YamahaAV,rssi:-80,1
01-29 19:26:37.153  3832  3916 V BluetoothServiceJni: remote_device_properties_callback: Status is: 0, Properties: 3
01-29 19:26:37.156  3832  3916 I btipc   : LE-REPORT:name:YamahaAV,rssi:-80,0
01-29 19:26:37.156  3832  3916 V BluetoothServiceJni: remote_device_properties_callback: Status is: 0, Properties: 3
01-29 19:26:37.166  4027  6554 I Finsky  : [374] xdd.accept(10): Removed 0 obsolete sessions.
01-29 19:26:37.169  4027  6554 I Finsky  : [374] wrn.accept(6): Removed 0 corrupted downloaded sessions.
01-29 19:26:37.172  1278  6303 I system_server: The ClassLoaderContext is a special shared library.
01-29 19:26:37.174  4027  6554 I Finsky  : [374] wrn.accept(15): Finished completion of 0 sessions. Successful: 0. Failed: 0.
01-29 19:26:37.183  4027  4027 I Finsky  : [2] gov.m(1): AIM: AppInfoManager-Perf > getLocalApps > called: USE_CACHE
01-29 19:26:37.188  3832  3916 I btipc   : LE-REPORT:name:null,rssi:-94
01-29 19:26:37.188  3832  3916 V BluetoothServiceJni: remote_device_properties_callback: Status is: 0, Properties: 2
01-29 19:26:37.196  1278  6303 I system_server: The ClassLoaderContext is a special shared library.
01-29 19:26:37.199  3832  3916 I btipc   : LE-REPORT:name:null,rssi:-92
01-29 19:26:37.199  3832  3916 V BluetoothServiceJni: remote_device_properties_callback: Status is: 0, Properties: 2
01-29 19:26:37.199  1278  6303 I system_server: The ClassLoaderContext is a special shared library.
01-29 19:26:37.205  4027  4564 I Finsky  : [269] knf.g(1): getDownloads()
01-29 19:26:37.208  1278  6303 I system_server: The ClassLoaderContext is a special shared library.
01-29 19:26:37.210   685  3187 I /vendor/bin/hw/vendor.qti.hardware.servicetracker@1.1-service: bindService is called for service : com.android.vending/com.google.android.finsky.ipcservers.background.BackgroundGrpcServerAndroidService and for client com.android.vending
01-29 19:26:37.210   685  3187 I /vendor/bin/hw/vendor.qti.hardware.servicetracker@1.1-service: total connections for service : com.android.vending/com.google.android.finsky.ipcservers.background.BackgroundGrpcServerAndroidServiceare :1
01-29 19:26:37.210   685  3187 I /vendor/bin/hw/vendor.qti.hardware.servicetracker@1.1-service: total connections for client : com.android.vendingare :3
01-29 19:26:37.211  1278  6303 I system_server: The ClassLoaderContext is a special shared library.
01-29 19:26:37.213  2564  2594 I FacsCacheGmsModule: Receiving API connection to FACS API from package 'com.android.vending'...
01-29 19:26:37.216   685  3187 I /vendor/bin/hw/vendor.qti.hardware.servicetracker@1.1-service: startService() is called for servicecom.android.vending/com.google.android.finsky.ipcservers.background.BackgroundGrpcServerAndroidService
01-29 19:26:37.217  4776  4776 I Finsky:background: [2] osk.onCreate(2): IPC-SERVER: Starting gRPC host service...
01-29 19:26:37.219  2564  2594 I FacsCacheGmsModule: API connection successful!
01-29 19:26:37.222   685  3187 I /vendor/bin/hw/vendor.qti.hardware.servicetracker@1.1-service: bindService is called for service : com.google.android.gms/.chimera.GmsInternalApiService and for client com.google.android.gms.persistent
01-29 19:26:37.222   685  3187 I /vendor/bin/hw/vendor.qti.hardware.servicetracker@1.1-service: total connections for service : com.google.android.gms/.chimera.GmsInternalApiServiceare :1
01-29 19:26:37.222   685  3187 I /vendor/bin/hw/vendor.qti.hardware.servicetracker@1.1-service: total connections for client : com.google.android.gms.persistentare :4
01-29 19:26:37.224  1278  3545 W ProcessStats: Tracking association SourceState{3856e86 com.google.android.gms.persistent/10125 ImpFg #3834} whose proc state 2 is better than process ProcessState{7b3d5ea com.google.android.gms/10125 pkg=com.google.android.gms} proc state 3 (9 skipped)
01-29 19:26:37.225   685  3187 I /vendor/bin/hw/vendor.qti.hardware.servicetracker@1.1-service: startService() is called for servicecom.google.android.gms/.chimera.GmsInternalApiService
01-29 19:26:37.235  3080  3080 D BoundBrokerSvc: onBind: Intent { act=com.google.android.gms.facs.internal.service.START dat=chimera-action: cmp=com.google.android.gms/.chimera.GmsInternalApiService }
01-29 19:26:37.235  3080  3080 D BoundBrokerSvc: Loading bound service for intent: Intent { act=com.google.android.gms.facs.internal.service.START dat=chimera-action: cmp=com.google.android.gms/.chimera.GmsInternalApiService }
01-29 19:26:37.235  4027  4470 I Finsky  : [256] got.a(3): AIM: AppInfoManager-Perf > getInstalledAppsFromPackageStateRepository > packageNames ready: Installed: 217 + Unowned: 205
01-29 19:26:37.241  1278  6303 I system_server: The ClassLoaderContext is a special shared library.
01-29 19:26:37.242  3080  3188 I FacsCacheGmsModule: Receiving API connection to internal FACS API...
01-29 19:26:37.244   685  3187 I /vendor/bin/hw/vendor.qti.hardware.servicetracker@1.1-service: bindService is called for service : com.google.android.gms/.chimera.PersistentBoundBrokerService and for client com.google.android.gms
01-29 19:26:37.244  3080  3188 I FacsCacheGmsModule: API connection successful!
01-29 19:26:37.245   685  3187 I /vendor/bin/hw/vendor.qti.hardware.servicetracker@1.1-service: total connections for service : com.google.android.gms/.chimera.PersistentBoundBrokerServiceare :2
01-29 19:26:37.245   685  3187 I /vendor/bin/hw/vendor.qti.hardware.servicetracker@1.1-service: total connections for client : com.google.android.gmsare :3
01-29 19:26:37.246  4776  6559 I Finsky:background: [311] kjv.h(1): getDownloads()
01-29 19:26:37.246  4027  4558 I Finsky  : [267] gor.a(5): AIM: AppInfoManager-Perf > getLocalApps > packageNames ready: Installed: 12 + Install Queue: 0, Queue only: 0 sample: []
01-29 19:26:37.247  4027  4558 I Finsky  : [267] gov.k(1): AIM: AppInfoManager-Perf > getApps > called for 12 apps
01-29 19:26:37.248  3832  3916 I btipc   : LE-REPORT:name:null,rssi:-90
01-29 19:26:37.248  3832  3916 V BluetoothServiceJni: remote_device_properties_callback: Status is: 0, Properties: 2
01-29 19:26:37.254  1278  6303 I system_server: The ClassLoaderContext is a special shared library.
01-29 19:26:37.265  1278  6303 I system_server: The ClassLoaderContext is a special shared library.
01-29 19:26:37.272  2564  2607 I FacsCacheGmsModule: Received 'getActivityControlsSettings' request from package 'com.android.vending', instance id 'common', version '1'...
01-29 19:26:37.273  2564  2607 I FacsCacheGmsModule: Operation 'getActivityControlsSettings' dispatched!
01-29 19:26:37.273  2564  3279 I FacsCacheGmsModule: Executing operation 'GetActivityControlsSettingsOperation'...
01-29 19:26:37.274  1278  6303 I system_server: The ClassLoaderContext is a special shared library.
01-29 19:26:37.276  1278  6303 I system_server: The ClassLoaderContext is a special shared library.
01-29 19:26:37.278  2564  3279 I FacsCacheGmsModule: Operation 'GetActivityControlsSettingsOperation' successful!
01-29 19:26:37.278  1278  6303 I system_server: The ClassLoaderContext is a special shared library.
01-29 19:26:37.294  1278  6303 I system_server: The ClassLoaderContext is a special shared library.
01-29 19:26:37.296  4027  4738 I Finsky  : [312] gnq.apply(124): AF: sWAA is disabled because isSwaaEnabled() returned false, or was cancelled, or failed.
01-29 19:26:37.297  3832  3916 I btipc   : LE-REPORT:name:null,rssi:-96
01-29 19:26:37.297  4027  4738 I Finsky  : [312] gnq.apply(126): AF: Checkbox is disabled because isCheckboxEnabled() returned false, or was cancelled, or failed.
01-29 19:26:37.297  3832  3916 V BluetoothServiceJni: remote_device_properties_callback: Status is: 0, Properties: 2
01-29 19:26:37.300  4027  4738 I Finsky  : [312] vtr.r(4): SCH: jobFinished: 10-4. TimeElapsed: 207ms.
01-29 19:26:37.303  3832  3916 I btipc   : LE-REPORT:name:null,rssi:-96
01-29 19:26:37.303  3832  3916 V BluetoothServiceJni: remote_device_properties_callback: Status is: 0, Properties: 2
01-29 19:26:37.319  4027  4538 I Finsky  : [264] vtr.r(4): SCH: jobFinished: 10-11. TimeElapsed: 187ms.
01-29 19:26:37.325  1278  6303 I system_server: The ClassLoaderContext is a special shared library.
01-29 19:26:37.327  4027  4538 I Finsky  : [264] vtr.r(4): SCH: jobFinished: 10-115. TimeElapsed: 133ms.
01-29 19:26:37.330  1278  6303 I system_server: The ClassLoaderContext is a special shared library.
01-29 19:26:37.331  4027  4564 I Finsky  : [269] gqb.a(5): AIM: AppInfoManager-Perf > OnDeviceAppInfo > cacheHitCount=12, cacheMissCount=0. Missed  in cache (limit 10) : []
01-29 19:26:37.335  1278  6303 I system_server: The ClassLoaderContext is a special shared library.
01-29 19:26:37.336  4027  4564 I Finsky  : [269] gnq.apply(78): AIM: Got app ownership map. App counts: . Unique apps: 0
01-29 19:26:37.342  1278  6303 I system_server: The ClassLoaderContext is a special shared library.
01-29 19:26:37.391  1278  6303 I chatty  : uid=1000 system_server identical 12 lines
01-29 19:26:37.393  1278  6303 I system_server: The ClassLoaderContext is a special shared library.
01-29 19:26:37.398  3832  3916 I btipc   : LE-REPORT:name:null,rssi:-88
01-29 19:26:37.398  3832  3916 V BluetoothServiceJni: remote_device_properties_callback: Status is: 0, Properties: 2
01-29 19:26:37.399  4027  4027 I Finsky  : [2] vfm.accept(19): SCH: Job 10-116 starting
01-29 19:26:37.402  4027  4027 I Finsky  : [2] knf.g(1): getDownloads()
01-29 19:26:37.403  1278  6303 I system_server: The ClassLoaderContext is a special shared library.
01-29 19:26:37.404  4776  6559 I Finsky:background: [311] kjv.h(1): getDownloads()
01-29 19:26:37.404  1278  6303 I system_server: The ClassLoaderContext is a special shared library.
01-29 19:26:37.408  4027  4538 I Finsky  : [264] gpx.a(11): AIM: AppInfoManager-Perf > ItemModel > CacheSize=12, cacheHitCount=12, cacheMissCount=0, total appsWithNoServerDataCount=0. Missed  in cache (limit 10) : []
01-29 19:26:37.410  1278  6303 I system_server: The ClassLoaderContext is a special shared library.
01-29 19:26:37.415   685  3187 I /vendor/bin/hw/vendor.qti.hardware.servicetracker@1.1-service: unbindService is called for service : android/com.android.server.pm.BackgroundDexOptService and for client system
01-29 19:26:37.415   685  3187 I /vendor/bin/hw/vendor.qti.hardware.servicetracker@1.1-service: size of service connections for service: android/com.android.server.pm.BackgroundDexOptServiceafter removal is 0
01-29 19:26:37.415   685  3187 I /vendor/bin/hw/vendor.qti.hardware.servicetracker@1.1-service: size of client connections for client: systemafter removal is 17
01-29 19:26:37.415   685  3187 I /vendor/bin/hw/vendor.qti.hardware.servicetracker@1.1-service: destroyService is called for service : android/com.android.server.pm.BackgroundDexOptService
01-29 19:26:37.422  4027  4738 I Finsky  : [312] vtr.r(4): SCH: jobFinished: 10-116. TimeElapsed: 22ms.
01-29 19:26:37.444  4027  4538 I Finsky  : [264] fxs.accept(28): AIM: AppInfoManager-Perf > getApps > data collection finished
01-29 19:26:37.446  4027  4027 I Finsky  : [2] vfm.accept(19): SCH: Job 26-1414141414 starting
01-29 19:26:37.450  4027  4538 I Finsky  : [264] vtr.r(4): SCH: jobFinished: 10-101. TimeElapsed: 316ms.
01-29 19:26:37.492  3832  3916 I btipc   : LE-REPORT:name:null,rssi:-96
01-29 19:26:37.493  3832  3916 V BluetoothServiceJni: remote_device_properties_callback: Status is: 0, Properties: 2
01-29 19:26:37.496  3832  3916 I btipc   : LE-REPORT:name:null,rssi:-96
01-29 19:26:37.496  3832  3916 V BluetoothServiceJni: remote_device_properties_callback: Status is: 0, Properties: 2
01-29 19:26:37.540  3832  3916 I btipc   : LE-REPORT:name:Remo-EEFA90,rssi:-92,1
01-29 19:26:37.541  3832  3916 V BluetoothServiceJni: remote_device_properties_callback: Status is: 0, Properties: 3
01-29 19:26:37.593  4027  4051 W SQLiteConnectionPool: A SQLiteConnection object for database '/data/user/0/com.android.vending/databases/resource_data.db' was leaked!  Please fix your application to end transactions in progress properly and to close the database when it is no longer needed.
01-29 19:26:37.593  4027  4051 W System  : A resource failed to call close. 
01-29 19:26:37.594  4027  4051 W System  : A resource failed to call close. 
01-29 19:26:37.643  3832  3916 I btipc   : LE-REPORT:name:null,rssi:-100
01-29 19:26:37.643  3832  3916 V BluetoothServiceJni: remote_device_properties_callback: Status is: 0, Properties: 2
01-29 19:26:37.648  3832  3916 I btipc   : LE-REPORT:name:null,rssi:-102
01-29 19:26:37.648  3832  3916 V BluetoothServiceJni: remote_device_properties_callback: Status is: 0, Properties: 2
01-29 19:26:37.651  3832  3916 I btipc   : LE-REPORT:name:null,rssi:-102
01-29 19:26:37.652  3832  3916 V BluetoothServiceJni: remote_device_properties_callback: Status is: 0, Properties: 2
01-29 19:26:37.696  3832  3916 I btipc   : LE-REPORT:name:null,rssi:-92
01-29 19:26:37.696  3832  3916 V BluetoothServiceJni: remote_device_properties_callback: Status is: 0, Properties: 2
01-29 19:26:37.787  3832  3916 I btipc   : LE-REPORT:name:null,rssi:-96
01-29 19:26:37.787  3832  3916 V BluetoothServiceJni: remote_device_properties_callback: Status is: 0, Properties: 2
01-29 19:26:37.791  3832  3916 I btipc   : LE-REPORT:name:null,rssi:-94
01-29 19:26:37.791  3832  3916 V BluetoothServiceJni: remote_device_properties_callback: Status is: 0, Properties: 2
01-29 19:26:37.794  3832  3916 I btipc   : LE-REPORT:name:null,rssi:-90
01-29 19:26:37.794  3832  3916 V BluetoothServiceJni: remote_device_properties_callback: Status is: 0, Properties: 2
01-29 19:26:37.797  3832  3916 I btipc   : LE-REPORT:name:Remo-EEFA90,rssi:-96,1
01-29 19:26:37.797  3832  3916 V BluetoothServiceJni: remote_device_properties_callback: Status is: 0, Properties: 3
01-29 19:26:37.844  3832  3916 I btipc   : LE-REPORT:name:null,rssi:-98
01-29 19:26:37.845  3832  3916 V BluetoothServiceJni: remote_device_properties_callback: Status is: 0, Properties: 2
01-29 19:26:37.847  3832  3916 I btipc   : LE-REPORT:name:null,rssi:-98
01-29 19:26:37.847  3832  3916 V BluetoothServiceJni: remote_device_properties_callback: Status is: 0, Properties: 2
01-29 19:26:37.891  3832  3916 I btipc   : LE-REPORT:name:null,rssi:-94
01-29 19:26:37.891  3832  3916 V BluetoothServiceJni: remote_device_properties_callback: Status is: 0, Properties: 2
01-29 19:26:37.894  3832  3916 I btipc   : LE-REPORT:name:null,rssi:-94
01-29 19:26:37.894  3832  3916 V BluetoothServiceJni: remote_device_properties_callback: Status is: 0, Properties: 2
01-29 19:26:37.947  3832  3916 I btipc   : LE-REPORT:name:null,rssi:-92
01-29 19:26:37.947  3832  3916 V BluetoothServiceJni: remote_device_properties_callback: Status is: 0, Properties: 2
01-29 19:26:37.994  3832  3916 I btipc   : LE-REPORT:name:null,rssi:-94
01-29 19:26:37.995  3832  3916 V BluetoothServiceJni: remote_device_properties_callback: Status is: 0, Properties: 2
01-29 19:26:38.002  3832  3916 I btipc   : LE-REPORT:name:null,rssi:-94
01-29 19:26:38.002  3832  3916 V BluetoothServiceJni: remote_device_properties_callback: Status is: 0, Properties: 2
01-29 19:26:38.006  3832  3916 I btipc   : LE-REPORT:name:null,rssi:-88
01-29 19:26:38.007  3832  3916 V BluetoothServiceJni: remote_device_properties_callback: Status is: 0, Properties: 2
01-29 19:26:38.017  3832  3916 I btipc   : LE-REPORT:name:null,rssi:-88
01-29 19:26:38.017  3832  3916 V BluetoothServiceJni: remote_device_properties_callback: Status is: 0, Properties: 2
01-29 19:26:38.040  3832  3916 I btipc   : LE-REPORT:name:null,rssi:-90
01-29 19:26:38.040  3832  3916 V BluetoothServiceJni: remote_device_properties_callback: Status is: 0, Properties: 2
01-29 19:26:38.043  3832  3916 I btipc   : LE-REPORT:name:null,rssi:-90
01-29 19:26:38.043  3832  3916 V BluetoothServiceJni: remote_device_properties_callback: Status is: 0, Properties: 2
01-29 19:26:38.046  3832  3916 I btipc   : LE-REPORT:name:null,rssi:-90
01-29 19:26:38.046  3832  3916 V BluetoothServiceJni: remote_device_properties_callback: Status is: 0, Properties: 2
01-29 19:26:38.049  3832  3916 I btipc   : LE-REPORT:name:null,rssi:-90
01-29 19:26:38.049  3832  3916 V BluetoothServiceJni: remote_device_properties_callback: Status is: 0, Properties: 2
01-29 19:26:38.051  3832  3916 I btipc   : LE-REPORT:name:null,rssi:-94
01-29 19:26:38.051  3832  3916 V BluetoothServiceJni: remote_device_properties_callback: Status is: 0, Properties: 2
01-29 19:26:38.064   685  3187 I /vendor/bin/hw/vendor.qti.hardware.servicetracker@1.1-service: unbindService is called for service : com.google.android.gms/.chimera.PersistentApiService and for client com.google.android.gms.persistent
01-29 19:26:38.088  3832  3916 I btipc   : LE-REPORT:name:null,rssi:-92
01-29 19:26:38.089  3832  3916 V BluetoothServiceJni: remote_device_properties_callback: Status is: 0, Properties: 2
01-29 19:26:38.092  3832  3916 I btipc   : LE-REPORT:name:null,rssi:-92
01-29 19:26:38.092  3832  3916 V BluetoothServiceJni: remote_device_properties_callback: Status is: 0, Properties: 2
01-29 19:26:38.098  3832  3916 I btipc   : LE-REPORT:name:null,rssi:-94
01-29 19:26:38.098  3832  3916 V BluetoothServiceJni: remote_device_properties_callback: Status is: 0, Properties: 2
01-29 19:26:38.137  3832  3916 I btipc   : LE-REPORT:name:null,rssi:-82
01-29 19:26:38.137  3832  3916 V BluetoothServiceJni: remote_device_properties_callback: Status is: 0, Properties: 2
01-29 19:26:38.154  4027  4493 I Finsky  : [260] idj.accept(81): [Counters Flush] Successfully generated counter events
01-29 19:26:38.155  4027  4493 I Finsky  : [260] kwa.b(2): [Counters Flush] Counters flushed successfully
01-29 19:26:38.156  4027  4493 I Finsky  : [260] vtr.r(4): SCH: jobFinished: 26-1414141414. TimeElapsed: 709ms.
01-29 19:26:38.203  4027  4493 I Finsky  : [260] vtm.a(2): SCH: no pending jobs to schedule.
01-29 19:26:38.203  4027  4817 I Finsky  : [317] vvg.a(16): SCH: job service finished with id 9183.
01-29 19:26:38.205   685  3187 I /vendor/bin/hw/vendor.qti.hardware.servicetracker@1.1-service: unbindService is called for service : com.android.vending/com.google.android.finsky.scheduler.process.mainimpl.PhoneskyJobServiceMain and for client system
01-29 19:26:38.205   685  3187 I /vendor/bin/hw/vendor.qti.hardware.servicetracker@1.1-service: size of service connections for service: com.android.vending/com.google.android.finsky.scheduler.process.mainimpl.PhoneskyJobServiceMainafter removal is 0
01-29 19:26:38.205   685  3187 I /vendor/bin/hw/vendor.qti.hardware.servicetracker@1.1-service: size of client connections for client: systemafter removal is 16
01-29 19:26:38.206   685  3187 I /vendor/bin/hw/vendor.qti.hardware.servicetracker@1.1-service: destroyService is called for service : com.android.vending/com.google.android.finsky.scheduler.process.mainimpl.PhoneskyJobServiceMain
01-29 19:26:38.237  3832  3916 I btipc   : LE-REPORT:name:null,rssi:-96
01-29 19:26:38.238  3832  3916 V BluetoothServiceJni: remote_device_properties_callback: Status is: 0, Properties: 2
01-29 19:26:38.240  3832  3916 I btipc   : LE-REPORT:name:null,rssi:-100
01-29 19:26:38.240  3832  3916 V BluetoothServiceJni: remote_device_properties_callback: Status is: 0, Properties: 2
01-29 19:26:38.242  3832  3916 I btipc   : LE-REPORT:name:null,rssi:-100
01-29 19:26:38.243  3832  3916 V BluetoothServiceJni: remote_device_properties_callback: Status is: 0, Properties: 2
01-29 19:26:38.293  3832  3916 I btipc   : LE-REPORT:name:null,rssi:-90
01-29 19:26:38.293  3832  3916 V BluetoothServiceJni: remote_device_properties_callback: Status is: 0, Properties: 2
01-29 19:26:38.297  3832  3916 I btipc   : LE-REPORT:name:YamahaAV,rssi:-80,1
01-29 19:26:38.297  3832  3916 V BluetoothServiceJni: remote_device_properties_callback: Status is: 0, Properties: 3
01-29 19:26:38.300  3832  3916 I btipc   : LE-REPORT:name:YamahaAV,rssi:-78,0
01-29 19:26:38.300  3832  3916 V BluetoothServiceJni: remote_device_properties_callback: Status is: 0, Properties: 3
01-29 19:26:38.338  3832  3916 I btipc   : LE-REPORT:name:null,rssi:-94
01-29 19:26:38.338  3832  3916 V BluetoothServiceJni: remote_device_properties_callback: Status is: 0, Properties: 2
01-29 19:26:38.392  3832  3916 I btipc   : LE-REPORT:name:Remo-EEFA90,rssi:-98,1
01-29 19:26:38.392  3832  3916 V BluetoothServiceJni: remote_device_properties_callback: Status is: 0, Properties: 3
01-29 19:26:38.396  3832  3916 I btipc   : LE-REPORT:name:YamahaAV,rssi:-78,1
01-29 19:26:38.396  3832  3916 V BluetoothServiceJni: remote_device_properties_callback: Status is: 0, Properties: 3
01-29 19:26:38.401  3832  3916 I btipc   : LE-REPORT:name:null,rssi:-94
01-29 19:26:38.401  3832  3916 V BluetoothServiceJni: remote_device_properties_callback: Status is: 0, Properties: 2
01-29 19:26:38.438  3832  3916 I btipc   : LE-REPORT:name:null,rssi:-96
01-29 19:26:38.438  3832  3916 V BluetoothServiceJni: remote_device_properties_callback: Status is: 0, Properties: 2
01-29 19:26:38.494  3832  3916 I btipc   : LE-REPORT:name:YamahaAV,rssi:-80,1
01-29 19:26:38.495  3832  3916 V BluetoothServiceJni: remote_device_properties_callback: Status is: 0, Properties: 3
01-29 19:26:38.498  3832  3916 I btipc   : LE-REPORT:name:null,rssi:-96
01-29 19:26:38.498  3832  3916 V BluetoothServiceJni: remote_device_properties_callback: Status is: 0, Properties: 2
01-29 19:26:38.549  3832  3916 I btipc   : LE-REPORT:name:null,rssi:-96
01-29 19:26:38.549  3832  3916 V BluetoothServiceJni: remote_device_properties_callback: Status is: 0, Properties: 2
01-29 19:26:38.588  3832  3916 I btipc   : LE-REPORT:name:Remo-EEFA90,rssi:-92,1
01-29 19:26:38.588  3832  3916 V BluetoothServiceJni: remote_device_properties_callback: Status is: 0, Properties: 3
01-29 19:26:38.592  3832  3916 I btipc   : LE-REPORT:name:null,rssi:-90
01-29 19:26:38.593  3832  3916 V BluetoothServiceJni: remote_device_properties_callback: Status is: 0, Properties: 2
01-29 19:26:38.595  3832  3916 I btipc   : LE-REPORT:name:null,rssi:-96
01-29 19:26:38.596  3832  3916 V BluetoothServiceJni: remote_device_properties_callback: Status is: 0, Properties: 2
01-29 19:26:38.608  4027  4564 I Finsky  : [269] viy.accept(56): SCH: Scheduling phonesky job Id: 26-1414141414, CT: 1674987998180, Constraints: [{ L: 43200000, D: 44100000, C: 1, I: 1, N: 0 }]
01-29 19:26:38.619  4027  4493 I Finsky  : [260] vgv.apply(3): SCH: Scheduling 1 system job(s)
01-29 19:26:38.620  4027  4493 I Finsky  : [260] vto.d(4): SCH: Scheduling system job Id: 9241, L: 43199561, D: 44099561, C: false, I: false, N: 0
01-29 19:26:38.691  3832  3916 I btipc   : LE-REPORT:name:null,rssi:-88
01-29 19:26:38.691  3832  3916 V BluetoothServiceJni: remote_device_properties_callback: Status is: 0, Properties: 2
01-29 19:26:38.695  3832  3916 I btipc   : LE-REPORT:name:null,rssi:-86
01-29 19:26:38.695  3832  3916 V BluetoothServiceJni: remote_device_properties_callback: Status is: 0, Properties: 2
01-29 19:26:38.699  3832  3916 I btipc   : LE-REPORT:name:null,rssi:-86
01-29 19:26:38.699  3832  3916 V BluetoothServiceJni: remote_device_properties_callback: Status is: 0, Properties: 2
01-29 19:26:38.702  3832  3916 I btipc   : LE-REPORT:name:null,rssi:-100
01-29 19:26:38.702  3832  3916 V BluetoothServiceJni: remote_device_properties_callback: Status is: 0, Properties: 2
01-29 19:26:38.705  3832  3916 I btipc   : LE-REPORT:name:null,rssi:-100
01-29 19:26:38.705  3832  3916 V BluetoothServiceJni: remote_device_properties_callback: Status is: 0, Properties: 2
01-29 19:26:38.741  3832  3916 I btipc   : LE-REPORT:name:null,rssi:-54
01-29 19:26:38.742  3832  3916 V BluetoothServiceJni: remote_device_properties_callback: Status is: 0, Properties: 2
01-29 19:26:38.790  3832  3916 I btipc   : LE-REPORT:name:null,rssi:-92
01-29 19:26:38.790  3832  3916 V BluetoothServiceJni: remote_device_properties_callback: Status is: 0, Properties: 2
01-29 19:26:38.793  3832  3916 I btipc   : LE-REPORT:name:null,rssi:-90
01-29 19:26:38.793  3832  3916 V BluetoothServiceJni: remote_device_properties_callback: Status is: 0, Properties: 2
01-29 19:26:38.839  3832  3916 I btipc   : LE-REPORT:name:null,rssi:-94
01-29 19:26:38.839  3832  3916 V BluetoothServiceJni: remote_device_properties_callback: Status is: 0, Properties: 2
01-29 19:26:38.843  3832  3916 I btipc   : LE-REPORT:name:null,rssi:-94
01-29 19:26:38.844  3832  3916 V BluetoothServiceJni: remote_device_properties_callback: Status is: 0, Properties: 2
01-29 19:26:38.847  3832  3916 I btipc   : LE-REPORT:name:null,rssi:-102
01-29 19:26:38.847  3832  3916 V BluetoothServiceJni: remote_device_properties_callback: Status is: 0, Properties: 2
01-29 19:26:38.889  3832  3916 I btipc   : LE-REPORT:name:WM2,rssi:-98,0
01-29 19:26:38.889  3832  3916 V BluetoothServiceJni: remote_device_properties_callback: Status is: 0, Properties: 3
01-29 19:26:38.964  1977  1977 I BoxServerDebug: ===mDebugCount=8
01-29 19:26:38.992  3832  3916 I btipc   : LE-REPORT:name:null,rssi:-92
01-29 19:26:38.993  3832  3916 V BluetoothServiceJni: remote_device_properties_callback: Status is: 0, Properties: 2
01-29 19:26:38.999  3832  3916 I btipc   : LE-REPORT:name:null,rssi:-102
01-29 19:26:39.000  3832  3916 V BluetoothServiceJni: remote_device_properties_callback: Status is: 0, Properties: 2
01-29 19:26:39.043  3832  3916 I btipc   : LE-REPORT:name:Remo-EEFA90,rssi:-92,1
01-29 19:26:39.043  3832  3916 V BluetoothServiceJni: remote_device_properties_callback: Status is: 0, Properties: 3
01-29 19:26:39.050  3832  3916 I btipc   : LE-REPORT:name:WM2,rssi:-100,1
01-29 19:26:39.050  3832  3916 V BluetoothServiceJni: remote_device_properties_callback: Status is: 0, Properties: 3
01-29 19:26:39.094  3832  3916 I btipc   : LE-REPORT:name:null,rssi:-98
01-29 19:26:39.095  3832  3916 V BluetoothServiceJni: remote_device_properties_callback: Status is: 0, Properties: 2
01-29 19:26:39.098  3832  3916 I btipc   : LE-REPORT:name:null,rssi:-96
01-29 19:26:39.098  3832  3916 V BluetoothServiceJni: remote_device_properties_callback: Status is: 0, Properties: 2
01-29 19:26:39.142  3832  3916 I btipc   : LE-REPORT:name:null,rssi:-94
01-29 19:26:39.142  3832  3916 V BluetoothServiceJni: remote_device_properties_callback: Status is: 0, Properties: 2
01-29 19:26:39.242  3832  3916 I btipc   : LE-REPORT:name:null,rssi:-84
01-29 19:26:39.242  3832  3916 V BluetoothServiceJni: remote_device_properties_callback: Status is: 0, Properties: 2
01-29 19:26:39.246  3832  3916 I btipc   : LE-REPORT:name:null,rssi:-96
01-29 19:26:39.246  3832  3916 V BluetoothServiceJni: remote_device_properties_callback: Status is: 0, Properties: 2
01-29 19:26:39.249  3832  3916 I btipc   : LE-REPORT:name:null,rssi:-94
01-29 19:26:39.249  3832  3916 V BluetoothServiceJni: remote_device_properties_callback: Status is: 0, Properties: 2
01-29 19:26:39.253  3832  3916 I btipc   : LE-REPORT:name:Remo-EEFA90,rssi:-88,1
01-29 19:26:39.254  3832  3916 V BluetoothServiceJni: remote_device_properties_callback: Status is: 0, Properties: 3
01-29 19:26:39.257  3832  3916 I btipc   : LE-REPORT:name:Remo-EEFA90,rssi:-88,0
01-29 19:26:39.257  3832  3916 V BluetoothServiceJni: remote_device_properties_callback: Status is: 0, Properties: 3
01-29 19:26:39.291  3832  3916 I btipc   : LE-REPORT:name:null,rssi:-96
01-29 19:26:39.292  3832  3916 V BluetoothServiceJni: remote_device_properties_callback: Status is: 0, Properties: 2
01-29 19:26:39.295  3832  3916 I btipc   : LE-REPORT:name:null,rssi:-102
01-29 19:26:39.295  3832  3916 V BluetoothServiceJni: remote_device_properties_callback: Status is: 0, Properties: 2
01-29 19:26:39.344  3832  3916 I btipc   : LE-REPORT:name:null,rssi:-88
01-29 19:26:39.344  3832  3916 V BluetoothServiceJni: remote_device_properties_callback: Status is: 0, Properties: 2
01-29 19:26:39.347  3832  3916 I btipc   : LE-REPORT:name:null,rssi:-88
01-29 19:26:39.348  3832  3916 V BluetoothServiceJni: remote_device_properties_callback: Status is: 0, Properties: 2
01-29 19:26:39.395  3832  3916 I btipc   : LE-REPORT:name:null,rssi:-90
01-29 19:26:39.396  3832  3916 V BluetoothServiceJni: remote_device_properties_callback: Status is: 0, Properties: 2
01-29 19:26:39.400  3832  3916 I btipc   : LE-REPORT:name:null,rssi:-90
01-29 19:26:39.400  3832  3916 V BluetoothServiceJni: remote_device_properties_callback: Status is: 0, Properties: 2
01-29 19:26:39.438  3832  3916 I btipc   : LE-REPORT:name:Remo-EEFA90,rssi:-98,1
01-29 19:26:39.438  3832  3916 V BluetoothServiceJni: remote_device_properties_callback: Status is: 0, Properties: 3
01-29 19:26:39.442  3832  3916 I btipc   : LE-REPORT:name:Remo-EEFA90,rssi:-98,0
01-29 19:26:39.442  3832  3916 V BluetoothServiceJni: remote_device_properties_callback: Status is: 0, Properties: 3
01-29 19:26:39.448  3832  3916 I btipc   : LE-REPORT:name:null,rssi:-94
01-29 19:26:39.448  3832  3916 V BluetoothServiceJni: remote_device_properties_callback: Status is: 0, Properties: 2
01-29 19:26:39.452  3832  3916 I btipc   : LE-REPORT:name:null,rssi:-94
01-29 19:26:39.452  3832  3916 V BluetoothServiceJni: remote_device_properties_callback: Status is: 0, Properties: 2
01-29 19:26:39.538  3832  3916 I btipc   : LE-REPORT:name:YamahaAV,rssi:-80,1
01-29 19:26:39.538  3832  3916 V BluetoothServiceJni: remote_device_properties_callback: Status is: 0, Properties: 3
01-29 19:26:39.542  3832  3916 I btipc   : LE-REPORT:name:YamahaAV,rssi:-80,0
01-29 19:26:39.543  3832  3916 V BluetoothServiceJni: remote_device_properties_callback: Status is: 0, Properties: 3
01-29 19:26:39.548  3832  3916 I btipc   : LE-REPORT:name:null,rssi:-94
01-29 19:26:39.549  3832  3916 V BluetoothServiceJni: remote_device_properties_callback: Status is: 0, Properties: 2
01-29 19:26:39.592  3832  3916 I btipc   : LE-REPORT:name:null,rssi:-106
01-29 19:26:39.592  3832  3916 V BluetoothServiceJni: remote_device_properties_callback: Status is: 0, Properties: 2
01-29 19:26:39.596  3832  3916 I btipc   : LE-REPORT:name:null,rssi:-100
01-29 19:26:39.596  3832  3916 V BluetoothServiceJni: remote_device_properties_callback: Status is: 0, Properties: 2
01-29 19:26:39.599  3832  3916 I btipc   : LE-REPORT:name:null,rssi:-100
01-29 19:26:39.599  3832  3916 V BluetoothServiceJni: remote_device_properties_callback: Status is: 0, Properties: 2
01-29 19:26:39.642  3832  3916 I btipc   : LE-REPORT:name:YamahaAV,rssi:-80,1
01-29 19:26:39.642  3832  3916 V BluetoothServiceJni: remote_device_properties_callback: Status is: 0, Properties: 3
01-29 19:26:39.693  3832  3916 I btipc   : LE-REPORT:name:null,rssi:-56
01-29 19:26:39.694  3832  3916 V BluetoothServiceJni: remote_device_properties_callback: Status is: 0, Properties: 2
01-29 19:26:39.698  3832  3916 I btipc   : LE-REPORT:name:null,rssi:-56
01-29 19:26:39.698  3832  3916 V BluetoothServiceJni: remote_device_properties_callback: Status is: 0, Properties: 2
01-29 19:26:39.701  3832  3916 I btipc   : LE-REPORT:name:null,rssi:-94
01-29 19:26:39.701  3832  3916 V BluetoothServiceJni: remote_device_properties_callback: Status is: 0, Properties: 2
01-29 19:26:39.704  3832  3916 I btipc   : LE-REPORT:name:null,rssi:-94
01-29 19:26:39.704  3832  3916 V BluetoothServiceJni: remote_device_properties_callback: Status is: 0, Properties: 2
01-29 19:26:39.707  3832  3916 I btipc   : LE-REPORT:name:null,rssi:-94
01-29 19:26:39.707  3832  3916 V BluetoothServiceJni: remote_device_properties_callback: Status is: 0, Properties: 2
01-29 19:26:39.710  3832  3916 I btipc   : LE-REPORT:name:Remo-EEFA90,rssi:-90,1
01-29 19:26:39.710  3832  3916 V BluetoothServiceJni: remote_device_properties_callback: Status is: 0, Properties: 3
01-29 19:26:39.740  3832  3916 I btipc   : LE-REPORT:name:null,rssi:-92
01-29 19:26:39.740  3832  3916 V BluetoothServiceJni: remote_device_properties_callback: Status is: 0, Properties: 2
01-29 19:26:39.743  3832  3916 I btipc   : LE-REPORT:name:null,rssi:-92
01-29 19:26:39.744  3832  3916 V BluetoothServiceJni: remote_device_properties_callback: Status is: 0, Properties: 2
01-29 19:26:39.747  3832  3916 I btipc   : LE-REPORT:name:YamahaAV,rssi:-78,1
01-29 19:26:39.748  3832  3916 V BluetoothServiceJni: remote_device_properties_callback: Status is: 0, Properties: 3
01-29 19:26:39.798  3832  3916 I btipc   : LE-REPORT:name:null,rssi:-80
01-29 19:26:39.798  3832  3916 V BluetoothServiceJni: remote_device_properties_callback: Status is: 0, Properties: 2
01-29 19:26:39.799   685  3187 I /vendor/bin/hw/vendor.qti.hardware.servicetracker@1.1-service: unbindService is called for service : com.google.android.gms/.chimera.PersistentApiService and for client com.google.android.gms
01-29 19:26:39.799   685  3187 I /vendor/bin/hw/vendor.qti.hardware.servicetracker@1.1-service: size of service connections for service: com.google.android.gms/.chimera.PersistentApiServiceafter removal is 2
01-29 19:26:39.799   685  3187 I /vendor/bin/hw/vendor.qti.hardware.servicetracker@1.1-service: size of client connections for client: com.google.android.gmsafter removal is 2
01-29 19:26:39.804  2564  2564 D BoundBrokerSvc: onUnbind: Intent { act=com.google.android.gms.scheduler.ACTION_PROXY_SCHEDULE dat=chimera-action: cmp=com.google.android.gms/.chimera.PersistentApiService }
01-29 19:26:39.838  3832  3916 I btipc   : LE-REPORT:name:null,rssi:-96
01-29 19:26:39.838  3832  3916 V BluetoothServiceJni: remote_device_properties_callback: Status is: 0, Properties: 2
01-29 19:26:39.842  3832  3916 I btipc   : LE-REPORT:name:null,rssi:-100
01-29 19:26:39.842  3832  3916 V BluetoothServiceJni: remote_device_properties_callback: Status is: 0, Properties: 2
01-29 19:26:39.845  3832  3916 I btipc   : LE-REPORT:name:null,rssi:-100
01-29 19:26:39.845  3832  3916 V BluetoothServiceJni: remote_device_properties_callback: Status is: 0, Properties: 2
01-29 19:26:39.898  3832  3916 I btipc   : LE-REPORT:name:null,rssi:-102
01-29 19:26:39.898  3832  3916 V BluetoothServiceJni: remote_device_properties_callback: Status is: 0, Properties: 2
01-29 19:26:39.940  3832  3916 I btipc   : LE-REPORT:name:null,rssi:-90
01-29 19:26:39.940  3832  3916 V BluetoothServiceJni: remote_device_properties_callback: Status is: 0, Properties: 2
01-29 19:26:39.944  3832  3916 I btipc   : LE-REPORT:name:null,rssi:-98
01-29 19:26:39.945  3832  3916 V BluetoothServiceJni: remote_device_properties_callback: Status is: 0, Properties: 2
01-29 19:26:39.948  3832  3916 I btipc   : LE-REPORT:name:null,rssi:-88
01-29 19:26:39.948  3832  3916 V BluetoothServiceJni: remote_device_properties_callback: Status is: 0, Properties: 2
01-29 19:26:39.951  3832  3916 I btipc   : LE-REPORT:name:null,rssi:-100
01-29 19:26:39.951  3832  3916 V BluetoothServiceJni: remote_device_properties_callback: Status is: 0, Properties: 2
01-29 19:26:39.993  3832  3916 I btipc   : LE-REPORT:name:null,rssi:-88
01-29 19:26:39.993  3832  3916 V BluetoothServiceJni: remote_device_properties_callback: Status is: 0, Properties: 2
01-29 19:26:39.997  3832  3916 I btipc   : LE-REPORT:name:null,rssi:-96
01-29 19:26:39.997  3832  3916 V BluetoothServiceJni: remote_device_properties_callback: Status is: 0, Properties: 2
01-29 19:26:40.004  3832  3916 I btipc   : LE-REPORT:name:null,rssi:-88
01-29 19:26:40.004  3832  3916 V BluetoothServiceJni: remote_device_properties_callback: Status is: 0, Properties: 2
01-29 19:26:40.040  3832  3916 I btipc   : LE-REPORT:name:null,rssi:-96
01-29 19:26:40.040  3832  3916 V BluetoothServiceJni: remote_device_properties_callback: Status is: 0, Properties: 2
01-29 19:26:40.045  3832  3916 I btipc   : LE-REPORT:name:null,rssi:-96
01-29 19:26:40.046  3832  3916 V BluetoothServiceJni: remote_device_properties_callback: Status is: 0, Properties: 2
01-29 19:26:40.048  2564  6099 W GCoreUlr: Received locations too frequently.
01-29 19:26:40.049  3832  3916 I btipc   : LE-REPORT:name:null,rssi:-92
01-29 19:26:40.049  3832  3916 V BluetoothServiceJni: remote_device_properties_callback: Status is: 0, Properties: 2
01-29 19:26:40.050  2564  6099 I GCoreUlr: No valid location reports to store
01-29 19:26:40.053  3832  3916 I btipc   : LE-REPORT:name:null,rssi:-102
01-29 19:26:40.053  3832  3916 V BluetoothServiceJni: remote_device_properties_callback: Status is: 0, Properties: 2
01-29 19:26:40.056  3832  3916 I btipc   : LE-REPORT:name:null,rssi:-102
01-29 19:26:40.056  3832  3916 V BluetoothServiceJni: remote_device_properties_callback: Status is: 0, Properties: 2
01-29 19:26:40.088  3832  3916 I btipc   : LE-REPORT:name:null,rssi:-96
01-29 19:26:40.088  3832  3916 V BluetoothServiceJni: remote_device_properties_callback: Status is: 0, Properties: 2
01-29 19:26:40.148  3832  3916 I btipc   : LE-REPORT:name:Remo-EEFA90,rssi:-88,1
01-29 19:26:40.148  3832  3916 V BluetoothServiceJni: remote_device_properties_callback: Status is: 0, Properties: 3
01-29 19:26:40.155  3296  5925 W System.err: java.net.UnknownHostException: Unable to resolve host "query.yahooapis.com": No address associated with hostname
01-29 19:26:40.156  3296  5925 W System.err: 	at java.net.Inet6AddressImpl.lookupHostByName(Inet6AddressImpl.java:156)
01-29 19:26:40.156  3296  5925 W System.err: 	at java.net.Inet6AddressImpl.lookupAllHostAddr(Inet6AddressImpl.java:103)
01-29 19:26:40.157  3296  5925 W System.err: 	at java.net.InetAddress.getAllByName(InetAddress.java:1152)
01-29 19:26:40.157  3296  5925 W System.err: 	at com.android.okhttp.Dns$1.lookup(Dns.java:41)
01-29 19:26:40.157  3296  5925 W System.err: 	at com.android.okhttp.internal.http.RouteSelector.resetNextInetSocketAddress(RouteSelector.java:178)
01-29 19:26:40.157  3296  5925 W System.err: 	at com.android.okhttp.internal.http.RouteSelector.nextProxy(RouteSelector.java:144)
01-29 19:26:40.157  3296  5925 W System.err: 	at com.android.okhttp.internal.http.RouteSelector.next(RouteSelector.java:86)
01-29 19:26:40.157  3296  5925 W System.err: 	at com.android.okhttp.internal.http.StreamAllocation.findConnection(StreamAllocation.java:176)
01-29 19:26:40.157  3296  5925 W System.err: 	at com.android.okhttp.internal.http.StreamAllocation.findHealthyConnection(StreamAllocation.java:128)
01-29 19:26:40.157  3296  5925 W System.err: 	at com.android.okhttp.internal.http.StreamAllocation.newStream(StreamAllocation.java:97)
01-29 19:26:40.157  3296  5925 W System.err: 	at com.android.okhttp.internal.http.HttpEngine.connect(HttpEngine.java:289)
01-29 19:26:40.157  3296  5925 W System.err: 	at com.android.okhttp.internal.http.HttpEngine.sendRequest(HttpEngine.java:232)
01-29 19:26:40.158  3296  5925 W System.err: 	at com.android.okhttp.internal.huc.HttpURLConnectionImpl.execute(HttpURLConnectionImpl.java:465)
01-29 19:26:40.158  3296  5925 W System.err: 	at com.android.okhttp.internal.huc.HttpURLConnectionImpl.getResponse(HttpURLConnectionImpl.java:411)
01-29 19:26:40.158  3296  5925 W System.err: 	at com.android.okhttp.internal.huc.HttpURLConnectionImpl.getResponseCode(HttpURLConnectionImpl.java:542)
01-29 19:26:40.158  3296  5925 W System.err: 	at com.microntek.LoadAsyncTask.doInBackground(LoadAsyncTask.java:55)
01-29 19:26:40.158  3296  5925 W System.err: 	at com.microntek.LoadAsyncTask.doInBackground(LoadAsyncTask.java:21)
01-29 19:26:40.158  3296  5925 W System.err: 	at android.os.AsyncTask$3.call(AsyncTask.java:378)
01-29 19:26:40.158  3296  5925 W System.err: 	at java.util.concurrent.FutureTask.run(FutureTask.java:266)
01-29 19:26:40.158  3296  5925 W System.err: 	at android.os.AsyncTask$SerialExecutor$1.run(AsyncTask.java:289)
01-29 19:26:40.158  3296  5925 W System.err: 	at java.util.concurrent.ThreadPoolExecutor.runWorker(ThreadPoolExecutor.java:1167)
01-29 19:26:40.158  3296  5925 W System.err: 	at java.util.concurrent.ThreadPoolExecutor$Worker.run(ThreadPoolExecutor.java:641)
01-29 19:26:40.158  3296  5925 W System.err: 	at java.lang.Thread.run(Thread.java:919)
01-29 19:26:40.159  3296  5925 W System.err: Caused by: android.system.GaiException: android_getaddrinfo failed: EAI_NODATA (No address associated with hostname)
01-29 19:26:40.159  3296  5925 W System.err: 	at libcore.io.Linux.android_getaddrinfo(Native Method)
01-29 19:26:40.159  3296  5925 W System.err: 	at libcore.io.ForwardingOs.android_getaddrinfo(ForwardingOs.java:74)
01-29 19:26:40.159  3296  5925 W System.err: 	at libcore.io.BlockGuardOs.android_getaddrinfo(BlockGuardOs.java:200)
01-29 19:26:40.159  3296  5925 W System.err: 	at libcore.io.ForwardingOs.android_getaddrinfo(ForwardingOs.java:74)
01-29 19:26:40.159  3296  5925 W System.err: 	at java.net.Inet6AddressImpl.lookupHostByName(Inet6AddressImpl.java:135)
01-29 19:26:40.159  3296  5925 W System.err: 	... 22 more
01-29 19:26:40.190  3832  3916 I btipc   : LE-REPORT:name:null,rssi:-102
01-29 19:26:40.190  3832  3916 V BluetoothServiceJni: remote_device_properties_callback: Status is: 0, Properties: 2
01-29 19:26:40.194  3832  3916 I btipc   : LE-REPORT:name:null,rssi:-102
01-29 19:26:40.194  3832  3916 V BluetoothServiceJni: remote_device_properties_callback: Status is: 0, Properties: 2
01-29 19:26:40.245  3832  3916 I btipc   : LE-REPORT:name:null,rssi:-54
01-29 19:26:40.245  3832  3916 V BluetoothServiceJni: remote_device_properties_callback: Status is: 0, Properties: 2
01-29 19:26:40.249  3832  3916 I btipc   : LE-REPORT:name:null,rssi:-54
01-29 19:26:40.249  3832  3916 V BluetoothServiceJni: remote_device_properties_callback: Status is: 0, Properties: 2
