01-29 19:26:27.148  3832  3916 I btipc   : LE-REPORT:name:null,rssi:-94
01-29 19:26:27.148  3832  3916 V BluetoothServiceJni: remote_device_properties_callback: Status is: 0, Properties: 2
01-29 19:26:27.237  3832  3916 I btipc   : LE-REPORT:name:Remo-EEFA90,rssi:-88,1
01-29 19:26:27.237  3832  3916 V BluetoothServiceJni: remote_device_properties_callback: Status is: 0, Properties: 3
01-29 19:26:27.288  3832  3916 I btipc   : LE-REPORT:name:null,rssi:-94
01-29 19:26:27.288  3832  3916 V BluetoothServiceJni: remote_device_properties_callback: Status is: 0, Properties: 2
01-29 19:26:27.293  3832  3916 I btipc   : LE-REPORT:name:null,rssi:-94
01-29 19:26:27.294  3832  3916 V BluetoothServiceJni: remote_device_properties_callback: Status is: 0, Properties: 2
01-29 19:26:27.345  3832  3916 I btipc   : LE-REPORT:name:null,rssi:-94
01-29 19:26:27.345  3832  3916 V BluetoothServiceJni: remote_device_properties_callback: Status is: 0, Properties: 2
01-29 19:26:27.349  3832  3916 I btipc   : LE-REPORT:name:null,rssi:-94
01-29 19:26:27.349  3832  3916 V BluetoothServiceJni: remote_device_properties_callback: Status is: 0, Properties: 2
01-29 19:26:27.354  3832  3916 I btipc   : LE-REPORT:name:null,rssi:-88
01-29 19:26:27.354  3832  3916 V BluetoothServiceJni: remote_device_properties_callback: Status is: 0, Properties: 2
01-29 19:26:27.357  3832  3916 I btipc   : LE-REPORT:name:null,rssi:-88
01-29 19:26:27.358  3832  3916 V BluetoothServiceJni: remote_device_properties_callback: Status is: 0, Properties: 2
01-29 19:26:27.387  3832  3916 I btipc   : LE-REPORT:name:null,rssi:-90
01-29 19:26:27.387  3832  3916 V BluetoothServiceJni: remote_device_properties_callback: Status is: 0, Properties: 2
01-29 19:26:27.391  3832  3916 I btipc   : LE-REPORT:name:null,rssi:-84
01-29 19:26:27.391  3832  3916 V BluetoothServiceJni: remote_device_properties_callback: Status is: 0, Properties: 2
01-29 19:26:27.395  3832  3916 I btipc   : LE-REPORT:name:null,rssi:-100
01-29 19:26:27.395  3832  3916 V BluetoothServiceJni: remote_device_properties_callback: Status is: 0, Properties: 2
01-29 19:26:27.439  3832  3916 I btipc   : LE-REPORT:name:null,rssi:-102
01-29 19:26:27.439  3832  3916 V BluetoothServiceJni: remote_device_properties_callback: Status is: 0, Properties: 2
01-29 19:26:27.444  3832  3916 I btipc   : LE-REPORT:name:null,rssi:-102
01-29 19:26:27.444  3832  3916 V BluetoothServiceJni: remote_device_properties_callback: Status is: 0, Properties: 2
01-29 19:26:27.492  3832  3916 I btipc   : LE-REPORT:name:null,rssi:-88
01-29 19:26:27.492  3832  3916 V BluetoothServiceJni: remote_device_properties_callback: Status is: 0, Properties: 2
01-29 19:26:27.496  3832  3916 I btipc   : LE-REPORT:name:null,rssi:-90
01-29 19:26:27.496  3832  3916 V BluetoothServiceJni: remote_device_properties_callback: Status is: 0, Properties: 2
01-29 19:26:27.498  3832  3916 I btipc   : LE-REPORT:name:Remo-EEFA90,rssi:-94,1
01-29 19:26:27.499  3832  3916 V BluetoothServiceJni: remote_device_properties_callback: Status is: 0, Properties: 3
01-29 19:26:27.501  3832  3916 I btipc   : LE-REPORT:name:Remo-EEFA90,rssi:-94,0
01-29 19:26:27.501  3832  3916 V BluetoothServiceJni: remote_device_properties_callback: Status is: 0, Properties: 3
01-29 19:26:27.539  3832  3916 I btipc   : LE-REPORT:name:null,rssi:-92
01-29 19:26:27.539  3832  3916 V BluetoothServiceJni: remote_device_properties_callback: Status is: 0, Properties: 2
01-29 19:26:27.570  6454  6461 W dex2oat : Accessing hidden method Landroid/view/WindowInsets$Type;->ime()I (blacklist, linking, denied)
01-29 19:26:27.570  6454  6461 W dex2oat : Accessing hidden method Landroid/view/View;->getWindowInsetsController()Landroid/view/WindowInsetsController; (blacklist, linking, denied)
01-29 19:26:27.570  6454  6461 W dex2oat : Accessing hidden method Landroid/view/WindowInsetsController;->show(I)V (blacklist, linking, denied)
01-29 19:26:27.590  3832  3916 I btipc   : LE-REPORT:name:null,rssi:-94
01-29 19:26:27.590  3832  3916 V BluetoothServiceJni: remote_device_properties_callback: Status is: 0, Properties: 2
01-29 19:26:27.592  3832  3916 I btipc   : LE-REPORT:name:null,rssi:-106
01-29 19:26:27.592  3832  3916 V BluetoothServiceJni: remote_device_properties_callback: Status is: 0, Properties: 2
01-29 19:26:27.642  3832  3916 I btipc   : LE-REPORT:name:null,rssi:-92
01-29 19:26:27.643  3832  3916 V BluetoothServiceJni: remote_device_properties_callback: Status is: 0, Properties: 2
01-29 19:26:27.698  3832  3916 I btipc   : LE-REPORT:name:null,rssi:-92
01-29 19:26:27.698  3832  3916 V BluetoothServiceJni: remote_device_properties_callback: Status is: 0, Properties: 2
01-29 19:26:27.699   685   727 I /vendor/bin/hw/vendor.qti.hardware.servicetracker@1.1-service: unbindService is called for service : com.google.android.gms/.chimera.PersistentBoundBrokerService and for client com.google.android.gms
01-29 19:26:27.699   685   727 I /vendor/bin/hw/vendor.qti.hardware.servicetracker@1.1-service: size of service connections for service: com.google.android.gms/.chimera.PersistentBoundBrokerServiceafter removal is 1
01-29 19:26:27.699   685   727 I /vendor/bin/hw/vendor.qti.hardware.servicetracker@1.1-service: size of client connections for client: com.google.android.gmsafter removal is 3
01-29 19:26:27.701  2564  2564 D BoundBrokerSvc: onUnbind: Intent { act=com.google.android.gms.gmscompliance.service.START dat=chimera-action: cmp=com.google.android.gms/.chimera.PersistentBoundBrokerService }
01-29 19:26:27.736   685   727 I /vendor/bin/hw/vendor.qti.hardware.servicetracker@1.1-service: unbindService is called for service : com.google.android.gms/.chimera.PersistentDirectBootAwareApiService and for client com.google.android.gms
01-29 19:26:27.743   685   727 I /vendor/bin/hw/vendor.qti.hardware.servicetracker@1.1-service: bindService is called for service : com.google.android.gms/.chimera.PersistentDirectBootAwareApiService and for client com.google.android.googlequicksearchbox:search
01-29 19:26:27.744   685   727 I /vendor/bin/hw/vendor.qti.hardware.servicetracker@1.1-service: total connections for service : com.google.android.gms/.chimera.PersistentDirectBootAwareApiServiceare :3
01-29 19:26:27.744   685   727 I /vendor/bin/hw/vendor.qti.hardware.servicetracker@1.1-service: total connections for client : com.google.android.googlequicksearchbox:searchare :6
01-29 19:26:27.764  6454  6462 W dex2oat : Accessing hidden method Landroid/view/WindowInsets;->getInsets(I)Landroid/graphics/Insets; (blacklist, linking, denied)
01-29 19:26:27.841  3832  3916 I btipc   : LE-REPORT:name:null,rssi:-98
01-29 19:26:27.841  3832  3916 V BluetoothServiceJni: remote_device_properties_callback: Status is: 0, Properties: 2
01-29 19:26:27.845  3832  3916 I btipc   : LE-REPORT:name:null,rssi:-98
01-29 19:26:27.845  3832  3916 V BluetoothServiceJni: remote_device_properties_callback: Status is: 0, Properties: 2
01-29 19:26:27.893  3832  3916 I btipc   : LE-REPORT:name:null,rssi:-94
01-29 19:26:27.893  3832  3916 V BluetoothServiceJni: remote_device_properties_callback: Status is: 0, Properties: 2
01-29 19:26:27.896  3832  3916 I btipc   : LE-REPORT:name:null,rssi:-92
01-29 19:26:27.896  3832  3916 V BluetoothServiceJni: remote_device_properties_callback: Status is: 0, Properties: 2
01-29 19:26:27.922   685   727 I /vendor/bin/hw/vendor.qti.hardware.servicetracker@1.1-service: bindService is called for service : com.google.android.gms/.chimera.PersistentDirectBootAwareApiService and for client com.google.android.googlequicksearchbox:interactor
01-29 19:26:27.922   685   727 I /vendor/bin/hw/vendor.qti.hardware.servicetracker@1.1-service: total connections for service : com.google.android.gms/.chimera.PersistentDirectBootAwareApiServiceare :4
01-29 19:26:27.922   685   727 I /vendor/bin/hw/vendor.qti.hardware.servicetracker@1.1-service: total connections for client : com.google.android.googlequicksearchbox:interactorare :1
01-29 19:26:27.925  3832  4034 I BtGatt.ScanManager: msg.what = 6
01-29 19:26:27.994  3832  3916 I btipc   : LE-REPORT:name:null,rssi:-98
01-29 19:26:27.995  3832  3916 V BluetoothServiceJni: remote_device_properties_callback: Status is: 0, Properties: 2
01-29 19:26:28.033   685   727 I /vendor/bin/hw/vendor.qti.hardware.servicetracker@1.1-service: unbindService is called for service : com.google.android.gms/.chimera.GmsInternalApiService and for client com.google.android.gms
01-29 19:26:28.033   685   727 I /vendor/bin/hw/vendor.qti.hardware.servicetracker@1.1-service: size of service connections for service: com.google.android.gms/.chimera.GmsInternalApiServiceafter removal is 1
01-29 19:26:28.033   685   727 I /vendor/bin/hw/vendor.qti.hardware.servicetracker@1.1-service: size of client connections for client: com.google.android.gmsafter removal is 2
01-29 19:26:28.037  3080  3080 D BoundBrokerSvc: onUnbind: Intent { act=com.google.android.gms.ocr.service.internal.START dat=chimera-action: cmp=com.google.android.gms/.chimera.GmsInternalApiService }
01-29 19:26:28.038  3832  3916 I btipc   : LE-REPORT:name:YamahaAV,rssi:-84,1
01-29 19:26:28.039  3832  3916 V BluetoothServiceJni: remote_device_properties_callback: Status is: 0, Properties: 3
01-29 19:26:28.088  3832  3916 I btipc   : LE-REPORT:name:null,rssi:-88
01-29 19:26:28.088  3832  3916 V BluetoothServiceJni: remote_device_properties_callback: Status is: 0, Properties: 2
01-29 19:26:28.091  3832  3916 I btipc   : LE-REPORT:name:null,rssi:-90
01-29 19:26:28.091  3832  3916 V BluetoothServiceJni: remote_device_properties_callback: Status is: 0, Properties: 2
01-29 19:26:28.093  3832  3916 I btipc   : LE-REPORT:name:null,rssi:-90
01-29 19:26:28.093  3832  3916 V BluetoothServiceJni: remote_device_properties_callback: Status is: 0, Properties: 2
01-29 19:26:28.095  3832  3916 I btipc   : LE-REPORT:name:null,rssi:-96
01-29 19:26:28.095  3832  3916 V BluetoothServiceJni: remote_device_properties_callback: Status is: 0, Properties: 2
01-29 19:26:28.138  3832  3916 I btipc   : LE-REPORT:name:null,rssi:-54
01-29 19:26:28.138  3832  3916 V BluetoothServiceJni: remote_device_properties_callback: Status is: 0, Properties: 2
01-29 19:26:28.140  3832  3916 I btipc   : LE-REPORT:name:null,rssi:-90
01-29 19:26:28.140  3832  3916 V BluetoothServiceJni: remote_device_properties_callback: Status is: 0, Properties: 2
01-29 19:26:28.142  3832  3916 I btipc   : LE-REPORT:name:YamahaAV,rssi:-80,1
01-29 19:26:28.143  3832  3916 V BluetoothServiceJni: remote_device_properties_callback: Status is: 0, Properties: 3
01-29 19:26:28.188  3832  3916 I btipc   : LE-REPORT:name:WM2,rssi:-104,1
01-29 19:26:28.188  3832  3916 V BluetoothServiceJni: remote_device_properties_callback: Status is: 0, Properties: 3
01-29 19:26:28.199  3832  3916 I btipc   : LE-REPORT:name:null,rssi:-94
01-29 19:26:28.199  3832  3916 V BluetoothServiceJni: remote_device_properties_callback: Status is: 0, Properties: 2
01-29 19:26:28.236  6454  6454 I dex2oat : dex2oat took 1.522s (4.970s cpu) (threads: 8) arena alloc=0B (0B) java alloc=9335KB (9559880B) native alloc=6377KB (6531040B) free=1126KB (1153056B)
01-29 19:26:28.243  3832  3916 I btipc   : LE-REPORT:name:YamahaAV,rssi:-78,1
01-29 19:26:28.243  3832  3916 V BluetoothServiceJni: remote_device_properties_callback: Status is: 0, Properties: 3
01-29 19:26:28.248  3832  3916 I btipc   : LE-REPORT:name:null,rssi:-92
01-29 19:26:28.248  3832  3916 V BluetoothServiceJni: remote_device_properties_callback: Status is: 0, Properties: 2
01-29 19:26:28.254   947   947 V installd: DexInv: --- END '/data/app/com.android.chrome-9ZSq4jhZMtFPjjtRF3D4WQ==/split_chrome.apk' (success) ---
01-29 19:26:28.298  3832  3916 I btipc   : LE-REPORT:name:null,rssi:-98
01-29 19:26:28.299  3832  3916 V BluetoothServiceJni: remote_device_properties_callback: Status is: 0, Properties: 2
01-29 19:26:28.343  3832  3916 I btipc   : LE-REPORT:name:null,rssi:-90
01-29 19:26:28.343  3832  3916 V BluetoothServiceJni: remote_device_properties_callback: Status is: 0, Properties: 2
01-29 19:26:28.347  3832  3916 I btipc   : LE-REPORT:name:Remo-EEFA90,rssi:-98,1
01-29 19:26:28.347  3832  3916 V BluetoothServiceJni: remote_device_properties_callback: Status is: 0, Properties: 3
01-29 19:26:28.350  3832  3916 I btipc   : LE-REPORT:name:YamahaAV,rssi:-82,1
01-29 19:26:28.350  3832  3916 V BluetoothServiceJni: remote_device_properties_callback: Status is: 0, Properties: 3
01-29 19:26:28.402  1278  6303 W system_server: Could not open dex files from location: /data/app/com.google.android.trichromelibrary_541411833-lK3-p1wZGwXOdgEL3U-5IA==/base.apk
01-29 19:26:28.404  1278  6303 I PackageManager.DexOptimizer: Running dexopt (dexoptNeeded=1) on: /data/app/com.android.chrome-9ZSq4jhZMtFPjjtRF3D4WQ==/split_chrome.apk pkg=com.android.chrome isa=arm64 dexoptFlags=boot_complete,public,enable_hidden_api_checks targetFilter=verify oatDir=/data/app/com.android.chrome-9ZSq4jhZMtFPjjtRF3D4WQ==/oat classLoaderContext=PCL[];PCL[base.apk]{PCL[/data/app/com.google.android.trichromelibrary_541411833-lK3-p1wZGwXOdgEL3U-5IA==/base.apk]}
01-29 19:26:28.405   947   947 V installd: DexInv: --- BEGIN '/data/app/com.android.chrome-9ZSq4jhZMtFPjjtRF3D4WQ==/split_chrome.apk' ---
01-29 19:26:28.449  3832  3916 I btipc   : LE-REPORT:name:null,rssi:-88
01-29 19:26:28.450  3832  3916 V BluetoothServiceJni: remote_device_properties_callback: Status is: 0, Properties: 2
01-29 19:26:28.458  6468  6468 I dex2oat : /apex/com.android.runtime/bin/dex2oat --input-vdex-fd=-1 --output-vdex-fd=11 --resolve-startup-const-strings=true --max-image-block-size=524288 --compiler-filter=verify --classpath-dir=/data/app/com.android.chrome-9ZSq4jhZMtFPjjtRF3D4WQ== --class-loader-context=PCL[];PCL[base.apk]{PCL[/data/app/com.google.android.trichromelibrary_541411833-lK3-p1wZGwXOdgEL3U-5IA==/base.apk]} --generate-mini-debug-info --compact-dex-level=none --compilation-reason=boot
01-29 19:26:28.462  6468  6468 I dex2oat : setting boot class path to /apex/com.android.runtime/javalib/core-oj.jar:/apex/com.android.runtime/javalib/core-libart.jar:/apex/com.android.runtime/javalib/okhttp.jar:/apex/com.android.runtime/javalib/bouncycastle.jar:/apex/com.android.runtime/javalib/apache-xml.jar:/system/framework/framework.jar:/system/framework/ext.jar:/system/framework/telephony-common.jar:/system/framework/voip-common.jar:/system/framework/ims-common.jar:/system/framework/android.test.base.jar:/system/framework/tcmiface.jar:/system/framework/telephony-ext.jar:/system/framework/com.nxp.nfc.nq.jar:/system/framework/QPerformance.jar:/system/framework/UxPerformance.jar:/system/framework/WfdCommon.jar
01-29 19:26:28.463  6468  6468 W dex2oat : Could not reserve sentinel fault page
01-29 19:26:28.499  3832  3916 I btipc   : LE-REPORT:name:null,rssi:-94
01-29 19:26:28.499  3832  3916 V BluetoothServiceJni: remote_device_properties_callback: Status is: 0, Properties: 2
01-29 19:26:28.542  3832  3916 I btipc   : LE-REPORT:name:null,rssi:-90
01-29 19:26:28.543  3832  3916 V BluetoothServiceJni: remote_device_properties_callback: Status is: 0, Properties: 2
01-29 19:26:28.602  6468  6468 W dex2oat : Could not open dex files from location: /data/app/com.google.android.trichromelibrary_541411833-lK3-p1wZGwXOdgEL3U-5IA==/base.apk
01-29 19:26:28.602  6468  6468 W dex2oat : Failed to open classpath dex files
01-29 19:26:28.638  3832  3916 I btipc   : LE-REPORT:name:null,rssi:-100
01-29 19:26:28.638  3832  3916 V BluetoothServiceJni: remote_device_properties_callback: Status is: 0, Properties: 2
01-29 19:26:28.641  3832  3916 I btipc   : LE-REPORT:name:null,rssi:-90
01-29 19:26:28.641  3832  3916 V BluetoothServiceJni: remote_device_properties_callback: Status is: 0, Properties: 2
01-29 19:26:28.645  3832  3916 I btipc   : LE-REPORT:name:null,rssi:-106
01-29 19:26:28.645  3832  3916 V BluetoothServiceJni: remote_device_properties_callback: Status is: 0, Properties: 2
01-29 19:26:28.748  3832  3916 I btipc   : LE-REPORT:name:null,rssi:-94
01-29 19:26:28.748  3832  3916 V BluetoothServiceJni: remote_device_properties_callback: Status is: 0, Properties: 2
01-29 19:26:28.752  3832  3916 I btipc   : LE-REPORT:name:null,rssi:-94
01-29 19:26:28.752  3832  3916 V BluetoothServiceJni: remote_device_properties_callback: Status is: 0, Properties: 2
01-29 19:26:28.797  3832  3916 I btipc   : LE-REPORT:name:null,rssi:-92
01-29 19:26:28.797  3832  3916 V BluetoothServiceJni: remote_device_properties_callback: Status is: 0, Properties: 2
01-29 19:26:28.845  3832  3916 I btipc   : LE-REPORT:name:null,rssi:-90
01-29 19:26:28.845  3832  3916 V BluetoothServiceJni: remote_device_properties_callback: Status is: 0, Properties: 2
01-29 19:26:28.849  3832  3916 I btipc   : LE-REPORT:name:null,rssi:-90
01-29 19:26:28.849  3832  3916 V BluetoothServiceJni: remote_device_properties_callback: Status is: 0, Properties: 2
01-29 19:26:28.852  3832  3916 I btipc   : LE-REPORT:name:null,rssi:-94
01-29 19:26:28.852  3832  3916 V BluetoothServiceJni: remote_device_properties_callback: Status is: 0, Properties: 2
01-29 19:26:28.947  3832  3916 I btipc   : LE-REPORT:name:null,rssi:-100
01-29 19:26:28.947  3832  3916 V BluetoothServiceJni: remote_device_properties_callback: Status is: 0, Properties: 2
01-29 19:26:29.038  3832  3916 I btipc   : LE-REPORT:name:null,rssi:-84
01-29 19:26:29.038  3832  3916 V BluetoothServiceJni: remote_device_properties_callback: Status is: 0, Properties: 2
01-29 19:26:29.041  3832  3916 I btipc   : LE-REPORT:name:null,rssi:-84
01-29 19:26:29.041  3832  3916 V BluetoothServiceJni: remote_device_properties_callback: Status is: 0, Properties: 2
01-29 19:26:29.087  3832  3916 I btipc   : LE-REPORT:name:null,rssi:-96
01-29 19:26:29.087  3832  3916 V BluetoothServiceJni: remote_device_properties_callback: Status is: 0, Properties: 2
01-29 19:26:29.090  3832  3916 I btipc   : LE-REPORT:name:null,rssi:-92
01-29 19:26:29.091  3832  3916 V BluetoothServiceJni: remote_device_properties_callback: Status is: 0, Properties: 2
01-29 19:26:29.095  3832  3916 I btipc   : LE-REPORT:name:null,rssi:-102
01-29 19:26:29.095  3832  3916 V BluetoothServiceJni: remote_device_properties_callback: Status is: 0, Properties: 2
01-29 19:26:29.098  3832  3916 I btipc   : LE-REPORT:name:null,rssi:-102
01-29 19:26:29.098  3832  3916 V BluetoothServiceJni: remote_device_properties_callback: Status is: 0, Properties: 2
01-29 19:26:29.143  3832  3916 I btipc   : LE-REPORT:name:Remo-EEFA90,rssi:-92,1
01-29 19:26:29.143  3832  3916 V BluetoothServiceJni: remote_device_properties_callback: Status is: 0, Properties: 3
01-29 19:26:29.237  3832  3916 I btipc   : LE-REPORT:name:null,rssi:-94
01-29 19:26:29.237  3832  3916 V BluetoothServiceJni: remote_device_properties_callback: Status is: 0, Properties: 2
01-29 19:26:29.240  3832  3916 I btipc   : LE-REPORT:name:null,rssi:-102
01-29 19:26:29.240  3832  3916 V BluetoothServiceJni: remote_device_properties_callback: Status is: 0, Properties: 2
01-29 19:26:29.245  3832  3916 I btipc   : LE-REPORT:name:null,rssi:-96
01-29 19:26:29.245  3832  3916 V BluetoothServiceJni: remote_device_properties_callback: Status is: 0, Properties: 2
01-29 19:26:29.282  6468  6476 W dex2oat : Accessing hidden method Landroid/view/WindowInsets$Type;->ime()I (blacklist, linking, denied)
01-29 19:26:29.282  6468  6476 W dex2oat : Accessing hidden method Landroid/view/View;->getWindowInsetsController()Landroid/view/WindowInsetsController; (blacklist, linking, denied)
01-29 19:26:29.283  6468  6476 W dex2oat : Accessing hidden method Landroid/view/WindowInsetsController;->show(I)V (blacklist, linking, denied)
01-29 19:26:29.288  3832  3916 I btipc   : LE-REPORT:name:null,rssi:-90
01-29 19:26:29.288  3832  3916 V BluetoothServiceJni: remote_device_properties_callback: Status is: 0, Properties: 2
01-29 19:26:29.337  3832  3916 I btipc   : LE-REPORT:name:Remo-EEFA90,rssi:-88,1
01-29 19:26:29.338  3832  3916 V BluetoothServiceJni: remote_device_properties_callback: Status is: 0, Properties: 3
01-29 19:26:29.340  3832  3916 I btipc   : LE-REPORT:name:Remo-EEFA90,rssi:-90,0
01-29 19:26:29.340  3832  3916 V BluetoothServiceJni: remote_device_properties_callback: Status is: 0, Properties: 3
01-29 19:26:29.395  3832  3916 I btipc   : LE-REPORT:name:null,rssi:-96
01-29 19:26:29.395  3832  3916 V BluetoothServiceJni: remote_device_properties_callback: Status is: 0, Properties: 2
01-29 19:26:29.449  3832  3916 I btipc   : LE-REPORT:name:null,rssi:-88
01-29 19:26:29.449  3832  3916 V BluetoothServiceJni: remote_device_properties_callback: Status is: 0, Properties: 2
01-29 19:26:29.485  6468  6477 W dex2oat : Accessing hidden method Landroid/view/WindowInsets;->getInsets(I)Landroid/graphics/Insets; (blacklist, linking, denied)
01-29 19:26:29.496  3832  3916 I btipc   : LE-REPORT:name:null,rssi:-92
01-29 19:26:29.496  3832  3916 V BluetoothServiceJni: remote_device_properties_callback: Status is: 0, Properties: 2
01-29 19:26:29.537  3832  3916 I btipc   : LE-REPORT:name:null,rssi:-94
01-29 19:26:29.537  3832  3916 V BluetoothServiceJni: remote_device_properties_callback: Status is: 0, Properties: 2
01-29 19:26:29.541  3832  3916 I btipc   : LE-REPORT:name:null,rssi:-96
01-29 19:26:29.541  3832  3916 V BluetoothServiceJni: remote_device_properties_callback: Status is: 0, Properties: 2
01-29 19:26:29.545  3832  3916 I btipc   : LE-REPORT:name:null,rssi:-104
01-29 19:26:29.545  3832  3916 V BluetoothServiceJni: remote_device_properties_callback: Status is: 0, Properties: 2
01-29 19:26:29.592  3832  3916 I btipc   : LE-REPORT:name:null,rssi:-82
01-29 19:26:29.592  3832  3916 V BluetoothServiceJni: remote_device_properties_callback: Status is: 0, Properties: 2
01-29 19:26:29.596  3832  3916 I btipc   : LE-REPORT:name:null,rssi:-96
01-29 19:26:29.596  3832  3916 V BluetoothServiceJni: remote_device_properties_callback: Status is: 0, Properties: 2
01-29 19:26:29.599  3832  3916 I btipc   : LE-REPORT:name:null,rssi:-94
01-29 19:26:29.599  3832  3916 V BluetoothServiceJni: remote_device_properties_callback: Status is: 0, Properties: 2
01-29 19:26:29.687  3832  3916 I btipc   : LE-REPORT:name:null,rssi:-92
01-29 19:26:29.688  3832  3916 V BluetoothServiceJni: remote_device_properties_callback: Status is: 0, Properties: 2
01-29 19:26:29.692  3832  3916 I btipc   : LE-REPORT:name:YamahaAV,rssi:-76,1
01-29 19:26:29.693  3832  3916 V BluetoothServiceJni: remote_device_properties_callback: Status is: 0, Properties: 3
01-29 19:26:29.791  3832  3916 I btipc   : LE-REPORT:name:YamahaAV,rssi:-78,1
01-29 19:26:29.791  3832  3916 V BluetoothServiceJni: remote_device_properties_callback: Status is: 0, Properties: 3
01-29 19:26:29.793  3832  3916 I btipc   : LE-REPORT:name:Remo-EEFA90,rssi:-90,1
01-29 19:26:29.793  3832  3916 V BluetoothServiceJni: remote_device_properties_callback: Status is: 0, Properties: 3
01-29 19:26:29.796  3832  3916 I btipc   : LE-REPORT:name:null,rssi:-92
01-29 19:26:29.796  3832  3916 V BluetoothServiceJni: remote_device_properties_callback: Status is: 0, Properties: 2
01-29 19:26:29.890  3832  3916 I btipc   : LE-REPORT:name:YamahaAV,rssi:-80,1
01-29 19:26:29.890  3832  3916 V BluetoothServiceJni: remote_device_properties_callback: Status is: 0, Properties: 3
01-29 19:26:29.894  3832  3916 I btipc   : LE-REPORT:name:null,rssi:-96
01-29 19:26:29.894  3832  3916 V BluetoothServiceJni: remote_device_properties_callback: Status is: 0, Properties: 2
01-29 19:26:29.897  3832  3916 I btipc   : LE-REPORT:name:null,rssi:-74
01-29 19:26:29.897  3832  3916 V BluetoothServiceJni: remote_device_properties_callback: Status is: 0, Properties: 2
01-29 19:26:29.899  3832  3916 I btipc   : LE-REPORT:name:null,rssi:-86
01-29 19:26:29.899  3832  3916 V BluetoothServiceJni: remote_device_properties_callback: Status is: 0, Properties: 2
01-29 19:26:29.994  3832  3916 I btipc   : LE-REPORT:name:null,rssi:-100
01-29 19:26:29.994  3832  3916 V BluetoothServiceJni: remote_device_properties_callback: Status is: 0, Properties: 2
01-29 19:26:29.996  6468  6468 I dex2oat : dex2oat took 1.541s (5.270s cpu) (threads: 8) arena alloc=0B (0B) java alloc=15MB (16011064B) native alloc=8299KB (8498176B) free=1197KB (1225728B)
01-29 19:26:29.997  3832  3916 I btipc   : LE-REPORT:name:null,rssi:-100
01-29 19:26:29.997  3832  3916 V BluetoothServiceJni: remote_device_properties_callback: Status is: 0, Properties: 2
01-29 19:26:30.002  3832  3916 I btipc   : LE-REPORT:name:Remo-EEFA90,rssi:-98,1
01-29 19:26:30.003  3832  3916 V BluetoothServiceJni: remote_device_properties_callback: Status is: 0, Properties: 3
01-29 19:26:30.004  3832  3916 I btipc   : LE-REPORT:name:Remo-EEFA90,rssi:-100,0
01-29 19:26:30.005  3832  3916 V BluetoothServiceJni: remote_device_properties_callback: Status is: 0, Properties: 3
01-29 19:26:30.021   947   947 V installd: DexInv: --- END '/data/app/com.android.chrome-9ZSq4jhZMtFPjjtRF3D4WQ==/split_chrome.apk' (success) ---
01-29 19:26:30.038  2564  6102 W GCoreUlr: Received locations too frequently.
01-29 19:26:30.039  2564  6102 I GCoreUlr: No valid location reports to store
01-29 19:26:30.049  1977  1977 I BoxServerDebug: ===mDebugCount=7
01-29 19:26:30.140  3832  3916 I btipc   : LE-REPORT:name:null,rssi:-100
01-29 19:26:30.141  3832  3916 V BluetoothServiceJni: remote_device_properties_callback: Status is: 0, Properties: 2
01-29 19:26:30.144  3832  3916 I btipc   : LE-REPORT:name:null,rssi:-84
01-29 19:26:30.144  3832  3916 V BluetoothServiceJni: remote_device_properties_callback: Status is: 0, Properties: 2
01-29 19:26:30.171  4027  4237 I Finsky  : [245] icx.run(13): Stats for Executor: BlockingExecutor kwd@fae85dd[Running, pool size = 5, active threads = 0, queued tasks = 0, completed tasks = 47]
01-29 19:26:30.172  4027  4237 I Finsky  : [245] icx.run(13): Stats for Executor: LightweightExecutor kwd@68552[Running, pool size = 4, active threads = 0, queued tasks = 0, completed tasks = 565]
01-29 19:26:30.189  3832  3916 I btipc   : LE-REPORT:name:Remo-EEFA90,rssi:-98,1
01-29 19:26:30.189  3832  3916 V BluetoothServiceJni: remote_device_properties_callback: Status is: 0, Properties: 3
01-29 19:26:30.193  3832  3916 I btipc   : LE-REPORT:name:null,rssi:-96
01-29 19:26:30.194  3832  3916 V BluetoothServiceJni: remote_device_properties_callback: Status is: 0, Properties: 2
01-29 19:26:30.244  3832  3916 I btipc   : LE-REPORT:name:null,rssi:-96
01-29 19:26:30.245  3832  3916 V BluetoothServiceJni: remote_device_properties_callback: Status is: 0, Properties: 2
01-29 19:26:30.290  3832  3916 I btipc   : LE-REPORT:name:null,rssi:-102
01-29 19:26:30.290  3832  3916 V BluetoothServiceJni: remote_device_properties_callback: Status is: 0, Properties: 2
01-29 19:26:30.344  3832  3916 I btipc   : LE-REPORT:name:null,rssi:-94
01-29 19:26:30.344  3832  3916 V BluetoothServiceJni: remote_device_properties_callback: Status is: 0, Properties: 2
01-29 19:26:30.347  3832  3916 I btipc   : LE-REPORT:name:null,rssi:-94
01-29 19:26:30.348  3832  3916 V BluetoothServiceJni: remote_device_properties_callback: Status is: 0, Properties: 2
01-29 19:26:30.391  3832  3916 I btipc   : LE-REPORT:name:null,rssi:-94
01-29 19:26:30.391  3832  3916 V BluetoothServiceJni: remote_device_properties_callback: Status is: 0, Properties: 2
01-29 19:26:30.394  3832  3916 I btipc   : LE-REPORT:name:Remo-EEFA90,rssi:-90,1
01-29 19:26:30.394  3832  3916 V BluetoothServiceJni: remote_device_properties_callback: Status is: 0, Properties: 3
01-29 19:26:30.464  3296  5925 W System.err: java.net.UnknownHostException: Unable to resolve host "query.yahooapis.com": No address associated with hostname
01-29 19:26:30.464  3296  5925 W System.err: 	at java.net.Inet6AddressImpl.lookupHostByName(Inet6AddressImpl.java:156)
01-29 19:26:30.465  3296  5925 W System.err: 	at java.net.Inet6AddressImpl.lookupAllHostAddr(Inet6AddressImpl.java:103)
01-29 19:26:30.465  3296  5925 W System.err: 	at java.net.InetAddress.getAllByName(InetAddress.java:1152)
01-29 19:26:30.465  1278  1924 I WifiService: startScan uid=1000
01-29 19:26:30.465  3296  5925 W System.err: 	at com.android.okhttp.Dns$1.lookup(Dns.java:41)
01-29 19:26:30.465  3296  5925 W System.err: 	at com.android.okhttp.internal.http.RouteSelector.resetNextInetSocketAddress(RouteSelector.java:178)
01-29 19:26:30.465  3296  5925 W System.err: 	at com.android.okhttp.internal.http.RouteSelector.nextProxy(RouteSelector.java:144)
01-29 19:26:30.465  3296  5925 W System.err: 	at com.android.okhttp.internal.http.RouteSelector.next(RouteSelector.java:86)
01-29 19:26:30.465  3296  5925 W System.err: 	at com.android.okhttp.internal.http.StreamAllocation.findConnection(StreamAllocation.java:176)
01-29 19:26:30.465  3296  5925 W System.err: 	at com.android.okhttp.internal.http.StreamAllocation.findHealthyConnection(StreamAllocation.java:128)
01-29 19:26:30.465  3296  5925 W System.err: 	at com.android.okhttp.internal.http.StreamAllocation.newStream(StreamAllocation.java:97)
01-29 19:26:30.465  3296  5925 W System.err: 	at com.android.okhttp.internal.http.HttpEngine.connect(HttpEngine.java:289)
01-29 19:26:30.465  3296  5925 W System.err: 	at com.android.okhttp.internal.http.HttpEngine.sendRequest(HttpEngine.java:232)
01-29 19:26:30.465  3296  5925 W System.err: 	at com.android.okhttp.internal.huc.HttpURLConnectionImpl.execute(HttpURLConnectionImpl.java:465)
01-29 19:26:30.465  3296  5925 W System.err: 	at com.android.okhttp.internal.huc.HttpURLConnectionImpl.getResponse(HttpURLConnectionImpl.java:411)
01-29 19:26:30.465  3296  5925 W System.err: 	at com.android.okhttp.internal.huc.HttpURLConnectionImpl.getResponseCode(HttpURLConnectionImpl.java:542)
01-29 19:26:30.466  3296  5925 W System.err: 	at com.microntek.LoadAsyncTask.doInBackground(LoadAsyncTask.java:55)
01-29 19:26:30.466  3296  5925 W System.err: 	at com.microntek.LoadAsyncTask.doInBackground(LoadAsyncTask.java:21)
01-29 19:26:30.466  3296  5925 W System.err: 	at android.os.AsyncTask$3.call(AsyncTask.java:378)
01-29 19:26:30.466  3296  5925 W System.err: 	at java.util.concurrent.FutureTask.run(FutureTask.java:266)
01-29 19:26:30.466  3296  5925 W System.err: 	at android.os.AsyncTask$SerialExecutor$1.run(AsyncTask.java:289)
01-29 19:26:30.466  3296  5925 W System.err: 	at java.util.concurrent.ThreadPoolExecutor.runWorker(ThreadPoolExecutor.java:1167)
01-29 19:26:30.466  3296  5925 W System.err: 	at java.util.concurrent.ThreadPoolExecutor$Worker.run(ThreadPoolExecutor.java:641)
01-29 19:26:30.466  3296  5925 W System.err: 	at java.lang.Thread.run(Thread.java:919)
01-29 19:26:30.467  3296  5925 W System.err: Caused by: android.system.GaiException: android_getaddrinfo failed: EAI_NODATA (No address associated with hostname)
01-29 19:26:30.467  3296  5925 W System.err: 	at libcore.io.Linux.android_getaddrinfo(Native Method)
01-29 19:26:30.467  3296  5925 W System.err: 	at libcore.io.ForwardingOs.android_getaddrinfo(ForwardingOs.java:74)
01-29 19:26:30.467  3296  5925 W System.err: 	at libcore.io.BlockGuardOs.android_getaddrinfo(BlockGuardOs.java:200)
01-29 19:26:30.467  3296  5925 W System.err: 	at libcore.io.ForwardingOs.android_getaddrinfo(ForwardingOs.java:74)
01-29 19:26:30.467  3296  5925 W System.err: 	at java.net.Inet6AddressImpl.lookupHostByName(Inet6AddressImpl.java:135)
01-29 19:26:30.467  3296  5925 W System.err: 	... 22 more
01-29 19:26:30.588  3832  3916 I btipc   : LE-REPORT:name:null,rssi:-100
01-29 19:26:30.589  3832  3916 V BluetoothServiceJni: remote_device_properties_callback: Status is: 0, Properties: 2
01-29 19:26:30.593  3832  3916 I btipc   : LE-REPORT:name:null,rssi:-100
01-29 19:26:30.593  3832  3916 V BluetoothServiceJni: remote_device_properties_callback: Status is: 0, Properties: 2
01-29 19:26:30.596  3832  3916 I btipc   : LE-REPORT:name:null,rssi:-94
01-29 19:26:30.596  3832  3916 V BluetoothServiceJni: remote_device_properties_callback: Status is: 0, Properties: 2
01-29 19:26:30.615  1278  6303 W system_server: Could not open dex files from location: /data/app/com.google.android.trichromelibrary_541411833-lK3-p1wZGwXOdgEL3U-5IA==/base.apk
01-29 19:26:30.618  1278  6303 I PackageManager.DexOptimizer: Running dexopt (dexoptNeeded=1) on: /data/app/com.android.chrome-9ZSq4jhZMtFPjjtRF3D4WQ==/split_feedv2.apk pkg=com.android.chrome isa=arm dexoptFlags=boot_complete,public,enable_hidden_api_checks targetFilter=verify oatDir=/data/app/com.android.chrome-9ZSq4jhZMtFPjjtRF3D4WQ==/oat classLoaderContext=PCL[];PCL[split_chrome.apk];PCL[base.apk]{PCL[/data/app/com.google.android.trichromelibrary_541411833-lK3-p1wZGwXOdgEL3U-5IA==/base.apk]}
01-29 19:26:30.618   947   947 V installd: DexInv: --- BEGIN '/data/app/com.android.chrome-9ZSq4jhZMtFPjjtRF3D4WQ==/split_feedv2.apk' ---
01-29 19:26:30.640  3832  3916 I btipc   : LE-REPORT:name:null,rssi:-90
01-29 19:26:30.640  3832  3916 V BluetoothServiceJni: remote_device_properties_callback: Status is: 0, Properties: 2
01-29 19:26:30.647  6488  6488 I dex2oat : /apex/com.android.runtime/bin/dex2oat --input-vdex-fd=-1 --output-vdex-fd=11 --resolve-startup-const-strings=true --max-image-block-size=524288 --compiler-filter=verify --classpath-dir=/data/app/com.android.chrome-9ZSq4jhZMtFPjjtRF3D4WQ== --class-loader-context=PCL[];PCL[split_chrome.apk];PCL[base.apk]{PCL[/data/app/com.google.android.trichromelibrary_541411833-lK3-p1wZGwXOdgEL3U-5IA==/base.apk]} --generate-mini-debug-info --compact-dex-level=none --compilation-reason=boot
01-29 19:26:30.651  6488  6488 I dex2oat : setting boot class path to /apex/com.android.runtime/javalib/core-oj.jar:/apex/com.android.runtime/javalib/core-libart.jar:/apex/com.android.runtime/javalib/okhttp.jar:/apex/com.android.runtime/javalib/bouncycastle.jar:/apex/com.android.runtime/javalib/apache-xml.jar:/system/framework/framework.jar:/system/framework/ext.jar:/system/framework/telephony-common.jar:/system/framework/voip-common.jar:/system/framework/ims-common.jar:/system/framework/android.test.base.jar:/system/framework/tcmiface.jar:/system/framework/telephony-ext.jar:/system/framework/com.nxp.nfc.nq.jar:/system/framework/QPerformance.jar:/system/framework/UxPerformance.jar:/system/framework/WfdCommon.jar
01-29 19:26:30.695  3832  3916 I btipc   : LE-REPORT:name:null,rssi:-82
01-29 19:26:30.695  3832  3916 V BluetoothServiceJni: remote_device_properties_callback: Status is: 0, Properties: 2
01-29 19:26:30.738  3832  3916 I btipc   : LE-REPORT:name:null,rssi:-102
01-29 19:26:30.738  3832  3916 V BluetoothServiceJni: remote_device_properties_callback: Status is: 0, Properties: 2
01-29 19:26:30.742  3832  3916 I btipc   : LE-REPORT:name:null,rssi:-92
01-29 19:26:30.743  3832  3916 V BluetoothServiceJni: remote_device_properties_callback: Status is: 0, Properties: 2
01-29 19:26:30.746  3832  3916 I btipc   : LE-REPORT:name:null,rssi:-90
01-29 19:26:30.746  3832  3916 V BluetoothServiceJni: remote_device_properties_callback: Status is: 0, Properties: 2
01-29 19:26:30.749  3832  3916 I btipc   : LE-REPORT:name:null,rssi:-94
01-29 19:26:30.750  3832  3916 V BluetoothServiceJni: remote_device_properties_callback: Status is: 0, Properties: 2
01-29 19:26:30.798  3832  3916 I btipc   : LE-REPORT:name:null,rssi:-98
01-29 19:26:30.798  3832  3916 V BluetoothServiceJni: remote_device_properties_callback: Status is: 0, Properties: 2
01-29 19:26:30.838  3832  3916 I btipc   : LE-REPORT:name:null,rssi:-92
01-29 19:26:30.838  3832  3916 V BluetoothServiceJni: remote_device_properties_callback: Status is: 0, Properties: 2
01-29 19:26:30.846  3832  3916 I btipc   : LE-REPORT:name:null,rssi:-90
01-29 19:26:30.846  3832  3916 V BluetoothServiceJni: remote_device_properties_callback: Status is: 0, Properties: 2
01-29 19:26:30.850  3832  3916 I btipc   : LE-REPORT:name:null,rssi:-100
01-29 19:26:30.851  3832  3916 V BluetoothServiceJni: remote_device_properties_callback: Status is: 0, Properties: 2
01-29 19:26:30.896  3832  3916 I btipc   : LE-REPORT:name:null,rssi:-96
01-29 19:26:30.897  3832  3916 V BluetoothServiceJni: remote_device_properties_callback: Status is: 0, Properties: 2
01-29 19:26:30.899  3832  3916 I btipc   : LE-REPORT:name:null,rssi:-96
01-29 19:26:30.899  3832  3916 V BluetoothServiceJni: remote_device_properties_callback: Status is: 0, Properties: 2
01-29 19:26:30.937  3832  3916 I btipc   : LE-REPORT:name:null,rssi:-96
01-29 19:26:30.938  3832  3916 V BluetoothServiceJni: remote_device_properties_callback: Status is: 0, Properties: 2
01-29 19:26:30.943  3832  3916 I btipc   : LE-REPORT:name:null,rssi:-92
01-29 19:26:30.944  3832  3916 V BluetoothServiceJni: remote_device_properties_callback: Status is: 0, Properties: 2
01-29 19:26:30.947  3832  3916 I btipc   : LE-REPORT:name:WM2,rssi:-100,1
01-29 19:26:30.947  3832  3916 V BluetoothServiceJni: remote_device_properties_callback: Status is: 0, Properties: 3
01-29 19:26:30.994  3832  3916 I btipc   : LE-REPORT:name:Remo-EEFA90,rssi:-88,1
01-29 19:26:30.994  3832  3916 V BluetoothServiceJni: remote_device_properties_callback: Status is: 0, Properties: 3
01-29 19:26:31.090  3832  3916 I btipc   : LE-REPORT:name:null,rssi:-94
01-29 19:26:31.090  3832  3916 V BluetoothServiceJni: remote_device_properties_callback: Status is: 0, Properties: 2
01-29 19:26:31.142  3832  3916 I btipc   : LE-REPORT:name:null,rssi:-96
01-29 19:26:31.143  3832  3916 V BluetoothServiceJni: remote_device_properties_callback: Status is: 0, Properties: 2
01-29 19:26:31.189  3832  3916 I btipc   : LE-REPORT:name:Remo-EEFA90,rssi:-98,1
01-29 19:26:31.189  3832  3916 V BluetoothServiceJni: remote_device_properties_callback: Status is: 0, Properties: 3
01-29 19:26:31.248  3832  3916 I btipc   : LE-REPORT:name:null,rssi:-80
01-29 19:26:31.248  3832  3916 V BluetoothServiceJni: remote_device_properties_callback: Status is: 0, Properties: 2
01-29 19:26:31.248  6488  6488 W dex2oat : Could not open dex files from location: /data/app/com.google.android.trichromelibrary_541411833-lK3-p1wZGwXOdgEL3U-5IA==/base.apk
01-29 19:26:31.248  6488  6488 W dex2oat : Failed to open classpath dex files
01-29 19:26:31.340  3832  3916 I btipc   : LE-REPORT:name:YamahaAV,rssi:-82,1
01-29 19:26:31.340  3832  3916 V BluetoothServiceJni: remote_device_properties_callback: Status is: 0, Properties: 3
01-29 19:26:31.346  3832  3916 I btipc   : LE-REPORT:name:null,rssi:-92
01-29 19:26:31.348  3832  3916 V BluetoothServiceJni: remote_device_properties_callback: Status is: 0, Properties: 2
01-29 19:26:31.351  3832  3916 I btipc   : LE-REPORT:name:null,rssi:-98
01-29 19:26:31.351  3832  3916 V BluetoothServiceJni: remote_device_properties_callback: Status is: 0, Properties: 2
01-29 19:26:31.389   685   727 I /vendor/bin/hw/vendor.qti.hardware.servicetracker@1.1-service: unbindService is called for service : com.google.android.gms/.chimera.PersistentApiService and for client com.google.android.gms
01-29 19:26:31.391  2564  2564 D BoundBrokerSvc: onUnbind: Intent { act=com.google.android.gms.presencemanager.service.START dat=chimera-action: cmp=com.google.android.gms/.chimera.PersistentApiService }
01-29 19:26:31.393  3832  3916 I btipc   : LE-REPORT:name:null,rssi:-92
01-29 19:26:31.394  3832  3916 V BluetoothServiceJni: remote_device_properties_callback: Status is: 0, Properties: 2
01-29 19:26:31.410  2564  2564 D BoundBrokerSvc: onUnbind: Intent { act=com.google.android.gms.presencemanager.service.INTERNAL_IDENTITY dat=chimera-action: cmp=com.google.android.gms/.chimera.PersistentApiService }
01-29 19:26:31.411   685   727 I /vendor/bin/hw/vendor.qti.hardware.servicetracker@1.1-service: unbindService is called for service : com.google.android.gms/.chimera.PersistentApiService and for client com.google.android.gms
01-29 19:26:31.416   685   727 I /vendor/bin/hw/vendor.qti.hardware.servicetracker@1.1-service: unbindService is called for service : com.google.android.gms/.chimera.PersistentApiService and for client com.google.android.gms.persistent
01-29 19:26:31.437  3832  3916 I btipc   : LE-REPORT:name:null,rssi:-54
01-29 19:26:31.437  3832  3916 V BluetoothServiceJni: remote_device_properties_callback: Status is: 0, Properties: 2
01-29 19:26:31.442  3832  3916 I btipc   : LE-REPORT:name:null,rssi:-86
01-29 19:26:31.442  3832  3916 V BluetoothServiceJni: remote_device_properties_callback: Status is: 0, Properties: 2
01-29 19:26:31.446  3832  3916 I btipc   : LE-REPORT:name:YamahaAV,rssi:-80,1
01-29 19:26:31.447  3832  3916 V BluetoothServiceJni: remote_device_properties_callback: Status is: 0, Properties: 3
01-29 19:26:31.481  6488  6495 W dex2oat : Class com.facebook.litho.ComponentTree failed lock verification and will run slower.
01-29 19:26:31.481  6488  6495 W dex2oat : Common causes for lock verification issues are non-optimized dex code
01-29 19:26:31.481  6488  6495 W dex2oat : and incorrect proguard optimizations.
01-29 19:26:31.495  3832  3916 I btipc   : LE-REPORT:name:null,rssi:-92
01-29 19:26:31.495  3832  3916 V BluetoothServiceJni: remote_device_properties_callback: Status is: 0, Properties: 2
01-29 19:26:31.499  3832  3916 I btipc   : LE-REPORT:name:ufoHncNQGap6vKeN5RckMw,rssi:-104,0
01-29 19:26:31.499  3832  3916 V BluetoothServiceJni: remote_device_properties_callback: Status is: 0, Properties: 3
01-29 19:26:31.540  3832  3916 I btipc   : LE-REPORT:name:null,rssi:-96
01-29 19:26:31.540  3832  3916 V BluetoothServiceJni: remote_device_properties_callback: Status is: 0, Properties: 2
01-29 19:26:31.544  3832  3916 I btipc   : LE-REPORT:name:YamahaAV,rssi:-80,1
01-29 19:26:31.544  3832  3916 V BluetoothServiceJni: remote_device_properties_callback: Status is: 0, Properties: 3
01-29 19:26:31.638  3832  3916 I btipc   : LE-REPORT:name:null,rssi:-94
01-29 19:26:31.639  3832  3916 V BluetoothServiceJni: remote_device_properties_callback: Status is: 0, Properties: 2
01-29 19:26:31.641  6488  6488 I dex2oat : dex2oat took 996.971ms (1.877s cpu) (threads: 8) arena alloc=0B (0B) java alloc=2125KB (2176232B) native alloc=3810KB (3901488B) free=637KB (653264B)
01-29 19:26:31.646  3832  3916 I btipc   : LE-REPORT:name:YamahaAV,rssi:-76,1
01-29 19:26:31.646  3832  3916 V BluetoothServiceJni: remote_device_properties_callback: Status is: 0, Properties: 3
01-29 19:26:31.650  3832  3916 I btipc   : LE-REPORT:name:YamahaAV,rssi:-78,0
01-29 19:26:31.650  3832  3916 V BluetoothServiceJni: remote_device_properties_callback: Status is: 0, Properties: 3
01-29 19:26:31.652   947   947 V installd: DexInv: --- END '/data/app/com.android.chrome-9ZSq4jhZMtFPjjtRF3D4WQ==/split_feedv2.apk' (success) ---
01-29 19:26:31.655  3832  3916 I btipc   : LE-REPORT:name:null,rssi:-98
01-29 19:26:31.655  3832  3916 V BluetoothServiceJni: remote_device_properties_callback: Status is: 0, Properties: 2
01-29 19:26:31.693  3832  3916 I btipc   : LE-REPORT:name:Remo-EEFA90,rssi:-94,1
01-29 19:26:31.694  3832  3916 V BluetoothServiceJni: remote_device_properties_callback: Status is: 0, Properties: 3
01-29 19:26:31.698  3832  3916 I btipc   : LE-REPORT:name:Remo-EEFA90,rssi:-94,0
01-29 19:26:31.698  3832  3916 V BluetoothServiceJni: remote_device_properties_callback: Status is: 0, Properties: 3
01-29 19:26:31.702  3832  3916 I btipc   : LE-REPORT:name:null,rssi:-96
01-29 19:26:31.702  3832  3916 V BluetoothServiceJni: remote_device_properties_callback: Status is: 0, Properties: 2
01-29 19:26:31.704  3832  3916 I btipc   : LE-REPORT:name:null,rssi:-96
01-29 19:26:31.704  3832  3916 V BluetoothServiceJni: remote_device_properties_callback: Status is: 0, Properties: 2
01-29 19:26:31.741  3832  3916 I btipc   : LE-REPORT:name:null,rssi:-94
01-29 19:26:31.742  3832  3916 V BluetoothServiceJni: remote_device_properties_callback: Status is: 0, Properties: 2
01-29 19:26:31.745  3832  3916 I btipc   : LE-REPORT:name:null,rssi:-94
01-29 19:26:31.745  3832  3916 V BluetoothServiceJni: remote_device_properties_callback: Status is: 0, Properties: 2
01-29 19:26:31.749  3832  3916 I btipc   : LE-REPORT:name:YamahaAV,rssi:-80,1
01-29 19:26:31.749  3832  3916 V BluetoothServiceJni: remote_device_properties_callback: Status is: 0, Properties: 3
01-29 19:26:31.765  4027  4237 I Finsky  : [245] icx.run(13): Stats for Executor: bgExecutor kwd@ed1f023[Running, pool size = 4, active threads = 0, queued tasks = 0, completed tasks = 1188]
01-29 19:26:31.792  3832  3916 I btipc   : LE-REPORT:name:null,rssi:-96
01-29 19:26:31.792  3832  3916 V BluetoothServiceJni: remote_device_properties_callback: Status is: 0, Properties: 2
01-29 19:26:31.797  3832  3916 I btipc   : LE-REPORT:name:null,rssi:-90
01-29 19:26:31.797  3832  3916 V BluetoothServiceJni: remote_device_properties_callback: Status is: 0, Properties: 2
01-29 19:26:31.800  3832  3916 I btipc   : LE-REPORT:name:null,rssi:-96
01-29 19:26:31.800  3832  3916 V BluetoothServiceJni: remote_device_properties_callback: Status is: 0, Properties: 2
01-29 19:26:31.843  3832  3916 I btipc   : LE-REPORT:name:null,rssi:-94
01-29 19:26:31.844  3832  3916 V BluetoothServiceJni: remote_device_properties_callback: Status is: 0, Properties: 2
01-29 19:26:31.848  3832  3916 I btipc   : LE-REPORT:name:YamahaAV,rssi:-76,1
01-29 19:26:31.848  3832  3916 V BluetoothServiceJni: remote_device_properties_callback: Status is: 0, Properties: 3
01-29 19:26:31.893  3832  3916 I btipc   : LE-REPORT:name:null,rssi:-90
01-29 19:26:31.893  3832  3916 V BluetoothServiceJni: remote_device_properties_callback: Status is: 0, Properties: 2
01-29 19:26:31.896  3832  3916 I btipc   : LE-REPORT:name:null,rssi:-98
01-29 19:26:31.897  3832  3916 V BluetoothServiceJni: remote_device_properties_callback: Status is: 0, Properties: 2
01-29 19:26:31.939  3832  3916 I btipc   : LE-REPORT:name:null,rssi:-96
01-29 19:26:31.939  3832  3916 V BluetoothServiceJni: remote_device_properties_callback: Status is: 0, Properties: 2
01-29 19:26:31.999  3832  3916 I btipc   : LE-REPORT:name:null,rssi:-86
01-29 19:26:32.000  3832  3916 V BluetoothServiceJni: remote_device_properties_callback: Status is: 0, Properties: 2
01-29 19:26:32.047  3832  3916 I btipc   : LE-REPORT:name:ufoHncNQGap6vKeN5RckMw,rssi:-96,0
01-29 19:26:32.047  3832  3916 V BluetoothServiceJni: remote_device_properties_callback: Status is: 0, Properties: 3
01-29 19:26:32.238  3832  3916 I btipc   : LE-REPORT:name:null,rssi:-102
01-29 19:26:32.239  3832  3916 V BluetoothServiceJni: remote_device_properties_callback: Status is: 0, Properties: 2
01-29 19:26:32.245  3832  3916 I btipc   : LE-REPORT:name:null,rssi:-102
01-29 19:26:32.246  3832  3916 V BluetoothServiceJni: remote_device_properties_callback: Status is: 0, Properties: 2
01-29 19:26:32.261  1278  6303 W system_server: Could not open dex files from location: /data/app/com.google.android.trichromelibrary_541411833-lK3-p1wZGwXOdgEL3U-5IA==/base.apk
01-29 19:26:32.263  1278  6303 I PackageManager.DexOptimizer: Running dexopt (dexoptNeeded=1) on: /data/app/com.android.chrome-9ZSq4jhZMtFPjjtRF3D4WQ==/split_feedv2.apk pkg=com.android.chrome isa=arm64 dexoptFlags=boot_complete,public,enable_hidden_api_checks targetFilter=verify oatDir=/data/app/com.android.chrome-9ZSq4jhZMtFPjjtRF3D4WQ==/oat classLoaderContext=PCL[];PCL[split_chrome.apk];PCL[base.apk]{PCL[/data/app/com.google.android.trichromelibrary_541411833-lK3-p1wZGwXOdgEL3U-5IA==/base.apk]}
01-29 19:26:32.264   947   947 V installd: DexInv: --- BEGIN '/data/app/com.android.chrome-9ZSq4jhZMtFPjjtRF3D4WQ==/split_feedv2.apk' ---
01-29 19:26:32.291  3832  3916 I btipc   : LE-REPORT:name:null,rssi:-86
01-29 19:26:32.291  3832  3916 V BluetoothServiceJni: remote_device_properties_callback: Status is: 0, Properties: 2
01-29 19:26:32.298  3832  3916 I btipc   : LE-REPORT:name:null,rssi:-92
01-29 19:26:32.298  3832  3916 V BluetoothServiceJni: remote_device_properties_callback: Status is: 0, Properties: 2
01-29 19:26:32.317  6502  6502 I dex2oat : /apex/com.android.runtime/bin/dex2oat --input-vdex-fd=-1 --output-vdex-fd=11 --resolve-startup-const-strings=true --max-image-block-size=524288 --compiler-filter=verify --classpath-dir=/data/app/com.android.chrome-9ZSq4jhZMtFPjjtRF3D4WQ== --class-loader-context=PCL[];PCL[split_chrome.apk];PCL[base.apk]{PCL[/data/app/com.google.android.trichromelibrary_541411833-lK3-p1wZGwXOdgEL3U-5IA==/base.apk]} --generate-mini-debug-info --compact-dex-level=none --compilation-reason=boot
01-29 19:26:32.322  6502  6502 I dex2oat : setting boot class path to /apex/com.android.runtime/javalib/core-oj.jar:/apex/com.android.runtime/javalib/core-libart.jar:/apex/com.android.runtime/javalib/okhttp.jar:/apex/com.android.runtime/javalib/bouncycastle.jar:/apex/com.android.runtime/javalib/apache-xml.jar:/system/framework/framework.jar:/system/framework/ext.jar:/system/framework/telephony-common.jar:/system/framework/voip-common.jar:/system/framework/ims-common.jar:/system/framework/android.test.base.jar:/system/framework/tcmiface.jar:/system/framework/telephony-ext.jar:/system/framework/com.nxp.nfc.nq.jar:/system/framework/QPerformance.jar:/system/framework/UxPerformance.jar:/system/framework/WfdCommon.jar
01-29 19:26:32.391  3832  3916 I btipc   : LE-REPORT:name:null,rssi:-102
01-29 19:26:32.391  3832  3916 V BluetoothServiceJni: remote_device_properties_callback: Status is: 0, Properties: 2
01-29 19:26:32.396  3832  3916 I btipc   : LE-REPORT:name:Remo-EEFA90,rssi:-98,1
01-29 19:26:32.396  3832  3916 V BluetoothServiceJni: remote_device_properties_callback: Status is: 0, Properties: 3
01-29 19:26:32.438  3832  3916 I btipc   : LE-REPORT:name:null,rssi:-94
01-29 19:26:32.438  3832  3916 V BluetoothServiceJni: remote_device_properties_callback: Status is: 0, Properties: 2
01-29 19:26:32.443  3832  3916 I btipc   : LE-REPORT:name:null,rssi:-90
01-29 19:26:32.443  3832  3916 V BluetoothServiceJni: remote_device_properties_callback: Status is: 0, Properties: 2
01-29 19:26:32.489  3832  3916 I btipc   : LE-REPORT:name:null,rssi:-92
01-29 19:26:32.490  3832  3916 V BluetoothServiceJni: remote_device_properties_callback: Status is: 0, Properties: 2
01-29 19:26:32.493  3832  3916 I btipc   : LE-REPORT:name:null,rssi:-96
01-29 19:26:32.493  3832  3916 V BluetoothServiceJni: remote_device_properties_callback: Status is: 0, Properties: 2
