01-29 19:26:19.576   685   727 I /vendor/bin/hw/vendor.qti.hardware.servicetracker@1.1-service: unbindService is called for service : com.google.android.gms/.chimera.PersistentApiService and for client com.google.android.apps.maps
01-29 19:26:19.576   685   727 I /vendor/bin/hw/vendor.qti.hardware.servicetracker@1.1-service: size of service connections for service: com.google.android.gms/.chimera.PersistentApiServiceafter removal is 4
01-29 19:26:19.576   685   727 I /vendor/bin/hw/vendor.qti.hardware.servicetracker@1.1-service: size of client connections for client: com.google.android.apps.mapsafter removal is 2
01-29 19:26:19.578  2564  2564 D BoundBrokerSvc: onUnbind: Intent { act=com.google.android.gms.phenotype.service.START pkg=com.google.android.gms }
01-29 19:26:19.593  3832  3916 I btipc   : LE-REPORT:name:null,rssi:-90
01-29 19:26:19.593  3832  3916 V BluetoothServiceJni: remote_device_properties_callback: Status is: 0, Properties: 2
01-29 19:26:19.597  3832  3916 I btipc   : LE-REPORT:name:null,rssi:-90
01-29 19:26:19.597  3832  3916 V BluetoothServiceJni: remote_device_properties_callback: Status is: 0, Properties: 2
01-29 19:26:19.639  3832  3916 I btipc   : LE-REPORT:name:null,rssi:-92
01-29 19:26:19.639  3832  3916 V BluetoothServiceJni: remote_device_properties_callback: Status is: 0, Properties: 2
01-29 19:26:19.642  3832  3916 I btipc   : LE-REPORT:name:null,rssi:-92
01-29 19:26:19.643  3832  3916 V BluetoothServiceJni: remote_device_properties_callback: Status is: 0, Properties: 2
01-29 19:26:19.646  6352  6352 I dex2oat : dex2oat took 457.030ms (1.338s cpu) (threads: 8) arena alloc=0B (0B) java alloc=4623KB (4734264B) native alloc=3831KB (3923032B) free=716KB (734120B)
01-29 19:26:19.646  3832  3916 I btipc   : LE-REPORT:name:Remo-EEFA90,rssi:-98,1
01-29 19:26:19.646  3832  3916 V BluetoothServiceJni: remote_device_properties_callback: Status is: 0, Properties: 3
01-29 19:26:19.650  3832  3916 I btipc   : LE-REPORT:name:null,rssi:-98
01-29 19:26:19.650  3832  3916 V BluetoothServiceJni: remote_device_properties_callback: Status is: 0, Properties: 2
01-29 19:26:19.656   947   947 V installd: DexInv: --- END '/data/app/com.google.android.webview-ypWJLeP7BlGG8mWl4GjudA==/split_weblayer.apk' (success) ---
01-29 19:26:19.674  1278  6303 I system_server: The ClassLoaderContext is a special shared library.
01-29 19:26:19.684  1278  6303 I chatty  : uid=1000 system_server identical 2 lines
01-29 19:26:19.687  1278  6303 I system_server: The ClassLoaderContext is a special shared library.
01-29 19:26:19.693  3832  3916 I btipc   : LE-REPORT:name:null,rssi:-94
01-29 19:26:19.693  3832  3916 V BluetoothServiceJni: remote_device_properties_callback: Status is: 0, Properties: 2
01-29 19:26:19.697  3832  3916 I btipc   : LE-REPORT:name:null,rssi:-94
01-29 19:26:19.697  3832  3916 V BluetoothServiceJni: remote_device_properties_callback: Status is: 0, Properties: 2
01-29 19:26:19.699  1278  6303 W system_server: Could not open dex files from location: /data/app/com.google.android.trichromelibrary_541411833-lK3-p1wZGwXOdgEL3U-5IA==/base.apk
01-29 19:26:19.702  1278  6303 I PackageManager.DexOptimizer: Running dexopt (dexoptNeeded=1) on: /data/app/com.android.chrome-9ZSq4jhZMtFPjjtRF3D4WQ==/base.apk pkg=com.android.chrome isa=arm dexoptFlags=boot_complete,public,enable_hidden_api_checks targetFilter=verify oatDir=/data/app/com.android.chrome-9ZSq4jhZMtFPjjtRF3D4WQ==/oat classLoaderContext=PCL[]{PCL[/data/app/com.google.android.trichromelibrary_541411833-lK3-p1wZGwXOdgEL3U-5IA==/base.apk]}
01-29 19:26:19.703   947   947 V installd: DexInv: --- BEGIN '/data/app/com.android.chrome-9ZSq4jhZMtFPjjtRF3D4WQ==/base.apk' ---
01-29 19:26:19.742  3832  3916 I btipc   : LE-REPORT:name:YamahaAV,rssi:-80,1
01-29 19:26:19.742  3832  3916 V BluetoothServiceJni: remote_device_properties_callback: Status is: 0, Properties: 3
01-29 19:26:19.745  3832  3916 I btipc   : LE-REPORT:name:YamahaAV,rssi:-80,0
01-29 19:26:19.745  3832  3916 V BluetoothServiceJni: remote_device_properties_callback: Status is: 0, Properties: 3
01-29 19:26:19.758  6363  6363 I dex2oat : /apex/com.android.runtime/bin/dex2oat --input-vdex-fd=-1 --output-vdex-fd=11 --resolve-startup-const-strings=true --max-image-block-size=524288 --compiler-filter=verify --classpath-dir=/data/app/com.android.chrome-9ZSq4jhZMtFPjjtRF3D4WQ== --class-loader-context=PCL[]{PCL[/data/app/com.google.android.trichromelibrary_541411833-lK3-p1wZGwXOdgEL3U-5IA==/base.apk]} --generate-mini-debug-info --compact-dex-level=none --compilation-reason=boot
01-29 19:26:19.762  6363  6363 I dex2oat : setting boot class path to /apex/com.android.runtime/javalib/core-oj.jar:/apex/com.android.runtime/javalib/core-libart.jar:/apex/com.android.runtime/javalib/okhttp.jar:/apex/com.android.runtime/javalib/bouncycastle.jar:/apex/com.android.runtime/javalib/apache-xml.jar:/system/framework/framework.jar:/system/framework/ext.jar:/system/framework/telephony-common.jar:/system/framework/voip-common.jar:/system/framework/ims-common.jar:/system/framework/android.test.base.jar:/system/framework/tcmiface.jar:/system/framework/telephony-ext.jar:/system/framework/com.nxp.nfc.nq.jar:/system/framework/QPerformance.jar:/system/framework/UxPerformance.jar:/system/framework/WfdCommon.jar
01-29 19:26:19.778  6363  6363 W dex2oat : Could not open dex files from location: /data/app/com.google.android.trichromelibrary_541411833-lK3-p1wZGwXOdgEL3U-5IA==/base.apk
01-29 19:26:19.778  6363  6363 W dex2oat : Failed to open classpath dex files
01-29 19:26:19.789  3832  3916 I btipc   : LE-REPORT:name:null,rssi:-94
01-29 19:26:19.789  3832  3916 V BluetoothServiceJni: remote_device_properties_callback: Status is: 0, Properties: 2
01-29 19:26:19.792  3832  3916 I btipc   : LE-REPORT:name:null,rssi:-94
01-29 19:26:19.792  3832  3916 V BluetoothServiceJni: remote_device_properties_callback: Status is: 0, Properties: 2
01-29 19:26:19.842  3832  3916 I btipc   : LE-REPORT:name:null,rssi:-88
01-29 19:26:19.842  3832  3916 V BluetoothServiceJni: remote_device_properties_callback: Status is: 0, Properties: 2
01-29 19:26:19.846  3832  3916 I btipc   : LE-REPORT:name:null,rssi:-88
01-29 19:26:19.846  3832  3916 V BluetoothServiceJni: remote_device_properties_callback: Status is: 0, Properties: 2
01-29 19:26:19.849  3832  3916 I btipc   : LE-REPORT:name:YamahaAV,rssi:-76,1
01-29 19:26:19.850  3832  3916 V BluetoothServiceJni: remote_device_properties_callback: Status is: 0, Properties: 3
01-29 19:26:19.853  3832  3916 I btipc   : LE-REPORT:name:null,rssi:-92
01-29 19:26:19.853  3832  3916 V BluetoothServiceJni: remote_device_properties_callback: Status is: 0, Properties: 2
01-29 19:26:19.874   685   727 I /vendor/bin/hw/vendor.qti.hardware.servicetracker@1.1-service: unbindService is called for service : com.google.android.gms/.chimera.PersistentDirectBootAwareApiService and for client com.google.android.apps.maps
01-29 19:26:19.874   685   727 I /vendor/bin/hw/vendor.qti.hardware.servicetracker@1.1-service: size of service connections for service: com.google.android.gms/.chimera.PersistentDirectBootAwareApiServiceafter removal is 3
01-29 19:26:19.874   685   727 I /vendor/bin/hw/vendor.qti.hardware.servicetracker@1.1-service: size of client connections for client: com.google.android.apps.mapsafter removal is 1
01-29 19:26:19.948  2564  6102 W Conscrypt: Could not set socket write timeout: java.net.SocketException: Socket closed
01-29 19:26:19.949  2564  6102 W Conscrypt: 	at com.google.android.gms.org.conscrypt.Platform.setSocketWriteTimeout(:com.google.android.gms@230313028@23.03.13 (100400-503260631):2)
01-29 19:26:19.949  2564  6102 W Conscrypt: 	at com.google.android.gms.org.conscrypt.ConscryptFileDescriptorSocket.setSoWriteTimeout(:com.google.android.gms@230313028@23.03.13 (100400-503260631):0)
01-29 19:26:19.963   685   727 I /vendor/bin/hw/vendor.qti.hardware.servicetracker@1.1-service: unbindService is called for service : com.google.android.gms/com.google.android.location.internal.GoogleLocationManagerService and for client com.google.android.apps.maps
01-29 19:26:19.963   685   727 I /vendor/bin/hw/vendor.qti.hardware.servicetracker@1.1-service: size of service connections for service: com.google.android.gms/com.google.android.location.internal.GoogleLocationManagerServiceafter removal is 1
01-29 19:26:19.963   685   727 I /vendor/bin/hw/vendor.qti.hardware.servicetracker@1.1-service: size of client connections for client: com.google.android.apps.mapsafter removal is 0
01-29 19:26:20.015  1266  6291 D sd_screen: count:3 frame/s
01-29 19:26:20.074  2564  6099 I GCoreUlr: Successfully inserted 1 locations
01-29 19:26:20.094  3832  3916 I btipc   : LE-REPORT:name:null,rssi:-90
01-29 19:26:20.094  3832  3916 V BluetoothServiceJni: remote_device_properties_callback: Status is: 0, Properties: 2
01-29 19:26:20.096  2564  6316 I GCoreUlr: Grpc compression enabled: gzip
01-29 19:26:20.114  6363  6368 W dex2oat : Accessing hidden method Landroid/view/WindowInsets;->getInsets(I)Landroid/graphics/Insets; (blacklist, linking, denied)
01-29 19:26:20.114  6363  6368 W dex2oat : Accessing hidden method Landroid/view/WindowInsets$Builder;->setInsets(ILandroid/graphics/Insets;)Landroid/view/WindowInsets$Builder; (blacklist, linking, denied)
01-29 19:26:20.114  6363  6368 W dex2oat : Accessing hidden method Landroid/view/WindowInsets$Type;->ime()I (blacklist, linking, denied)
01-29 19:26:20.114  6363  6368 W dex2oat : Accessing hidden method Landroid/view/WindowInsets$Type;->systemGestures()I (blacklist, linking, denied)
01-29 19:26:20.114  6363  6368 W dex2oat : Accessing hidden method Landroid/view/WindowInsets$Type;->mandatorySystemGestures()I (blacklist, linking, denied)
01-29 19:26:20.114  6363  6368 W dex2oat : Accessing hidden method Landroid/view/WindowInsets$Type;->tappableElement()I (blacklist, linking, denied)
01-29 19:26:20.115  2564  6102 W Conscrypt: Could not set socket write timeout: java.net.SocketException: Socket closed
01-29 19:26:20.116  2564  6102 W Conscrypt: 	at com.google.android.gms.org.conscrypt.Platform.setSocketWriteTimeout(:com.google.android.gms@230313028@23.03.13 (100400-503260631):2)
01-29 19:26:20.116  2564  6102 W Conscrypt: 	at com.google.android.gms.org.conscrypt.ConscryptFileDescriptorSocket.setSoWriteTimeout(:com.google.android.gms@230313028@23.03.13 (100400-503260631):0)
01-29 19:26:20.125   685   727 I /vendor/bin/hw/vendor.qti.hardware.servicetracker@1.1-service: bindService is called for service : com.google.android.gms/com.google.android.location.internal.GoogleLocationManagerService and for client com.google.android.gms.persistent
01-29 19:26:20.126   685   727 I /vendor/bin/hw/vendor.qti.hardware.servicetracker@1.1-service: total connections for service : com.google.android.gms/com.google.android.location.internal.GoogleLocationManagerServiceare :2
01-29 19:26:20.126   685   727 I /vendor/bin/hw/vendor.qti.hardware.servicetracker@1.1-service: total connections for client : com.google.android.gms.persistentare :6
01-29 19:26:20.146   685   727 I /vendor/bin/hw/vendor.qti.hardware.servicetracker@1.1-service: destroyService is called for service : com.google.android.gms/.chimera.GmsIntentOperationService
01-29 19:26:20.151  2564  6099 I GCoreUlr: LocationReporter sending 20 locations, 0 activities, and 4 metadata for account account#9# request #0; requests: []
01-29 19:26:20.163  6363  6366 W dex2oat : Accessing hidden method Landroid/view/Window;->getInsetsController()Landroid/view/WindowInsetsController; (blacklist, linking, denied)
01-29 19:26:20.163  6363  6366 W dex2oat : Accessing hidden method Landroid/view/WindowInsetsController;->show(I)V (blacklist, linking, denied)
01-29 19:26:20.163  6363  6366 W dex2oat : Accessing hidden method Landroid/view/WindowInsetsController;->hide(I)V (blacklist, linking, denied)
01-29 19:26:20.166   685   727 I /vendor/bin/hw/vendor.qti.hardware.servicetracker@1.1-service: bindService is called for service : com.google.android.gms/.gcm.http.GoogleHttpService and for client com.google.android.gms.persistent
01-29 19:26:20.166   685   727 I /vendor/bin/hw/vendor.qti.hardware.servicetracker@1.1-service: total connections for service : com.google.android.gms/.gcm.http.GoogleHttpServiceare :2
01-29 19:26:20.166   685   727 I /vendor/bin/hw/vendor.qti.hardware.servicetracker@1.1-service: total connections for client : com.google.android.gms.persistentare :7
01-29 19:26:20.184  2564  5809 W AsyncOperation: operation=GetExperimentTokensOperationCall, opStatusCode=29505 [CONTEXT service_id=51 ]
01-29 19:26:20.184  2564  5809 W AsyncOperation: OperationException[Status{statusCode=No config packages for log source, or config package not registered, resolution=null}]
01-29 19:26:20.184  2564  5809 W AsyncOperation: 	at bjjx.e(:com.google.android.gms@230313028@23.03.13 (100400-503260631):6)
01-29 19:26:20.184  2564  5809 W AsyncOperation: 	at bjjx.f(:com.google.android.gms@230313028@23.03.13 (100400-503260631):2)
01-29 19:26:20.184  2564  5809 W AsyncOperation: 	at aubh.et(:com.google.android.gms@230313028@23.03.13 (100400-503260631):1)
01-29 19:26:20.184  2564  5809 W AsyncOperation: 	at aubn.run(:com.google.android.gms@230313028@23.03.13 (100400-503260631):12)
01-29 19:26:20.184  2564  5809 W AsyncOperation: 	at couv.run(:com.google.android.gms@230313028@23.03.13 (100400-503260631):2)
01-29 19:26:20.184  2564  5809 W AsyncOperation: 	at accn.c(:com.google.android.gms@230313028@23.03.13 (100400-503260631):6)
01-29 19:26:20.184  2564  5809 W AsyncOperation: 	at accn.run(:com.google.android.gms@230313028@23.03.13 (100400-503260631):7)
01-29 19:26:20.184  2564  5809 W AsyncOperation: 	at java.util.concurrent.ThreadPoolExecutor.runWorker(ThreadPoolExecutor.java:1167)
01-29 19:26:20.184  2564  5809 W AsyncOperation: 	at java.util.concurrent.ThreadPoolExecutor$Worker.run(ThreadPoolExecutor.java:641)
01-29 19:26:20.184  2564  5809 W AsyncOperation: 	at acht.run(:com.google.android.gms@230313028@23.03.13 (100400-503260631):0)
01-29 19:26:20.184  2564  5809 W AsyncOperation: 	at java.lang.Thread.run(Thread.java:919)
01-29 19:26:20.185   685   727 I /vendor/bin/hw/vendor.qti.hardware.servicetracker@1.1-service: bindService is called for service : com.google.android.gms/.auth.GetToken and for client com.google.android.gms.persistent
01-29 19:26:20.185   685   727 I /vendor/bin/hw/vendor.qti.hardware.servicetracker@1.1-service: total connections for service : com.google.android.gms/.auth.GetTokenare :2
01-29 19:26:20.185   685   727 I /vendor/bin/hw/vendor.qti.hardware.servicetracker@1.1-service: total connections for client : com.google.android.gms.persistentare :8
01-29 19:26:20.185  2564  6102 E GCoreUlr: Failed to get experiment tokens for com.google.android.gms.beacon
01-29 19:26:20.189   685   727 I /vendor/bin/hw/vendor.qti.hardware.servicetracker@1.1-service: unbindService is called for service : com.google.android.gms/.chimera.PersistentBoundBrokerService and for client com.google.android.gms.unstable
01-29 19:26:20.189   685   727 I /vendor/bin/hw/vendor.qti.hardware.servicetracker@1.1-service: size of service connections for service: com.google.android.gms/.chimera.PersistentBoundBrokerServiceafter removal is 3
01-29 19:26:20.189   685   727 I /vendor/bin/hw/vendor.qti.hardware.servicetracker@1.1-service: size of client connections for client: com.google.android.gms.unstableafter removal is 1
01-29 19:26:20.212   685   727 I /vendor/bin/hw/vendor.qti.hardware.servicetracker@1.1-service: bindService is called for service : com.google.android.gms/.auth.be.appcert.AppCertService and for client com.google.android.gms.persistent
01-29 19:26:20.212   685   727 I /vendor/bin/hw/vendor.qti.hardware.servicetracker@1.1-service: total connections for service : com.google.android.gms/.auth.be.appcert.AppCertServiceare :1
01-29 19:26:20.212   685   727 I /vendor/bin/hw/vendor.qti.hardware.servicetracker@1.1-service: total connections for client : com.google.android.gms.persistentare :9
01-29 19:26:20.222   685   727 I /vendor/bin/hw/vendor.qti.hardware.servicetracker@1.1-service: startService() is called for servicecom.google.android.gms/.auth.be.appcert.AppCertService
01-29 19:26:20.239  3832  3916 I btipc   : LE-REPORT:name:null,rssi:-98
01-29 19:26:20.239  3832  3916 V BluetoothServiceJni: remote_device_properties_callback: Status is: 0, Properties: 2
01-29 19:26:20.241  3832  3916 I btipc   : LE-REPORT:name:null,rssi:-100
01-29 19:26:20.241  3832  3916 V BluetoothServiceJni: remote_device_properties_callback: Status is: 0, Properties: 2
01-29 19:26:20.245  3832  3916 I btipc   : LE-REPORT:name:null,rssi:-94
01-29 19:26:20.245  3832  3916 V BluetoothServiceJni: remote_device_properties_callback: Status is: 0, Properties: 2
01-29 19:26:20.245  3296  5925 W System.err: java.net.UnknownHostException: Unable to resolve host "query.yahooapis.com": No address associated with hostname
01-29 19:26:20.245  3296  5925 W System.err: 	at java.net.Inet6AddressImpl.lookupHostByName(Inet6AddressImpl.java:156)
01-29 19:26:20.245  3296  5925 W System.err: 	at java.net.Inet6AddressImpl.lookupAllHostAddr(Inet6AddressImpl.java:103)
01-29 19:26:20.245  3296  5925 W System.err: 	at java.net.InetAddress.getAllByName(InetAddress.java:1152)
01-29 19:26:20.245  3296  5925 W System.err: 	at com.android.okhttp.Dns$1.lookup(Dns.java:41)
01-29 19:26:20.246  3296  5925 W System.err: 	at com.android.okhttp.internal.http.RouteSelector.resetNextInetSocketAddress(RouteSelector.java:178)
01-29 19:26:20.246  3296  5925 W System.err: 	at com.android.okhttp.internal.http.RouteSelector.nextProxy(RouteSelector.java:144)
01-29 19:26:20.246  3296  5925 W System.err: 	at com.android.okhttp.internal.http.RouteSelector.next(RouteSelector.java:86)
01-29 19:26:20.246  3296  5925 W System.err: 	at com.android.okhttp.internal.http.StreamAllocation.findConnection(StreamAllocation.java:176)
01-29 19:26:20.246  3296  5925 W System.err: 	at com.android.okhttp.internal.http.StreamAllocation.findHealthyConnection(StreamAllocation.java:128)
01-29 19:26:20.246  3296  5925 W System.err: 	at com.android.okhttp.internal.http.StreamAllocation.newStream(StreamAllocation.java:97)
01-29 19:26:20.246  3296  5925 W System.err: 	at com.android.okhttp.internal.http.HttpEngine.connect(HttpEngine.java:289)
01-29 19:26:20.247  3296  5925 W System.err: 	at com.android.okhttp.internal.http.HttpEngine.sendRequest(HttpEngine.java:232)
01-29 19:26:20.247  3296  5925 W System.err: 	at com.android.okhttp.internal.huc.HttpURLConnectionImpl.execute(HttpURLConnectionImpl.java:465)
01-29 19:26:20.247  3296  5925 W System.err: 	at com.android.okhttp.internal.huc.HttpURLConnectionImpl.getResponse(HttpURLConnectionImpl.java:411)
01-29 19:26:20.247  3296  5925 W System.err: 	at com.android.okhttp.internal.huc.HttpURLConnectionImpl.getResponseCode(HttpURLConnectionImpl.java:542)
01-29 19:26:20.247  3296  5925 W System.err: 	at com.microntek.LoadAsyncTask.doInBackground(LoadAsyncTask.java:55)
01-29 19:26:20.247  3296  5925 W System.err: 	at com.microntek.LoadAsyncTask.doInBackground(LoadAsyncTask.java:21)
01-29 19:26:20.247  3296  5925 W System.err: 	at android.os.AsyncTask$3.call(AsyncTask.java:378)
01-29 19:26:20.247  3296  5925 W System.err: 	at java.util.concurrent.FutureTask.run(FutureTask.java:266)
01-29 19:26:20.247  3296  5925 W System.err: 	at android.os.AsyncTask$SerialExecutor$1.run(AsyncTask.java:289)
01-29 19:26:20.247  3296  5925 W System.err: 	at java.util.concurrent.ThreadPoolExecutor.runWorker(ThreadPoolExecutor.java:1167)
01-29 19:26:20.248  3296  5925 W System.err: 	at java.util.concurrent.ThreadPoolExecutor$Worker.run(ThreadPoolExecutor.java:641)
01-29 19:26:20.248  3296  5925 W System.err: 	at java.lang.Thread.run(Thread.java:919)
01-29 19:26:20.249  3296  5925 W System.err: Caused by: android.system.GaiException: android_getaddrinfo failed: EAI_NODATA (No address associated with hostname)
01-29 19:26:20.249  3296  5925 W System.err: 	at libcore.io.Linux.android_getaddrinfo(Native Method)
01-29 19:26:20.249  3296  5925 W System.err: 	at libcore.io.ForwardingOs.android_getaddrinfo(ForwardingOs.java:74)
01-29 19:26:20.249  3296  5925 W System.err: 	at libcore.io.BlockGuardOs.android_getaddrinfo(BlockGuardOs.java:200)
01-29 19:26:20.249  3296  5925 W System.err: 	at libcore.io.ForwardingOs.android_getaddrinfo(ForwardingOs.java:74)
01-29 19:26:20.249  3296  5925 W System.err: 	at java.net.Inet6AddressImpl.lookupHostByName(Inet6AddressImpl.java:135)
01-29 19:26:20.249  3296  5925 W System.err: 	... 22 more
01-29 19:26:20.319  6363  6363 I dex2oat : dex2oat took 565.210ms (1.810s cpu) (threads: 8) arena alloc=0B (0B) java alloc=3023KB (3096256B) native alloc=3671KB (3759152B) free=700KB (717776B)
01-29 19:26:20.331   947   947 V installd: DexInv: --- END '/data/app/com.android.chrome-9ZSq4jhZMtFPjjtRF3D4WQ==/base.apk' (success) ---
01-29 19:26:20.338  3832  3916 I btipc   : LE-REPORT:name:null,rssi:-88
01-29 19:26:20.338  3832  3916 V BluetoothServiceJni: remote_device_properties_callback: Status is: 0, Properties: 2
01-29 19:26:20.342  3832  3916 I btipc   : LE-REPORT:name:null,rssi:-94
01-29 19:26:20.342  3832  3916 V BluetoothServiceJni: remote_device_properties_callback: Status is: 0, Properties: 2
01-29 19:26:20.345  1278  6303 W system_server: Could not open dex files from location: /data/app/com.google.android.trichromelibrary_541411833-lK3-p1wZGwXOdgEL3U-5IA==/base.apk
01-29 19:26:20.348  3832  3916 I btipc   : LE-REPORT:name:null,rssi:-90
01-29 19:26:20.348  3832  3916 V BluetoothServiceJni: remote_device_properties_callback: Status is: 0, Properties: 2
01-29 19:26:20.349  1278  6303 I PackageManager.DexOptimizer: Running dexopt (dexoptNeeded=1) on: /data/app/com.android.chrome-9ZSq4jhZMtFPjjtRF3D4WQ==/base.apk pkg=com.android.chrome isa=arm64 dexoptFlags=boot_complete,public,enable_hidden_api_checks targetFilter=verify oatDir=/data/app/com.android.chrome-9ZSq4jhZMtFPjjtRF3D4WQ==/oat classLoaderContext=PCL[]{PCL[/data/app/com.google.android.trichromelibrary_541411833-lK3-p1wZGwXOdgEL3U-5IA==/base.apk]}
01-29 19:26:20.350   947   947 V installd: DexInv: --- BEGIN '/data/app/com.android.chrome-9ZSq4jhZMtFPjjtRF3D4WQ==/base.apk' ---
01-29 19:26:20.354  3832  3916 I btipc   : LE-REPORT:name:null,rssi:-90
01-29 19:26:20.355  3832  3916 V BluetoothServiceJni: remote_device_properties_callback: Status is: 0, Properties: 2
01-29 19:26:20.410  6384  6384 I dex2oat : /apex/com.android.runtime/bin/dex2oat --input-vdex-fd=-1 --output-vdex-fd=11 --resolve-startup-const-strings=true --max-image-block-size=524288 --compiler-filter=verify --classpath-dir=/data/app/com.android.chrome-9ZSq4jhZMtFPjjtRF3D4WQ== --class-loader-context=PCL[]{PCL[/data/app/com.google.android.trichromelibrary_541411833-lK3-p1wZGwXOdgEL3U-5IA==/base.apk]} --generate-mini-debug-info --compact-dex-level=none --compilation-reason=boot
01-29 19:26:20.414  6384  6384 I dex2oat : setting boot class path to /apex/com.android.runtime/javalib/core-oj.jar:/apex/com.android.runtime/javalib/core-libart.jar:/apex/com.android.runtime/javalib/okhttp.jar:/apex/com.android.runtime/javalib/bouncycastle.jar:/apex/com.android.runtime/javalib/apache-xml.jar:/system/framework/framework.jar:/system/framework/ext.jar:/system/framework/telephony-common.jar:/system/framework/voip-common.jar:/system/framework/ims-common.jar:/system/framework/android.test.base.jar:/system/framework/tcmiface.jar:/system/framework/telephony-ext.jar:/system/framework/com.nxp.nfc.nq.jar:/system/framework/QPerformance.jar:/system/framework/UxPerformance.jar:/system/framework/WfdCommon.jar
01-29 19:26:20.430  6384  6384 W dex2oat : Could not open dex files from location: /data/app/com.google.android.trichromelibrary_541411833-lK3-p1wZGwXOdgEL3U-5IA==/base.apk
01-29 19:26:20.431  6384  6384 W dex2oat : Failed to open classpath dex files
01-29 19:26:20.441  3832  3916 I btipc   : LE-REPORT:name:null,rssi:-94
01-29 19:26:20.441  3832  3916 V BluetoothServiceJni: remote_device_properties_callback: Status is: 0, Properties: 2
01-29 19:26:20.444  3832  3916 I btipc   : LE-REPORT:name:null,rssi:-94
01-29 19:26:20.445  3832  3916 V BluetoothServiceJni: remote_device_properties_callback: Status is: 0, Properties: 2
01-29 19:26:20.447  3832  3916 I btipc   : LE-REPORT:name:null,rssi:-94
01-29 19:26:20.447  3832  3916 V BluetoothServiceJni: remote_device_properties_callback: Status is: 0, Properties: 2
01-29 19:26:20.461  1278  5972 I WifiService: startScan uid=1000
01-29 19:26:20.491  3832  3916 I btipc   : LE-REPORT:name:null,rssi:-88
01-29 19:26:20.491  3832  3916 V BluetoothServiceJni: remote_device_properties_callback: Status is: 0, Properties: 2
01-29 19:26:20.496  3832  3916 I btipc   : LE-REPORT:name:null,rssi:-88
01-29 19:26:20.496  3832  3916 V BluetoothServiceJni: remote_device_properties_callback: Status is: 0, Properties: 2
01-29 19:26:20.550   995  6297 I OMX-VENC: venc_dev: stats: avg. fps 3.59, bitrate 60617
01-29 19:26:20.550  3832  3916 I btipc   : LE-REPORT:name:null,rssi:-98
01-29 19:26:20.550  3832  3916 V BluetoothServiceJni: remote_device_properties_callback: Status is: 0, Properties: 2
01-29 19:26:20.582  2564  6378 W Conscrypt: Could not set socket write timeout: java.net.SocketException: Socket closed
01-29 19:26:20.583  2564  6378 W Conscrypt: 	at com.google.android.gms.org.conscrypt.Platform.setSocketWriteTimeout(:com.google.android.gms@230313028@23.03.13 (100400-503260631):2)
01-29 19:26:20.583  2564  6378 W Conscrypt: 	at com.google.android.gms.org.conscrypt.ConscryptFileDescriptorSocket.setSoWriteTimeout(:com.google.android.gms@230313028@23.03.13 (100400-503260631):0)
01-29 19:26:20.597  3832  3916 I btipc   : LE-REPORT:name:null,rssi:-90
01-29 19:26:20.597  3832  3916 V BluetoothServiceJni: remote_device_properties_callback: Status is: 0, Properties: 2
01-29 19:26:20.600  3832  3916 I btipc   : LE-REPORT:name:null,rssi:-94
01-29 19:26:20.600  3832  3916 V BluetoothServiceJni: remote_device_properties_callback: Status is: 0, Properties: 2
01-29 19:26:20.728  2564  6378 W Conscrypt: Could not set socket write timeout: java.net.SocketException: Socket closed
01-29 19:26:20.728  2564  6378 W Conscrypt: 	at com.google.android.gms.org.conscrypt.Platform.setSocketWriteTimeout(:com.google.android.gms@230313028@23.03.13 (100400-503260631):2)
01-29 19:26:20.728  2564  6378 W Conscrypt: 	at com.google.android.gms.org.conscrypt.ConscryptFileDescriptorSocket.setSoWriteTimeout(:com.google.android.gms@230313028@23.03.13 (100400-503260631):0)
01-29 19:26:20.745  3832  3916 I btipc   : LE-REPORT:name:Remo-EEFA90,rssi:-94,1
01-29 19:26:20.745  3832  3916 V BluetoothServiceJni: remote_device_properties_callback: Status is: 0, Properties: 3
01-29 19:26:20.757  6384  6388 W dex2oat : Accessing hidden method Landroid/view/WindowInsets;->getInsets(I)Landroid/graphics/Insets; (blacklist, linking, denied)
01-29 19:26:20.758  6384  6388 W dex2oat : Accessing hidden method Landroid/view/WindowInsets$Builder;->setInsets(ILandroid/graphics/Insets;)Landroid/view/WindowInsets$Builder; (blacklist, linking, denied)
01-29 19:26:20.758  6384  6388 W dex2oat : Accessing hidden method Landroid/view/WindowInsets$Type;->ime()I (blacklist, linking, denied)
01-29 19:26:20.758  6384  6388 W dex2oat : Accessing hidden method Landroid/view/WindowInsets$Type;->systemGestures()I (blacklist, linking, denied)
01-29 19:26:20.758  6384  6388 W dex2oat : Accessing hidden method Landroid/view/WindowInsets$Type;->mandatorySystemGestures()I (blacklist, linking, denied)
01-29 19:26:20.758  6384  6388 W dex2oat : Accessing hidden method Landroid/view/WindowInsets$Type;->tappableElement()I (blacklist, linking, denied)
01-29 19:26:20.790  3832  3916 I btipc   : LE-REPORT:name:AnkerPowerBLE,rssi:-98,0
01-29 19:26:20.790  3832  3916 V BluetoothServiceJni: remote_device_properties_callback: Status is: 0, Properties: 3
01-29 19:26:20.805  6384  6390 W dex2oat : Accessing hidden method Landroid/view/Window;->getInsetsController()Landroid/view/WindowInsetsController; (blacklist, linking, denied)
01-29 19:26:20.805  6384  6390 W dex2oat : Accessing hidden method Landroid/view/WindowInsetsController;->show(I)V (blacklist, linking, denied)
01-29 19:26:20.806  6384  6390 W dex2oat : Accessing hidden method Landroid/view/WindowInsetsController;->hide(I)V (blacklist, linking, denied)
01-29 19:26:20.888  3832  3916 I btipc   : LE-REPORT:name:null,rssi:-96
01-29 19:26:20.888  3832  3916 V BluetoothServiceJni: remote_device_properties_callback: Status is: 0, Properties: 2
01-29 19:26:20.890  3832  3916 I btipc   : LE-REPORT:name:null,rssi:-96
01-29 19:26:20.890  3832  3916 V BluetoothServiceJni: remote_device_properties_callback: Status is: 0, Properties: 2
01-29 19:26:20.892  3832  3916 I btipc   : LE-REPORT:name:null,rssi:-92
01-29 19:26:20.892  3832  3916 V BluetoothServiceJni: remote_device_properties_callback: Status is: 0, Properties: 2
01-29 19:26:20.894  3832  3916 I btipc   : LE-REPORT:name:YamahaAV,rssi:-76,1
01-29 19:26:20.894  3832  3916 V BluetoothServiceJni: remote_device_properties_callback: Status is: 0, Properties: 3
01-29 19:26:20.896  3832  3916 I btipc   : LE-REPORT:name:YamahaAV,rssi:-76,0
01-29 19:26:20.896  3832  3916 V BluetoothServiceJni: remote_device_properties_callback: Status is: 0, Properties: 3
01-29 19:26:20.947  3832  3916 I btipc   : LE-REPORT:name:null,rssi:-92
01-29 19:26:20.948  3832  3916 V BluetoothServiceJni: remote_device_properties_callback: Status is: 0, Properties: 2
01-29 19:26:20.951  3832  3916 I btipc   : LE-REPORT:name:Remo-EEFA90,rssi:-90,1
01-29 19:26:20.951  3832  3916 V BluetoothServiceJni: remote_device_properties_callback: Status is: 0, Properties: 3
01-29 19:26:20.962  6384  6384 I dex2oat : dex2oat took 557.263ms (1.974s cpu) (threads: 8) arena alloc=0B (0B) java alloc=4813KB (4929032B) native alloc=4472KB (4579920B) free=751KB (769456B)
01-29 19:26:20.972   947   947 V installd: DexInv: --- END '/data/app/com.android.chrome-9ZSq4jhZMtFPjjtRF3D4WQ==/base.apk' (success) ---
01-29 19:26:20.998  3832  3916 I btipc   : LE-REPORT:name:null,rssi:-102
01-29 19:26:20.999  3832  3916 V BluetoothServiceJni: remote_device_properties_callback: Status is: 0, Properties: 2
01-29 19:26:21.006  3832  3916 I btipc   : LE-REPORT:name:null,rssi:-92
01-29 19:26:21.006  3832  3916 V BluetoothServiceJni: remote_device_properties_callback: Status is: 0, Properties: 2
01-29 19:26:21.012  3832  3916 I btipc   : LE-REPORT:name:null,rssi:-92
01-29 19:26:21.012  3832  3916 V BluetoothServiceJni: remote_device_properties_callback: Status is: 0, Properties: 2
01-29 19:26:21.025  1977  1977 I BoxServerDebug: ===mDebugCount=6
01-29 19:26:21.040  3832  3916 I btipc   : LE-REPORT:name:null,rssi:-82
01-29 19:26:21.040  3832  3916 V BluetoothServiceJni: remote_device_properties_callback: Status is: 0, Properties: 2
01-29 19:26:21.044  3832  3916 I btipc   : LE-REPORT:name:null,rssi:-98
01-29 19:26:21.044  3832  3916 V BluetoothServiceJni: remote_device_properties_callback: Status is: 0, Properties: 2
01-29 19:26:21.047  3832  3916 I btipc   : LE-REPORT:name:null,rssi:-86
01-29 19:26:21.047  3832  3916 V BluetoothServiceJni: remote_device_properties_callback: Status is: 0, Properties: 2
01-29 19:26:21.125  1266  6291 D sd_screen: count:4 frame/s
01-29 19:26:21.146  3832  3916 I btipc   : LE-REPORT:name:Remo-EEFA90,rssi:-98,1
01-29 19:26:21.147  3832  3916 V BluetoothServiceJni: remote_device_properties_callback: Status is: 0, Properties: 3
01-29 19:26:21.246  3832  3916 I btipc   : LE-REPORT:name:null,rssi:-102
01-29 19:26:21.246  3832  3916 V BluetoothServiceJni: remote_device_properties_callback: Status is: 0, Properties: 2
01-29 19:26:21.287  3832  3916 I btipc   : LE-REPORT:name:null,rssi:-56
01-29 19:26:21.287  3832  3916 V BluetoothServiceJni: remote_device_properties_callback: Status is: 0, Properties: 2
01-29 19:26:21.291  3832  3916 I btipc   : LE-REPORT:name:null,rssi:-96
01-29 19:26:21.291  3832  3916 V BluetoothServiceJni: remote_device_properties_callback: Status is: 0, Properties: 2
01-29 19:26:21.294  3832  3916 I btipc   : LE-REPORT:name:null,rssi:-92
01-29 19:26:21.294  3832  3916 V BluetoothServiceJni: remote_device_properties_callback: Status is: 0, Properties: 2
01-29 19:26:21.298  3832  3916 I btipc   : LE-REPORT:name:null,rssi:-94
01-29 19:26:21.299  3832  3916 V BluetoothServiceJni: remote_device_properties_callback: Status is: 0, Properties: 2
01-29 19:26:21.301  3832  3916 I btipc   : LE-REPORT:name:null,rssi:-94
01-29 19:26:21.301  3832  3916 V BluetoothServiceJni: remote_device_properties_callback: Status is: 0, Properties: 2
01-29 19:26:21.315  2564  6099 I GCoreUlr: Batch Location Update succeeded for account account#9#
01-29 19:26:21.348  3832  3916 I btipc   : LE-REPORT:name:null,rssi:-96
01-29 19:26:21.348  3832  3916 V BluetoothServiceJni: remote_device_properties_callback: Status is: 0, Properties: 2
01-29 19:26:21.392  3832  3916 I btipc   : LE-REPORT:name:null,rssi:-94
01-29 19:26:21.392  3832  3916 V BluetoothServiceJni: remote_device_properties_callback: Status is: 0, Properties: 2
01-29 19:26:21.396  3832  3916 I btipc   : LE-REPORT:name:Remo-EEFA90,rssi:-90,1
01-29 19:26:21.396  3832  3916 V BluetoothServiceJni: remote_device_properties_callback: Status is: 0, Properties: 3
01-29 19:26:21.403   685   727 I /vendor/bin/hw/vendor.qti.hardware.servicetracker@1.1-service: unbindService is called for service : com.google.android.gms/.auth.GetToken and for client com.google.android.gms
01-29 19:26:21.404   685   727 I /vendor/bin/hw/vendor.qti.hardware.servicetracker@1.1-service: size of service connections for service: com.google.android.gms/.auth.GetTokenafter removal is 1
01-29 19:26:21.404   685   727 I /vendor/bin/hw/vendor.qti.hardware.servicetracker@1.1-service: size of client connections for client: com.google.android.gmsafter removal is 6
01-29 19:26:21.432   685   727 I /vendor/bin/hw/vendor.qti.hardware.servicetracker@1.1-service: unbindService is called for service : com.google.android.gms/.gcm.http.GoogleHttpService and for client com.google.android.gms
01-29 19:26:21.433   685   727 I /vendor/bin/hw/vendor.qti.hardware.servicetracker@1.1-service: size of service connections for service: com.google.android.gms/.gcm.http.GoogleHttpServiceafter removal is 1
01-29 19:26:21.433   685   727 I /vendor/bin/hw/vendor.qti.hardware.servicetracker@1.1-service: size of client connections for client: com.google.android.gmsafter removal is 5
01-29 19:26:21.493  3832  3916 I btipc   : LE-REPORT:name:null,rssi:-94
01-29 19:26:21.493  3832  3916 V BluetoothServiceJni: remote_device_properties_callback: Status is: 0, Properties: 2
01-29 19:26:21.499  3832  3916 I btipc   : LE-REPORT:name:null,rssi:-90
01-29 19:26:21.499  3832  3916 V BluetoothServiceJni: remote_device_properties_callback: Status is: 0, Properties: 2
01-29 19:26:21.538  3832  3916 I btipc   : LE-REPORT:name:null,rssi:-94
01-29 19:26:21.538  3832  3916 V BluetoothServiceJni: remote_device_properties_callback: Status is: 0, Properties: 2
01-29 19:26:21.564   685   727 I /vendor/bin/hw/vendor.qti.hardware.servicetracker@1.1-service: unbindService is called for service : com.google.android.gms/.chimera.PersistentDirectBootAwareApiService and for client com.google.android.gms
01-29 19:26:21.589  3832  3916 I btipc   : LE-REPORT:name:Remo-EEFA90,rssi:-100,1
01-29 19:26:21.589  3832  3916 V BluetoothServiceJni: remote_device_properties_callback: Status is: 0, Properties: 3
01-29 19:26:21.593  3832  3916 I btipc   : LE-REPORT:name:Remo-EEFA90,rssi:-100,0
01-29 19:26:21.593  3832  3916 V BluetoothServiceJni: remote_device_properties_callback: Status is: 0, Properties: 3
01-29 19:26:21.598  3832  3916 I btipc   : LE-REPORT:name:null,rssi:-88
01-29 19:26:21.598  3832  3916 V BluetoothServiceJni: remote_device_properties_callback: Status is: 0, Properties: 2
01-29 19:26:21.601  3832  3916 I btipc   : LE-REPORT:name:null,rssi:-88
01-29 19:26:21.601  3832  3916 V BluetoothServiceJni: remote_device_properties_callback: Status is: 0, Properties: 2
01-29 19:26:21.604  1278  6303 W system_server: Could not open dex files from location: /data/app/com.google.android.trichromelibrary_541411833-lK3-p1wZGwXOdgEL3U-5IA==/base.apk
01-29 19:26:21.606  1278  6303 I PackageManager.DexOptimizer: Running dexopt (dexoptNeeded=1) on: /data/app/com.android.chrome-9ZSq4jhZMtFPjjtRF3D4WQ==/split_autofill_assistant.apk pkg=com.android.chrome isa=arm dexoptFlags=boot_complete,public,enable_hidden_api_checks targetFilter=verify oatDir=/data/app/com.android.chrome-9ZSq4jhZMtFPjjtRF3D4WQ==/oat classLoaderContext=PCL[];PCL[split_chrome.apk];PCL[base.apk]{PCL[/data/app/com.google.android.trichromelibrary_541411833-lK3-p1wZGwXOdgEL3U-5IA==/base.apk]}
01-29 19:26:21.607   947   947 V installd: DexInv: --- BEGIN '/data/app/com.android.chrome-9ZSq4jhZMtFPjjtRF3D4WQ==/split_autofill_assistant.apk' ---
01-29 19:26:21.647  3832  3916 I btipc   : LE-REPORT:name:null,rssi:-94
01-29 19:26:21.647  3832  3916 V BluetoothServiceJni: remote_device_properties_callback: Status is: 0, Properties: 2
01-29 19:26:21.656  6398  6398 I dex2oat : /apex/com.android.runtime/bin/dex2oat --input-vdex-fd=-1 --output-vdex-fd=11 --resolve-startup-const-strings=true --max-image-block-size=524288 --compiler-filter=verify --classpath-dir=/data/app/com.android.chrome-9ZSq4jhZMtFPjjtRF3D4WQ== --class-loader-context=PCL[];PCL[split_chrome.apk];PCL[base.apk]{PCL[/data/app/com.google.android.trichromelibrary_541411833-lK3-p1wZGwXOdgEL3U-5IA==/base.apk]} --generate-mini-debug-info --compact-dex-level=none --compilation-reason=boot
01-29 19:26:21.660  6398  6398 I dex2oat : setting boot class path to /apex/com.android.runtime/javalib/core-oj.jar:/apex/com.android.runtime/javalib/core-libart.jar:/apex/com.android.runtime/javalib/okhttp.jar:/apex/com.android.runtime/javalib/bouncycastle.jar:/apex/com.android.runtime/javalib/apache-xml.jar:/system/framework/framework.jar:/system/framework/ext.jar:/system/framework/telephony-common.jar:/system/framework/voip-common.jar:/system/framework/ims-common.jar:/system/framework/android.test.base.jar:/system/framework/tcmiface.jar:/system/framework/telephony-ext.jar:/system/framework/com.nxp.nfc.nq.jar:/system/framework/QPerformance.jar:/system/framework/UxPerformance.jar:/system/framework/WfdCommon.jar
01-29 19:26:21.660  6398  6398 W dex2oat : Could not reserve sentinel fault page
01-29 19:26:21.697  3832  3916 I btipc   : LE-REPORT:name:WM2,rssi:-102,1
01-29 19:26:21.697  3832  3916 V BluetoothServiceJni: remote_device_properties_callback: Status is: 0, Properties: 3
01-29 19:26:21.738  3832  3916 I btipc   : LE-REPORT:name:null,rssi:-92
01-29 19:26:21.738  3832  3916 V BluetoothServiceJni: remote_device_properties_callback: Status is: 0, Properties: 2
01-29 19:26:21.742  3832  3916 I btipc   : LE-REPORT:name:YamahaAV,rssi:-78,1
01-29 19:26:21.742  3832  3916 V BluetoothServiceJni: remote_device_properties_callback: Status is: 0, Properties: 3
01-29 19:26:21.745  3832  3916 I btipc   : LE-REPORT:name:null,rssi:-94
01-29 19:26:21.745  3832  3916 V BluetoothServiceJni: remote_device_properties_callback: Status is: 0, Properties: 2
01-29 19:26:21.749  3832  3916 I btipc   : LE-REPORT:name:null,rssi:-94
01-29 19:26:21.749  3832  3916 V BluetoothServiceJni: remote_device_properties_callback: Status is: 0, Properties: 2
01-29 19:26:21.752  3832  3916 I btipc   : LE-REPORT:name:null,rssi:-98
01-29 19:26:21.752  3832  3916 V BluetoothServiceJni: remote_device_properties_callback: Status is: 0, Properties: 2
01-29 19:26:21.797  3832  3916 I btipc   : LE-REPORT:name:AnkerPowerBLE,rssi:-96,0
01-29 19:26:21.797  3832  3916 V BluetoothServiceJni: remote_device_properties_callback: Status is: 0, Properties: 3
01-29 19:26:21.838  3832  3916 I btipc   : LE-REPORT:name:null,rssi:-56
01-29 19:26:21.838  3832  3916 V BluetoothServiceJni: remote_device_properties_callback: Status is: 0, Properties: 2
01-29 19:26:21.844  3832  3916 I btipc   : LE-REPORT:name:YamahaAV,rssi:-78,1
01-29 19:26:21.844  3832  3916 V BluetoothServiceJni: remote_device_properties_callback: Status is: 0, Properties: 3
01-29 19:26:21.848  3832  3916 I btipc   : LE-REPORT:name:YamahaAV,rssi:-80,0
01-29 19:26:21.848  3832  3916 V BluetoothServiceJni: remote_device_properties_callback: Status is: 0, Properties: 3
01-29 19:26:21.851  3832  3916 I btipc   : LE-REPORT:name:null,rssi:-98
01-29 19:26:21.851  3832  3916 V BluetoothServiceJni: remote_device_properties_callback: Status is: 0, Properties: 2
01-29 19:26:21.854  3832  3916 I btipc   : LE-REPORT:name:null,rssi:-98
01-29 19:26:21.854  3832  3916 V BluetoothServiceJni: remote_device_properties_callback: Status is: 0, Properties: 2
01-29 19:26:21.858  3832  3916 I btipc   : LE-REPORT:name:null,rssi:-90
01-29 19:26:21.858  3832  3916 V BluetoothServiceJni: remote_device_properties_callback: Status is: 0, Properties: 2
01-29 19:26:21.938  3832  3916 I btipc   : LE-REPORT:name:null,rssi:-94
01-29 19:26:21.938  3832  3916 V BluetoothServiceJni: remote_device_properties_callback: Status is: 0, Properties: 2
01-29 19:26:21.947  3832  3916 I btipc   : LE-REPORT:name:YamahaAV,rssi:-78,1
01-29 19:26:21.947  3832  3916 V BluetoothServiceJni: remote_device_properties_callback: Status is: 0, Properties: 3
01-29 19:26:21.950  3832  3916 I btipc   : LE-REPORT:name:null,rssi:-94
01-29 19:26:21.951  3832  3916 V BluetoothServiceJni: remote_device_properties_callback: Status is: 0, Properties: 2
01-29 19:26:21.992  3832  3916 I btipc   : LE-REPORT:name:null,rssi:-92
01-29 19:26:21.993  3832  3916 V BluetoothServiceJni: remote_device_properties_callback: Status is: 0, Properties: 2
01-29 19:26:22.039  3832  3916 I btipc   : LE-REPORT:name:null,rssi:-96
01-29 19:26:22.039  3832  3916 V BluetoothServiceJni: remote_device_properties_callback: Status is: 0, Properties: 2
01-29 19:26:22.048  3832  3916 I btipc   : LE-REPORT:name:Remo-EEFA90,rssi:-102,1
01-29 19:26:22.048  3832  3916 V BluetoothServiceJni: remote_device_properties_callback: Status is: 0, Properties: 3
01-29 19:26:22.088  3832  3916 I btipc   : LE-REPORT:name:null,rssi:-98
01-29 19:26:22.088  3832  3916 V BluetoothServiceJni: remote_device_properties_callback: Status is: 0, Properties: 2
01-29 19:26:22.140  3832  3916 I btipc   : LE-REPORT:name:null,rssi:-90
01-29 19:26:22.140  3832  3916 V BluetoothServiceJni: remote_device_properties_callback: Status is: 0, Properties: 2
01-29 19:26:22.144  3832  3916 I btipc   : LE-REPORT:name:null,rssi:-88
01-29 19:26:22.144  3832  3916 V BluetoothServiceJni: remote_device_properties_callback: Status is: 0, Properties: 2
01-29 19:26:22.161   685   727 I /vendor/bin/hw/vendor.qti.hardware.servicetracker@1.1-service: bindService is called for service : com.google.android.configupdater/.MainJobService and for client system
01-29 19:26:22.161   685   727 I /vendor/bin/hw/vendor.qti.hardware.servicetracker@1.1-service: total connections for service : com.google.android.configupdater/.MainJobServiceare :1
01-29 19:26:22.162   685   727 I /vendor/bin/hw/vendor.qti.hardware.servicetracker@1.1-service: total connections for client : systemare :18
01-29 19:26:22.170   685   727 I /vendor/bin/hw/vendor.qti.hardware.servicetracker@1.1-service: startService() is called for servicecom.google.android.configupdater/.MainJobService
01-29 19:26:22.192   685   727 I /vendor/bin/hw/vendor.qti.hardware.servicetracker@1.1-service: unbindService is called for service : com.google.android.configupdater/.MainJobService and for client system
01-29 19:26:22.192   685   727 I /vendor/bin/hw/vendor.qti.hardware.servicetracker@1.1-service: size of service connections for service: com.google.android.configupdater/.MainJobServiceafter removal is 0
01-29 19:26:22.192   685   727 I /vendor/bin/hw/vendor.qti.hardware.servicetracker@1.1-service: size of client connections for client: systemafter removal is 17
01-29 19:26:22.195   685   727 I /vendor/bin/hw/vendor.qti.hardware.servicetracker@1.1-service: destroyService is called for service : com.google.android.configupdater/.MainJobService
01-29 19:26:22.243  3832  3916 I btipc   : LE-REPORT:name:Remo-EEFA90,rssi:-92,1
01-29 19:26:22.243  3832  3916 V BluetoothServiceJni: remote_device_properties_callback: Status is: 0, Properties: 3
01-29 19:26:22.246  3832  3916 I btipc   : LE-REPORT:name:Remo-EEFA90,rssi:-92,0
01-29 19:26:22.246  3832  3916 V BluetoothServiceJni: remote_device_properties_callback: Status is: 0, Properties: 3
01-29 19:26:22.258  6398  6398 W dex2oat : Could not open dex files from location: /data/app/com.google.android.trichromelibrary_541411833-lK3-p1wZGwXOdgEL3U-5IA==/base.apk
01-29 19:26:22.258  6398  6398 W dex2oat : Failed to open classpath dex files
01-29 19:26:22.258  1266  6291 D sd_screen: count:4 frame/s
01-29 19:26:22.342  3832  3916 I btipc   : LE-REPORT:name:null,rssi:-102
01-29 19:26:22.342  3832  3916 V BluetoothServiceJni: remote_device_properties_callback: Status is: 0, Properties: 2
01-29 19:26:22.383  6398  6398 I dex2oat : dex2oat took 730.382ms (834.195ms cpu) (threads: 8) arena alloc=0B (0B) java alloc=521KB (534384B) native alloc=2709KB (2774688B) free=498KB (510304B)
01-29 19:26:22.397  3832  3916 I btipc   : LE-REPORT:name:null,rssi:-90
01-29 19:26:22.397  3832  3916 V BluetoothServiceJni: remote_device_properties_callback: Status is: 0, Properties: 2
01-29 19:26:22.398   947   947 V installd: DexInv: --- END '/data/app/com.android.chrome-9ZSq4jhZMtFPjjtRF3D4WQ==/split_autofill_assistant.apk' (success) ---
01-29 19:26:22.400  3832  3916 I btipc   : LE-REPORT:name:null,rssi:-90
01-29 19:26:22.400  3832  3916 V BluetoothServiceJni: remote_device_properties_callback: Status is: 0, Properties: 2
01-29 19:26:22.440  3832  3916 I btipc   : LE-REPORT:name:Remo-EEFA90,rssi:-90,1
01-29 19:26:22.440  3832  3916 V BluetoothServiceJni: remote_device_properties_callback: Status is: 0, Properties: 3
01-29 19:26:22.499  3832  3916 I btipc   : LE-REPORT:name:null,rssi:-100
01-29 19:26:22.499  3832  3916 V BluetoothServiceJni: remote_device_properties_callback: Status is: 0, Properties: 2
01-29 19:26:22.598  3832  3916 I btipc   : LE-REPORT:name:null,rssi:-98
01-29 19:26:22.598  3832  3916 V BluetoothServiceJni: remote_device_properties_callback: Status is: 0, Properties: 2
01-29 19:26:22.639  3832  3916 I btipc   : LE-REPORT:name:Remo-EEFA90,rssi:-100,1
01-29 19:26:22.639  3832  3916 V BluetoothServiceJni: remote_device_properties_callback: Status is: 0, Properties: 3
01-29 19:26:22.648  3832  3916 I btipc   : LE-REPORT:name:null,rssi:-56
01-29 19:26:22.648  3832  3916 V BluetoothServiceJni: remote_device_properties_callback: Status is: 0, Properties: 2
01-29 19:26:22.651  3832  3916 I btipc   : LE-REPORT:name:null,rssi:-56
01-29 19:26:22.651  3832  3916 V BluetoothServiceJni: remote_device_properties_callback: Status is: 0, Properties: 2
01-29 19:26:22.668   685   727 I /vendor/bin/hw/vendor.qti.hardware.servicetracker@1.1-service: unbindService is called for service : com.google.android.gms/.chimera.PersistentBoundBrokerService and for client com.google.android.gms.persistent
01-29 19:26:22.674  2564  2564 D BoundBrokerSvc: onUnbind: Intent { act=com.google.android.gms.clearcut.bootcount.service.START dat=chimera-action: cmp=com.google.android.gms/.chimera.PersistentBoundBrokerService }
01-29 19:26:22.688  3832  3916 I btipc   : LE-REPORT:name:YamahaAV,rssi:-78,1
01-29 19:26:22.688  3832  3916 V BluetoothServiceJni: remote_device_properties_callback: Status is: 0, Properties: 3
01-29 19:26:22.691  3832  3916 I btipc   : LE-REPORT:name:null,rssi:-86
01-29 19:26:22.691  3832  3916 V BluetoothServiceJni: remote_device_properties_callback: Status is: 0, Properties: 2
01-29 19:26:22.693  3832  3916 I btipc   : LE-REPORT:name:null,rssi:-96
01-29 19:26:22.693  3832  3916 V BluetoothServiceJni: remote_device_properties_callback: Status is: 0, Properties: 2
01-29 19:26:22.698  3832  3916 I btipc   : LE-REPORT:name:Remo-EEFA90,rssi:-94,1
01-29 19:26:22.698  3832  3916 V BluetoothServiceJni: remote_device_properties_callback: Status is: 0, Properties: 3
01-29 19:26:22.838  3832  3916 I btipc   : LE-REPORT:name:null,rssi:-90
01-29 19:26:22.838  3832  3916 V BluetoothServiceJni: remote_device_properties_callback: Status is: 0, Properties: 2
01-29 19:26:22.898  3832  3916 I btipc   : LE-REPORT:name:Remo-EEFA90,rssi:-88,1
01-29 19:26:22.898  3832  3916 V BluetoothServiceJni: remote_device_properties_callback: Status is: 0, Properties: 3
01-29 19:26:22.901  3832  3916 I btipc   : LE-REPORT:name:YamahaAV,rssi:-78,1
01-29 19:26:22.902  3832  3916 V BluetoothServiceJni: remote_device_properties_callback: Status is: 0, Properties: 3
01-29 19:26:22.908   685   727 I /vendor/bin/hw/vendor.qti.hardware.servicetracker@1.1-service: unbindService is called for service : com.google.android.gms/.chimera.PersistentApiService and for client com.google.android.gms
01-29 19:26:22.944  3832  3916 I btipc   : LE-REPORT:name:null,rssi:-94
01-29 19:26:22.944  3832  3916 V BluetoothServiceJni: remote_device_properties_callback: Status is: 0, Properties: 2
01-29 19:26:22.965   685   727 I /vendor/bin/hw/vendor.qti.hardware.servicetracker@1.1-service: unbindService is called for service : com.google.android.gms/.lockbox.service.LockboxBrokerService and for client com.google.android.gms
01-29 19:26:22.965   685   727 I /vendor/bin/hw/vendor.qti.hardware.servicetracker@1.1-service: size of service connections for service: com.google.android.gms/.lockbox.service.LockboxBrokerServiceafter removal is 1
01-29 19:26:22.965   685   727 I /vendor/bin/hw/vendor.qti.hardware.servicetracker@1.1-service: size of client connections for client: com.google.android.gmsafter removal is 4
01-29 19:26:22.994  3832  3916 I btipc   : LE-REPORT:name:WM2,rssi:-98,0
01-29 19:26:22.994  1278  6303 W system_server: Could not open dex files from location: /data/app/com.google.android.trichromelibrary_541411833-lK3-p1wZGwXOdgEL3U-5IA==/base.apk
