01-29 19:26:15.940  3832  3916 I btipc   : LE-REPORT:name:null,rssi:-98
01-29 19:26:15.940  3832  3916 V BluetoothServiceJni: remote_device_properties_callback: Status is: 0, Properties: 2
01-29 19:26:15.944  3832  3916 I btipc   : LE-REPORT:name:null,rssi:-94
01-29 19:26:15.944  3832  3916 V BluetoothServiceJni: remote_device_properties_callback: Status is: 0, Properties: 2
01-29 19:26:16.043  3832  3916 I btipc   : LE-REPORT:name:null,rssi:-100
01-29 19:26:16.043  3832  3916 V BluetoothServiceJni: remote_device_properties_callback: Status is: 0, Properties: 2
01-29 19:26:16.052  1266  6291 D sd_screen: count:4 frame/s
01-29 19:26:16.090  3832  3916 I btipc   : LE-REPORT:name:null,rssi:-84
01-29 19:26:16.090  3832  3916 V BluetoothServiceJni: remote_device_properties_callback: Status is: 0, Properties: 2
01-29 19:26:16.093  3832  3916 I btipc   : LE-REPORT:name:null,rssi:-84
01-29 19:26:16.093  3832  3916 V BluetoothServiceJni: remote_device_properties_callback: Status is: 0, Properties: 2
01-29 19:26:16.146  3832  3916 I btipc   : LE-REPORT:name:null,rssi:-94
01-29 19:26:16.147  3832  3916 V BluetoothServiceJni: remote_device_properties_callback: Status is: 0, Properties: 2
01-29 19:26:16.150  3832  3916 I btipc   : LE-REPORT:name:null,rssi:-96
01-29 19:26:16.150  3832  3916 V BluetoothServiceJni: remote_device_properties_callback: Status is: 0, Properties: 2
01-29 19:26:16.208   685   727 I /vendor/bin/hw/vendor.qti.hardware.servicetracker@1.1-service: bindService is called for service : android/com.android.server.pm.BackgroundDexOptService and for client system
01-29 19:26:16.208   685   727 I /vendor/bin/hw/vendor.qti.hardware.servicetracker@1.1-service: total connections for service : android/com.android.server.pm.BackgroundDexOptServiceare :1
01-29 19:26:16.208   685   727 I /vendor/bin/hw/vendor.qti.hardware.servicetracker@1.1-service: total connections for client : systemare :17
01-29 19:26:16.213   685   727 I /vendor/bin/hw/vendor.qti.hardware.servicetracker@1.1-service: startService() is called for serviceandroid/com.android.server.pm.BackgroundDexOptService
01-29 19:26:16.246  1278  6303 I system_server: The ClassLoaderContext is a special shared library.
01-29 19:26:16.287  1278  6303 I system_server: The ClassLoaderContext is a special shared library.
01-29 19:26:16.288  3832  3916 I btipc   : LE-REPORT:name:null,rssi:-98
01-29 19:26:16.288  3832  3916 V BluetoothServiceJni: remote_device_properties_callback: Status is: 0, Properties: 2
01-29 19:26:16.301  1278  6303 I system_server: The ClassLoaderContext is a special shared library.
01-29 19:26:16.304  1278  6303 I chatty  : uid=1000 system_server identical 1 line
01-29 19:26:16.306  1278  6303 I system_server: The ClassLoaderContext is a special shared library.
01-29 19:26:16.309   685   727 I /vendor/bin/hw/vendor.qti.hardware.servicetracker@1.1-service: bindService is called for service : com.google.android.gms/.ads.social.GcmSchedulerWakeupService and for client com.google.android.gms.persistent
01-29 19:26:16.309   685   727 I /vendor/bin/hw/vendor.qti.hardware.servicetracker@1.1-service: total connections for service : com.google.android.gms/.ads.social.GcmSchedulerWakeupServiceare :1
01-29 19:26:16.309   685   727 I /vendor/bin/hw/vendor.qti.hardware.servicetracker@1.1-service: total connections for client : com.google.android.gms.persistentare :7
01-29 19:26:16.314   685   727 I /vendor/bin/hw/vendor.qti.hardware.servicetracker@1.1-service: startService() is called for servicecom.google.android.gms/.ads.social.GcmSchedulerWakeupService
01-29 19:26:16.321  1278  6303 I system_server: The ClassLoaderContext is a special shared library.
01-29 19:26:16.327  2564  6102 I NetworkScheduler.Stats: Task com.google.android.gms/com.google.android.gms.ads.social.GcmSchedulerWakeupService started execution. cause:4 exec_start_elapsed_seconds: 75 [CONTEXT service_id=218 ]
01-29 19:26:16.334   685   727 I /vendor/bin/hw/vendor.qti.hardware.servicetracker@1.1-service: bindService is called for service : com.google.android.gms/.chimera.PersistentApiService and for client com.google.android.gms
01-29 19:26:16.334   685   727 I /vendor/bin/hw/vendor.qti.hardware.servicetracker@1.1-service: total connections for service : com.google.android.gms/.chimera.PersistentApiServiceare :4
01-29 19:26:16.334   685   727 I /vendor/bin/hw/vendor.qti.hardware.servicetracker@1.1-service: total connections for client : com.google.android.gmsare :5
01-29 19:26:16.338  2564  2564 D BoundBrokerSvc: onBind: Intent { act=com.google.android.gms.presencemanager.service.START dat=chimera-action: cmp=com.google.android.gms/.chimera.PersistentApiService }
01-29 19:26:16.338  2564  2564 D BoundBrokerSvc: Loading bound service for intent: Intent { act=com.google.android.gms.presencemanager.service.START dat=chimera-action: cmp=com.google.android.gms/.chimera.PersistentApiService }
01-29 19:26:16.339  3832  3916 I btipc   : LE-REPORT:name:null,rssi:-56
01-29 19:26:16.339  3832  3916 V BluetoothServiceJni: remote_device_properties_callback: Status is: 0, Properties: 2
01-29 19:26:16.343  3832  3916 I btipc   : LE-REPORT:name:null,rssi:-56
01-29 19:26:16.343  3832  3916 V BluetoothServiceJni: remote_device_properties_callback: Status is: 0, Properties: 2
01-29 19:26:16.355   685   727 I /vendor/bin/hw/vendor.qti.hardware.servicetracker@1.1-service: bindService is called for service : com.google.android.gms/.auth.GetToken and for client com.google.android.gms
01-29 19:26:16.355   685   727 I /vendor/bin/hw/vendor.qti.hardware.servicetracker@1.1-service: total connections for service : com.google.android.gms/.auth.GetTokenare :1
01-29 19:26:16.355   685   727 I /vendor/bin/hw/vendor.qti.hardware.servicetracker@1.1-service: total connections for client : com.google.android.gmsare :6
01-29 19:26:16.359   685   727 I /vendor/bin/hw/vendor.qti.hardware.servicetracker@1.1-service: startService() is called for servicecom.google.android.gms/.auth.GetToken
01-29 19:26:16.365   685   727 I /vendor/bin/hw/vendor.qti.hardware.servicetracker@1.1-service: bindService is called for service : com.google.android.gms/.chimera.PersistentApiService and for client com.google.android.gms
01-29 19:26:16.366   685   727 I /vendor/bin/hw/vendor.qti.hardware.servicetracker@1.1-service: total connections for service : com.google.android.gms/.chimera.PersistentApiServiceare :4
01-29 19:26:16.366   685   727 I /vendor/bin/hw/vendor.qti.hardware.servicetracker@1.1-service: total connections for client : com.google.android.gmsare :6
01-29 19:26:16.383  2564  2564 D BoundBrokerSvc: onBind: Intent { act=com.google.android.gms.presencemanager.service.INTERNAL_IDENTITY dat=chimera-action: cmp=com.google.android.gms/.chimera.PersistentApiService }
01-29 19:26:16.383  2564  2564 D BoundBrokerSvc: Loading bound service for intent: Intent { act=com.google.android.gms.presencemanager.service.INTERNAL_IDENTITY dat=chimera-action: cmp=com.google.android.gms/.chimera.PersistentApiService }
01-29 19:26:16.390  2564  2589 I .gms.persisten: Background concurrent copying GC freed 253939(11MB) AllocSpace objects, 6(124KB) LOS objects, 49% free, 10MB/20MB, paused 69us total 104.648ms
01-29 19:26:16.392  3832  3916 I btipc   : LE-REPORT:name:Remo-EEFA90,rssi:-94,1
01-29 19:26:16.392  3832  3916 V BluetoothServiceJni: remote_device_properties_callback: Status is: 0, Properties: 3
01-29 19:26:16.393  3832  3916 I btipc   : LE-REPORT:name:null,rssi:-90
01-29 19:26:16.393  3832  3916 V BluetoothServiceJni: remote_device_properties_callback: Status is: 0, Properties: 2
01-29 19:26:16.404   685   727 I /vendor/bin/hw/vendor.qti.hardware.servicetracker@1.1-service: bindService is called for service : com.google.android.gms/.gcm.http.GoogleHttpService and for client com.google.android.gms
01-29 19:26:16.404   685   727 I /vendor/bin/hw/vendor.qti.hardware.servicetracker@1.1-service: total connections for service : com.google.android.gms/.gcm.http.GoogleHttpServiceare :1
01-29 19:26:16.404   685   727 I /vendor/bin/hw/vendor.qti.hardware.servicetracker@1.1-service: total connections for client : com.google.android.gmsare :7
01-29 19:26:16.407   685   727 I /vendor/bin/hw/vendor.qti.hardware.servicetracker@1.1-service: startService() is called for servicecom.google.android.gms/.gcm.http.GoogleHttpService
01-29 19:26:16.412  1278  6303 I system_server: The ClassLoaderContext is a special shared library.
01-29 19:26:16.421  1278  6303 I chatty  : uid=1000 system_server identical 1 line
01-29 19:26:16.439  1278  6303 I system_server: The ClassLoaderContext is a special shared library.
01-29 19:26:16.441  3832  3916 I btipc   : LE-REPORT:name:null,rssi:-102
01-29 19:26:16.441  3832  3916 V BluetoothServiceJni: remote_device_properties_callback: Status is: 0, Properties: 2
01-29 19:26:16.441  1278  6303 I system_server: The ClassLoaderContext is a special shared library.
01-29 19:26:16.450  1278  6303 I chatty  : uid=1000 system_server identical 2 lines
01-29 19:26:16.456  1278  6303 I system_server: The ClassLoaderContext is a special shared library.
01-29 19:26:16.487  3832  3916 I btipc   : LE-REPORT:name:YamahaAV,rssi:-80,1
01-29 19:26:16.487  3832  3916 V BluetoothServiceJni: remote_device_properties_callback: Status is: 0, Properties: 3
01-29 19:26:16.495  3832  3916 I btipc   : LE-REPORT:name:null,rssi:-92
01-29 19:26:16.495  3832  3916 V BluetoothServiceJni: remote_device_properties_callback: Status is: 0, Properties: 2
01-29 19:26:16.498  3832  3916 I btipc   : LE-REPORT:name:null,rssi:-94
01-29 19:26:16.499  3832  3916 V BluetoothServiceJni: remote_device_properties_callback: Status is: 0, Properties: 2
01-29 19:26:16.557  1278  6303 I system_server: The ClassLoaderContext is a special shared library.
01-29 19:26:16.572  1278  6303 I chatty  : uid=1000 system_server identical 2 lines
01-29 19:26:16.575  1278  6303 I system_server: The ClassLoaderContext is a special shared library.
01-29 19:26:16.588  3832  3916 I btipc   : LE-REPORT:name:null,rssi:-94
01-29 19:26:16.588  3832  3916 V BluetoothServiceJni: remote_device_properties_callback: Status is: 0, Properties: 2
01-29 19:26:16.589  1278  6303 I system_server: The ClassLoaderContext is a special shared library.
01-29 19:26:16.592  3832  3916 I btipc   : LE-REPORT:name:null,rssi:-94
01-29 19:26:16.592  3832  3916 V BluetoothServiceJni: remote_device_properties_callback: Status is: 0, Properties: 2
01-29 19:26:16.592  1278  6303 I system_server: The ClassLoaderContext is a special shared library.
01-29 19:26:16.595  3832  3916 I btipc   : LE-REPORT:name:YamahaAV,rssi:-80,1
01-29 19:26:16.595  3832  3916 V BluetoothServiceJni: remote_device_properties_callback: Status is: 0, Properties: 3
01-29 19:26:16.598  3832  3916 I btipc   : LE-REPORT:name:YamahaAV,rssi:-80,0
01-29 19:26:16.598  3832  3916 V BluetoothServiceJni: remote_device_properties_callback: Status is: 0, Properties: 3
01-29 19:26:16.601  3832  3916 I btipc   : LE-REPORT:name:Remo-EEFA90,rssi:-90,1
01-29 19:26:16.601  3832  3916 V BluetoothServiceJni: remote_device_properties_callback: Status is: 0, Properties: 3
01-29 19:26:16.601  1278  6303 I system_server: The ClassLoaderContext is a special shared library.
01-29 19:26:16.612  1278  6303 I chatty  : uid=1000 system_server identical 2 lines
01-29 19:26:16.636  1278  6303 I system_server: The ClassLoaderContext is a special shared library.
01-29 19:26:16.642  3832  3916 I btipc   : LE-REPORT:name:null,rssi:-88
01-29 19:26:16.642  3832  3916 V BluetoothServiceJni: remote_device_properties_callback: Status is: 0, Properties: 2
01-29 19:26:16.643  1278  6303 I system_server: The ClassLoaderContext is a special shared library.
01-29 19:26:16.645  3832  3916 I btipc   : LE-REPORT:name:null,rssi:-88
01-29 19:26:16.645  3832  3916 V BluetoothServiceJni: remote_device_properties_callback: Status is: 0, Properties: 2
01-29 19:26:16.648  3832  3916 I btipc   : LE-REPORT:name:null,rssi:-94
01-29 19:26:16.648  3832  3916 V BluetoothServiceJni: remote_device_properties_callback: Status is: 0, Properties: 2
01-29 19:26:16.650  1278  6303 I system_server: The ClassLoaderContext is a special shared library.
01-29 19:26:16.650  3832  3916 I btipc   : LE-REPORT:name:null,rssi:-94
01-29 19:26:16.651  3832  3916 V BluetoothServiceJni: remote_device_properties_callback: Status is: 0, Properties: 2
01-29 19:26:16.657  1278  6303 I system_server: The ClassLoaderContext is a special shared library.
01-29 19:26:16.681  1278  6303 I chatty  : uid=1000 system_server identical 3 lines
01-29 19:26:16.685  1278  6303 I system_server: The ClassLoaderContext is a special shared library.
01-29 19:26:16.689  3832  3916 I btipc   : LE-REPORT:name:null,rssi:-94
01-29 19:26:16.692  3832  3916 V BluetoothServiceJni: remote_device_properties_callback: Status is: 0, Properties: 2
01-29 19:26:16.695  3832  3916 I btipc   : LE-REPORT:name:null,rssi:-94
01-29 19:26:16.696  3832  3916 V BluetoothServiceJni: remote_device_properties_callback: Status is: 0, Properties: 2
01-29 19:26:16.698  1278  6303 I system_server: The ClassLoaderContext is a special shared library.
01-29 19:26:16.699  3832  3916 I btipc   : LE-REPORT:name:null,rssi:-94
01-29 19:26:16.699  3832  3916 V BluetoothServiceJni: remote_device_properties_callback: Status is: 0, Properties: 2
01-29 19:26:16.700  1278  6303 I system_server: The ClassLoaderContext is a special shared library.
01-29 19:26:16.703  3832  3916 I btipc   : LE-REPORT:name:YamahaAV,rssi:-76,1
01-29 19:26:16.703  3832  3916 V BluetoothServiceJni: remote_device_properties_callback: Status is: 0, Properties: 3
01-29 19:26:16.706  3832  3916 I btipc   : LE-REPORT:name:null,rssi:-54
01-29 19:26:16.706  3832  3916 V BluetoothServiceJni: remote_device_properties_callback: Status is: 0, Properties: 2
01-29 19:26:16.719  1278  6303 I system_server: The ClassLoaderContext is a special shared library.
01-29 19:26:16.777  1278  6303 I chatty  : uid=1000 system_server identical 11 lines
01-29 19:26:16.787  1278  6303 I system_server: The ClassLoaderContext is a special shared library.
01-29 19:26:16.793  3832  3916 I btipc   : LE-REPORT:name:null,rssi:-98
01-29 19:26:16.793  3832  3916 V BluetoothServiceJni: remote_device_properties_callback: Status is: 0, Properties: 2
01-29 19:26:16.798  1278  6303 I system_server: The ClassLoaderContext is a special shared library.
01-29 19:26:16.802  3080  3473 W Conscrypt: Could not set socket write timeout: java.net.SocketException: Socket closed
01-29 19:26:16.802  3080  3473 W Conscrypt: 	at com.google.android.gms.org.conscrypt.Platform.setSocketWriteTimeout(:com.google.android.gms@230313028@23.03.13 (100400-503260631):2)
01-29 19:26:16.802  3080  3473 W Conscrypt: 	at com.google.android.gms.org.conscrypt.ConscryptFileDescriptorSocket.setSoWriteTimeout(:com.google.android.gms@230313028@23.03.13 (100400-503260631):0)
01-29 19:26:16.803  1278  6303 I system_server: The ClassLoaderContext is a special shared library.
01-29 19:26:16.829  1278  6303 I chatty  : uid=1000 system_server identical 7 lines
01-29 19:26:16.834  1278  6303 I system_server: The ClassLoaderContext is a special shared library.
01-29 19:26:16.847  3832  3916 I btipc   : LE-REPORT:name:null,rssi:-88
01-29 19:26:16.847  3832  3916 V BluetoothServiceJni: remote_device_properties_callback: Status is: 0, Properties: 2
01-29 19:26:16.866  1278  6303 I system_server: The ClassLoaderContext is a special shared library.
01-29 19:26:16.881  1278  6303 I chatty  : uid=1000 system_server identical 2 lines
01-29 19:26:16.886  1278  6303 I system_server: The ClassLoaderContext is a special shared library.
01-29 19:26:16.888  3832  3916 I btipc   : LE-REPORT:name:null,rssi:-56
01-29 19:26:16.889  3832  3916 V BluetoothServiceJni: remote_device_properties_callback: Status is: 0, Properties: 2
01-29 19:26:16.892  3832  3916 I btipc   : LE-REPORT:name:null,rssi:-56
01-29 19:26:16.893  3832  3916 V BluetoothServiceJni: remote_device_properties_callback: Status is: 0, Properties: 2
01-29 19:26:16.896  3832  3916 I btipc   : LE-REPORT:name:null,rssi:-94
01-29 19:26:16.896  3832  3916 V BluetoothServiceJni: remote_device_properties_callback: Status is: 0, Properties: 2
01-29 19:26:16.896  1278  6303 I system_server: The ClassLoaderContext is a special shared library.
01-29 19:26:16.898  1278  6303 I system_server: The ClassLoaderContext is a special shared library.
01-29 19:26:16.899  3832  3916 I btipc   : LE-REPORT:name:YamahaAV,rssi:-80,1
01-29 19:26:16.899  3832  3916 V BluetoothServiceJni: remote_device_properties_callback: Status is: 0, Properties: 3
01-29 19:26:16.906  1278  6303 I system_server: The ClassLoaderContext is a special shared library.
01-29 19:26:16.951  1278  6303 I chatty  : uid=1000 system_server identical 11 lines
01-29 19:26:16.957  1278  6303 I system_server: The ClassLoaderContext is a special shared library.
01-29 19:26:16.957  3080  3473 W Conscrypt: Could not set socket write timeout: java.net.SocketException: Socket closed
01-29 19:26:16.957  3080  3473 W Conscrypt: 	at com.google.android.gms.org.conscrypt.Platform.setSocketWriteTimeout(:com.google.android.gms@230313028@23.03.13 (100400-503260631):2)
01-29 19:26:16.958  3080  3473 W Conscrypt: 	at com.google.android.gms.org.conscrypt.ConscryptFileDescriptorSocket.setSoWriteTimeout(:com.google.android.gms@230313028@23.03.13 (100400-503260631):0)
01-29 19:26:17.017  1278  6303 I system_server: The ClassLoaderContext is a special shared library.
01-29 19:26:17.021  1278  6303 I chatty  : uid=1000 system_server identical 1 line
01-29 19:26:17.035  1278  6303 I system_server: The ClassLoaderContext is a special shared library.
01-29 19:26:17.037  1278  6303 W system_server: Could not open dex files from location: /data/app/com.google.android.trichromelibrary_541408533-HPREI4YFHA-_3ThVwmIoUA==/base.apk
01-29 19:26:17.039  1278  6303 I PackageManager.DexOptimizer: Running dexopt (dexoptNeeded=1) on: /data/app/com.google.android.webview-ypWJLeP7BlGG8mWl4GjudA==/base.apk pkg=com.google.android.webview isa=arm dexoptFlags=boot_complete,public,enable_hidden_api_checks targetFilter=verify oatDir=/data/app/com.google.android.webview-ypWJLeP7BlGG8mWl4GjudA==/oat classLoaderContext=PCL[]{PCL[/data/app/com.google.android.trichromelibrary_541408533-HPREI4YFHA-_3ThVwmIoUA==/base.apk]}
01-29 19:26:17.040  2564  6099 W GCoreUlr: Received locations too frequently.
01-29 19:26:17.040  2564  6099 I GCoreUlr: No valid location reports to store
01-29 19:26:17.041   947   947 V installd: DexInv: --- BEGIN '/data/app/com.google.android.webview-ypWJLeP7BlGG8mWl4GjudA==/base.apk' ---
01-29 19:26:17.041  3832  3916 I btipc   : LE-REPORT:name:null,rssi:-88
01-29 19:26:17.041  3832  3916 V BluetoothServiceJni: remote_device_properties_callback: Status is: 0, Properties: 2
01-29 19:26:17.045  3832  3916 I btipc   : LE-REPORT:name:Remo-EEFA90,rssi:-90,1
01-29 19:26:17.045  3832  3916 V BluetoothServiceJni: remote_device_properties_callback: Status is: 0, Properties: 3
01-29 19:26:17.110  2564  6102 W Conscrypt: Could not set socket write timeout: java.net.SocketException: Socket closed
01-29 19:26:17.110  2564  6102 W Conscrypt: 	at com.google.android.gms.org.conscrypt.Platform.setSocketWriteTimeout(:com.google.android.gms@230313028@23.03.13 (100400-503260631):2)
01-29 19:26:17.110  2564  6102 W Conscrypt: 	at com.google.android.gms.org.conscrypt.ConscryptFileDescriptorSocket.setSoWriteTimeout(:com.google.android.gms@230313028@23.03.13 (100400-503260631):0)
01-29 19:26:17.140  3832  3916 I btipc   : LE-REPORT:name:null,rssi:-98
01-29 19:26:17.140  3832  3916 V BluetoothServiceJni: remote_device_properties_callback: Status is: 0, Properties: 2
01-29 19:26:17.144  3832  3916 I btipc   : LE-REPORT:name:null,rssi:-90
01-29 19:26:17.144  3832  3916 V BluetoothServiceJni: remote_device_properties_callback: Status is: 0, Properties: 2
01-29 19:26:17.147  6314  6314 I dex2oat : /apex/com.android.runtime/bin/dex2oat --input-vdex-fd=-1 --output-vdex-fd=11 --resolve-startup-const-strings=true --max-image-block-size=524288 --compiler-filter=verify --classpath-dir=/data/app/com.google.android.webview-ypWJLeP7BlGG8mWl4GjudA== --class-loader-context=PCL[]{PCL[/data/app/com.google.android.trichromelibrary_541408533-HPREI4YFHA-_3ThVwmIoUA==/base.apk]} --generate-mini-debug-info --compact-dex-level=none --compilation-reason=boot
01-29 19:26:17.155  6314  6314 I dex2oat : setting boot class path to /apex/com.android.runtime/javalib/core-oj.jar:/apex/com.android.runtime/javalib/core-libart.jar:/apex/com.android.runtime/javalib/okhttp.jar:/apex/com.android.runtime/javalib/bouncycastle.jar:/apex/com.android.runtime/javalib/apache-xml.jar:/system/framework/framework.jar:/system/framework/ext.jar:/system/framework/telephony-common.jar:/system/framework/voip-common.jar:/system/framework/ims-common.jar:/system/framework/android.test.base.jar:/system/framework/tcmiface.jar:/system/framework/telephony-ext.jar:/system/framework/com.nxp.nfc.nq.jar:/system/framework/QPerformance.jar:/system/framework/UxPerformance.jar:/system/framework/WfdCommon.jar
01-29 19:26:17.186  1266  6291 D sd_screen: count:4 frame/s
01-29 19:26:17.238  3832  3916 I btipc   : LE-REPORT:name:null,rssi:-90
01-29 19:26:17.238  3832  3916 V BluetoothServiceJni: remote_device_properties_callback: Status is: 0, Properties: 2
01-29 19:26:17.242  3832  3916 I btipc   : LE-REPORT:name:null,rssi:-94
01-29 19:26:17.243  3832  3916 V BluetoothServiceJni: remote_device_properties_callback: Status is: 0, Properties: 2
01-29 19:26:17.246  3832  3916 I btipc   : LE-REPORT:name:Remo-EEFA90,rssi:-98,1
01-29 19:26:17.246  3832  3916 V BluetoothServiceJni: remote_device_properties_callback: Status is: 0, Properties: 3
01-29 19:26:17.256  6314  6314 W dex2oat : Could not open dex files from location: /data/app/com.google.android.trichromelibrary_541408533-HPREI4YFHA-_3ThVwmIoUA==/base.apk
01-29 19:26:17.256  6314  6314 W dex2oat : Failed to open classpath dex files
01-29 19:26:17.306   685   727 I /vendor/bin/hw/vendor.qti.hardware.servicetracker@1.1-service: unbindService is called for service : com.google.android.gms/.ads.social.GcmSchedulerWakeupService and for client com.google.android.gms.persistent
01-29 19:26:17.306   685   727 I /vendor/bin/hw/vendor.qti.hardware.servicetracker@1.1-service: size of service connections for service: com.google.android.gms/.ads.social.GcmSchedulerWakeupServiceafter removal is 0
01-29 19:26:17.307   685   727 I /vendor/bin/hw/vendor.qti.hardware.servicetracker@1.1-service: size of client connections for client: com.google.android.gms.persistentafter removal is 6
01-29 19:26:17.307   685   727 I /vendor/bin/hw/vendor.qti.hardware.servicetracker@1.1-service: destroyService is called for service : com.google.android.gms/.ads.social.GcmSchedulerWakeupService
01-29 19:26:17.316  2564  6101 I NetworkScheduler.Stats: Task com.google.android.gms/com.google.android.gms.ads.social.GcmSchedulerWakeupService finished executing. cause:4 result: 1 elapsed_millis: 1029 uptime_millis: 1029 exec_start_elapsed_seconds: 75 [CONTEXT service_id=218 ]
01-29 19:26:17.331  2564  6102 W Conscrypt: Could not set socket write timeout: java.net.SocketException: Socket closed
01-29 19:26:17.332  2564  6102 W Conscrypt: 	at com.google.android.gms.org.conscrypt.Platform.setSocketWriteTimeout(:com.google.android.gms@230313028@23.03.13 (100400-503260631):2)
01-29 19:26:17.332  2564  6102 W Conscrypt: 	at com.google.android.gms.org.conscrypt.ConscryptFileDescriptorSocket.setSoWriteTimeout(:com.google.android.gms@230313028@23.03.13 (100400-503260631):0)
01-29 19:26:17.394  3832  3916 I btipc   : LE-REPORT:name:null,rssi:-92
01-29 19:26:17.394  3832  3916 V BluetoothServiceJni: remote_device_properties_callback: Status is: 0, Properties: 2
01-29 19:26:17.397  3832  3916 I btipc   : LE-REPORT:name:null,rssi:-98
01-29 19:26:17.397  3832  3916 V BluetoothServiceJni: remote_device_properties_callback: Status is: 0, Properties: 2
01-29 19:26:17.399  3832  3916 I btipc   : LE-REPORT:name:null,rssi:-96
01-29 19:26:17.400  3832  3916 V BluetoothServiceJni: remote_device_properties_callback: Status is: 0, Properties: 2
01-29 19:26:17.443  3832  3916 I btipc   : LE-REPORT:name:null,rssi:-88
01-29 19:26:17.443  3832  3916 V BluetoothServiceJni: remote_device_properties_callback: Status is: 0, Properties: 2
01-29 19:26:17.493  3832  3916 I btipc   : LE-REPORT:name:Remo-EEFA90,rssi:-90,0
01-29 19:26:17.493  3832  3916 V BluetoothServiceJni: remote_device_properties_callback: Status is: 0, Properties: 3
01-29 19:26:17.545  3832  3916 I btipc   : LE-REPORT:name:null,rssi:-92
01-29 19:26:17.545  3832  3916 V BluetoothServiceJni: remote_device_properties_callback: Status is: 0, Properties: 2
01-29 19:26:17.550  3832  3916 I btipc   : LE-REPORT:name:null,rssi:-92
01-29 19:26:17.550  3832  3916 V BluetoothServiceJni: remote_device_properties_callback: Status is: 0, Properties: 2
01-29 19:26:17.594  3832  3916 I btipc   : LE-REPORT:name:null,rssi:-100
01-29 19:26:17.594  3832  3916 V BluetoothServiceJni: remote_device_properties_callback: Status is: 0, Properties: 2
01-29 19:26:17.641  3832  3916 I btipc   : LE-REPORT:name:null,rssi:-94
01-29 19:26:17.642  3832  3916 V BluetoothServiceJni: remote_device_properties_callback: Status is: 0, Properties: 2
01-29 19:26:17.695  3832  3916 I btipc   : LE-REPORT:name:null,rssi:-94
01-29 19:26:17.695  3832  3916 V BluetoothServiceJni: remote_device_properties_callback: Status is: 0, Properties: 2
01-29 19:26:17.698  3832  3916 I btipc   : LE-REPORT:name:null,rssi:-94
01-29 19:26:17.699  3832  3916 V BluetoothServiceJni: remote_device_properties_callback: Status is: 0, Properties: 2
01-29 19:26:17.702  3832  3916 I btipc   : LE-REPORT:name:null,rssi:-94
01-29 19:26:17.702  3832  3916 V BluetoothServiceJni: remote_device_properties_callback: Status is: 0, Properties: 2
01-29 19:26:17.712  6314  6314 I dex2oat : dex2oat took 569.240ms (1.485s cpu) (threads: 8) arena alloc=0B (0B) java alloc=2769KB (2836208B) native alloc=3678KB (3766688B) free=685KB (702048B)
01-29 19:26:17.722   947   947 V installd: DexInv: --- END '/data/app/com.google.android.webview-ypWJLeP7BlGG8mWl4GjudA==/base.apk' (success) ---
01-29 19:26:17.725  1278  6303 W system_server: Could not open dex files from location: /data/app/com.google.android.trichromelibrary_541408533-HPREI4YFHA-_3ThVwmIoUA==/base.apk
01-29 19:26:17.727  1278  6303 I PackageManager.DexOptimizer: Running dexopt (dexoptNeeded=1) on: /data/app/com.google.android.webview-ypWJLeP7BlGG8mWl4GjudA==/base.apk pkg=com.google.android.webview isa=arm64 dexoptFlags=boot_complete,public,enable_hidden_api_checks targetFilter=verify oatDir=/data/app/com.google.android.webview-ypWJLeP7BlGG8mWl4GjudA==/oat classLoaderContext=PCL[]{PCL[/data/app/com.google.android.trichromelibrary_541408533-HPREI4YFHA-_3ThVwmIoUA==/base.apk]}
01-29 19:26:17.728   947   947 V installd: DexInv: --- BEGIN '/data/app/com.google.android.webview-ypWJLeP7BlGG8mWl4GjudA==/base.apk' ---
01-29 19:26:17.742  3832  3916 I btipc   : LE-REPORT:name:null,rssi:-94
01-29 19:26:17.742  3832  3916 V BluetoothServiceJni: remote_device_properties_callback: Status is: 0, Properties: 2
01-29 19:26:17.749  3832  3916 I btipc   : LE-REPORT:name:null,rssi:-96
01-29 19:26:17.749  3832  3916 V BluetoothServiceJni: remote_device_properties_callback: Status is: 0, Properties: 2
01-29 19:26:17.780  6326  6326 I dex2oat : /apex/com.android.runtime/bin/dex2oat --input-vdex-fd=-1 --output-vdex-fd=11 --resolve-startup-const-strings=true --max-image-block-size=524288 --compiler-filter=verify --classpath-dir=/data/app/com.google.android.webview-ypWJLeP7BlGG8mWl4GjudA== --class-loader-context=PCL[]{PCL[/data/app/com.google.android.trichromelibrary_541408533-HPREI4YFHA-_3ThVwmIoUA==/base.apk]} --generate-mini-debug-info --compact-dex-level=none --compilation-reason=boot
01-29 19:26:17.784  6326  6326 I dex2oat : setting boot class path to /apex/com.android.runtime/javalib/core-oj.jar:/apex/com.android.runtime/javalib/core-libart.jar:/apex/com.android.runtime/javalib/okhttp.jar:/apex/com.android.runtime/javalib/bouncycastle.jar:/apex/com.android.runtime/javalib/apache-xml.jar:/system/framework/framework.jar:/system/framework/ext.jar:/system/framework/telephony-common.jar:/system/framework/voip-common.jar:/system/framework/ims-common.jar:/system/framework/android.test.base.jar:/system/framework/tcmiface.jar:/system/framework/telephony-ext.jar:/system/framework/com.nxp.nfc.nq.jar:/system/framework/QPerformance.jar:/system/framework/UxPerformance.jar:/system/framework/WfdCommon.jar
01-29 19:26:17.825   685   727 I /vendor/bin/hw/vendor.qti.hardware.servicetracker@1.1-service: bindService is called for service : com.google.android.googlequicksearchbox/com.google.android.apps.gsa.tasks.BackgroundTasksJobService and for client system
01-29 19:26:17.825   685   727 I /vendor/bin/hw/vendor.qti.hardware.servicetracker@1.1-service: total connections for service : com.google.android.googlequicksearchbox/com.google.android.apps.gsa.tasks.BackgroundTasksJobServiceare :1
01-29 19:26:17.825   685   727 I /vendor/bin/hw/vendor.qti.hardware.servicetracker@1.1-service: total connections for client : systemare :18
01-29 19:26:17.833   685   727 I /vendor/bin/hw/vendor.qti.hardware.servicetracker@1.1-service: startService() is called for servicecom.google.android.googlequicksearchbox/com.google.android.apps.gsa.tasks.BackgroundTasksJobService
01-29 19:26:17.839  3832  3916 I btipc   : LE-REPORT:name:YamahaAV,rssi:-78,1
01-29 19:26:17.839  3832  3916 V BluetoothServiceJni: remote_device_properties_callback: Status is: 0, Properties: 3
01-29 19:26:17.842  3832  3916 I btipc   : LE-REPORT:name:YamahaAV,rssi:-78,0
01-29 19:26:17.842  3832  3916 V BluetoothServiceJni: remote_device_properties_callback: Status is: 0, Properties: 3
01-29 19:26:17.847  3422  3422 I BgTaskExecutorImpl: (REDACTED) Starting %s background task %s.
01-29 19:26:17.850  3832  3916 I btipc   : LE-REPORT:name:null,rssi:-98
01-29 19:26:17.850  3832  3916 V BluetoothServiceJni: remote_device_properties_callback: Status is: 0, Properties: 2
01-29 19:26:17.861   685   727 I /vendor/bin/hw/vendor.qti.hardware.servicetracker@1.1-service: bindService is called for service : com.google.android.gms/.lockbox.service.LockboxBrokerService and for client com.google.android.googlequicksearchbox:search
01-29 19:26:17.861   685   727 I /vendor/bin/hw/vendor.qti.hardware.servicetracker@1.1-service: total connections for service : com.google.android.gms/.lockbox.service.LockboxBrokerServiceare :2
01-29 19:26:17.861   685   727 I /vendor/bin/hw/vendor.qti.hardware.servicetracker@1.1-service: total connections for client : com.google.android.googlequicksearchbox:searchare :4
01-29 19:26:17.868   685   727 I /vendor/bin/hw/vendor.qti.hardware.servicetracker@1.1-service: bindService is called for service : com.google.android.gms/.chimera.PersistentApiService and for client com.google.android.googlequicksearchbox:search
01-29 19:26:17.868   685   727 I /vendor/bin/hw/vendor.qti.hardware.servicetracker@1.1-service: total connections for service : com.google.android.gms/.chimera.PersistentApiServiceare :5
01-29 19:26:17.868   685   727 I /vendor/bin/hw/vendor.qti.hardware.servicetracker@1.1-service: total connections for client : com.google.android.googlequicksearchbox:searchare :5
01-29 19:26:17.876  2564  3781 I FacsCacheGmsModule: Receiving API connection to FACS API from package 'com.google.android.googlequicksearchbox'...
01-29 19:26:17.884   685   727 I /vendor/bin/hw/vendor.qti.hardware.servicetracker@1.1-service: bindService is called for service : com.google.android.googlequicksearchbox/com.google.android.apps.gsa.tasks.BackgroundTasksJobService and for client system
01-29 19:26:17.884   685   727 I /vendor/bin/hw/vendor.qti.hardware.servicetracker@1.1-service: total connections for service : com.google.android.googlequicksearchbox/com.google.android.apps.gsa.tasks.BackgroundTasksJobServiceare :1
01-29 19:26:17.884   685   727 I /vendor/bin/hw/vendor.qti.hardware.servicetracker@1.1-service: total connections for client : systemare :18
01-29 19:26:17.889  3422  3422 I BgTaskExecutorImpl: (REDACTED) Starting %s background task %s.
01-29 19:26:17.896  6326  6326 W dex2oat : Could not open dex files from location: /data/app/com.google.android.trichromelibrary_541408533-HPREI4YFHA-_3ThVwmIoUA==/base.apk
01-29 19:26:17.896  6326  6326 W dex2oat : Failed to open classpath dex files
01-29 19:26:17.898   685   727 I /vendor/bin/hw/vendor.qti.hardware.servicetracker@1.1-service: unbindService is called for service : com.google.android.googlequicksearchbox/com.google.android.apps.gsa.tasks.BackgroundTasksJobService and for client system
01-29 19:26:17.904  2564  3781 I FacsCacheGmsModule: API connection successful!
01-29 19:26:17.906  3080  3188 I FacsCacheGmsModule: Receiving API connection to internal FACS API...
01-29 19:26:17.909  2564  3781 I FacsCacheGmsModule: Received 'getActivityControlsSettings' request from package 'com.google.android.googlequicksearchbox', instance id 'AGSA_UDC_INSTANCE', version '1'...
01-29 19:26:17.910  2564  3781 I FacsCacheGmsModule: Operation 'getActivityControlsSettings' dispatched!
01-29 19:26:17.912  2564  5809 I FacsCacheGmsModule: Executing operation 'GetActivityControlsSettingsOperation'...
01-29 19:26:17.920  3080  3188 I FacsCacheGmsModule: API connection successful!
01-29 19:26:17.925  2564  5809 I FacsCacheGmsModule: Operation 'GetActivityControlsSettingsOperation' successful!
01-29 19:26:17.942  3832  3916 I btipc   : LE-REPORT:name:YamahaAV,rssi:-80,1
01-29 19:26:17.942  3832  3916 V BluetoothServiceJni: remote_device_properties_callback: Status is: 0, Properties: 3
01-29 19:26:17.947  3832  3916 I btipc   : LE-REPORT:name:Remo-EEFA90,rssi:-90,1
01-29 19:26:17.947  3832  3916 V BluetoothServiceJni: remote_device_properties_callback: Status is: 0, Properties: 3
01-29 19:26:17.994  3832  3916 I btipc   : LE-REPORT:name:null,rssi:-92
01-29 19:26:17.994  3832  3916 V BluetoothServiceJni: remote_device_properties_callback: Status is: 0, Properties: 2
01-29 19:26:18.013  3422  6025 W earchbox:searc: Long monitor contention with owner BG Thread #0 (3652) at boolean libcore.io.Linux.access(java.lang.String, int)(Linux.java:-2) waiters=1 in java.io.File android.app.ContextImpl.getFilesDir() for 118ms
01-29 19:26:18.016  3422  4072 I A       : Falling back to non-UDC sources
01-29 19:26:18.017  3422  4072 I A       : (REDACTED) Setting = %s, optedInt = %s
01-29 19:26:18.021  3422  3957 W earchbox:searc: Long monitor contention with owner Blocking Thread #9 (4267) at java.io.File android.app.ContextImpl.getFilesDir()(ContextImpl.java:677) waiters=0 in void com.google.android.apps.gsa.k.d.d(com.google.android.apps.gsa.k.c) for 129ms
01-29 19:26:18.026   685   727 I /vendor/bin/hw/vendor.qti.hardware.servicetracker@1.1-service: bindService is called for service : com.google.android.gms/com.google.android.location.reporting.service.ReportingAndroidService and for client com.google.android.googlequicksearchbox:search
01-29 19:26:18.026   685   727 I /vendor/bin/hw/vendor.qti.hardware.servicetracker@1.1-service: total connections for service : com.google.android.gms/com.google.android.location.reporting.service.ReportingAndroidServiceare :1
01-29 19:26:18.027   685   727 I /vendor/bin/hw/vendor.qti.hardware.servicetracker@1.1-service: total connections for client : com.google.android.googlequicksearchbox:searchare :6
01-29 19:26:18.031   685   727 I /vendor/bin/hw/vendor.qti.hardware.servicetracker@1.1-service: startService() is called for servicecom.google.android.gms/com.google.android.location.reporting.service.ReportingAndroidService
01-29 19:26:18.041  3832  3916 I btipc   : LE-REPORT:name:null,rssi:-100
01-29 19:26:18.041  3832  3916 V BluetoothServiceJni: remote_device_properties_callback: Status is: 0, Properties: 2
01-29 19:26:18.044  3832  3916 I btipc   : LE-REPORT:name:YamahaAV,rssi:-76,1
01-29 19:26:18.044  3832  3916 V BluetoothServiceJni: remote_device_properties_callback: Status is: 0, Properties: 3
01-29 19:26:18.080   685   727 I /vendor/bin/hw/vendor.qti.hardware.servicetracker@1.1-service: unbindService is called for service : com.google.android.googlequicksearchbox/com.google.android.apps.gsa.tasks.BackgroundTasksJobService and for client system
01-29 19:26:18.081   685   727 I /vendor/bin/hw/vendor.qti.hardware.servicetracker@1.1-service: size of service connections for service: com.google.android.googlequicksearchbox/com.google.android.apps.gsa.tasks.BackgroundTasksJobServiceafter removal is 0
01-29 19:26:18.081   685   727 I /vendor/bin/hw/vendor.qti.hardware.servicetracker@1.1-service: size of client connections for client: systemafter removal is 17
01-29 19:26:18.082   685   727 I /vendor/bin/hw/vendor.qti.hardware.servicetracker@1.1-service: destroyService is called for service : com.google.android.googlequicksearchbox/com.google.android.apps.gsa.tasks.BackgroundTasksJobService
01-29 19:26:18.141  3832  3916 I btipc   : LE-REPORT:name:null,rssi:-94
01-29 19:26:18.142  3832  3916 V BluetoothServiceJni: remote_device_properties_callback: Status is: 0, Properties: 2
01-29 19:26:18.146  3832  3916 I btipc   : LE-REPORT:name:YamahaAV,rssi:-78,1
01-29 19:26:18.146  3832  3916 V BluetoothServiceJni: remote_device_properties_callback: Status is: 0, Properties: 3
01-29 19:26:18.188  3832  3916 I btipc   : LE-REPORT:name:null,rssi:-94
01-29 19:26:18.188  3832  3916 V BluetoothServiceJni: remote_device_properties_callback: Status is: 0, Properties: 2
01-29 19:26:18.192  3832  3916 I btipc   : LE-REPORT:name:null,rssi:-92
01-29 19:26:18.192  3832  3916 V BluetoothServiceJni: remote_device_properties_callback: Status is: 0, Properties: 2
01-29 19:26:18.194  3832  3916 I btipc   : LE-REPORT:name:null,rssi:-88
01-29 19:26:18.194  3832  3916 V BluetoothServiceJni: remote_device_properties_callback: Status is: 0, Properties: 2
01-29 19:26:18.240  3832  3916 I btipc   : LE-REPORT:name:null,rssi:-90
01-29 19:26:18.240  3832  3916 V BluetoothServiceJni: remote_device_properties_callback: Status is: 0, Properties: 2
01-29 19:26:18.290  3832  3916 I btipc   : LE-REPORT:name:null,rssi:-88
01-29 19:26:18.290  3832  3916 V BluetoothServiceJni: remote_device_properties_callback: Status is: 0, Properties: 2
01-29 19:26:18.293  3832  3916 I btipc   : LE-REPORT:name:null,rssi:-88
01-29 19:26:18.293  3832  3916 V BluetoothServiceJni: remote_device_properties_callback: Status is: 0, Properties: 2
01-29 19:26:18.304  1266  6291 D sd_screen: count:4 frame/s
01-29 19:26:18.338  3832  3916 I btipc   : LE-REPORT:name:Remo-EEFA90,rssi:-92,0
01-29 19:26:18.338  3832  3916 V BluetoothServiceJni: remote_device_properties_callback: Status is: 0, Properties: 3
01-29 19:26:18.342  6326  6326 I dex2oat : dex2oat took 565.413ms (1.652s cpu) (threads: 8) arena alloc=0B (0B) java alloc=4357KB (4461848B) native alloc=4320KB (4423704B) free=719KB (737256B)
01-29 19:26:18.349   947   947 V installd: DexInv: --- END '/data/app/com.google.android.webview-ypWJLeP7BlGG8mWl4GjudA==/base.apk' (success) ---
01-29 19:26:18.499  1278  6303 W system_server: Could not open dex files from location: /data/app/com.google.android.trichromelibrary_541408533-HPREI4YFHA-_3ThVwmIoUA==/base.apk
01-29 19:26:18.500  1278  6303 I PackageManager.DexOptimizer: Running dexopt (dexoptNeeded=1) on: /data/app/com.google.android.webview-ypWJLeP7BlGG8mWl4GjudA==/split_weblayer.apk pkg=com.google.android.webview isa=arm dexoptFlags=boot_complete,public,enable_hidden_api_checks targetFilter=verify oatDir=/data/app/com.google.android.webview-ypWJLeP7BlGG8mWl4GjudA==/oat classLoaderContext=PCL[];PCL[base.apk]{PCL[/data/app/com.google.android.trichromelibrary_541408533-HPREI4YFHA-_3ThVwmIoUA==/base.apk]}
01-29 19:26:18.501   947   947 V installd: DexInv: --- BEGIN '/data/app/com.google.android.webview-ypWJLeP7BlGG8mWl4GjudA==/split_weblayer.apk' ---
01-29 19:26:18.540  3832  3916 I btipc   : LE-REPORT:name:null,rssi:-88
01-29 19:26:18.540  3832  3916 V BluetoothServiceJni: remote_device_properties_callback: Status is: 0, Properties: 2
01-29 19:26:18.554  6339  6339 I dex2oat : /apex/com.android.runtime/bin/dex2oat --input-vdex-fd=-1 --output-vdex-fd=11 --resolve-startup-const-strings=true --max-image-block-size=524288 --compiler-filter=verify --classpath-dir=/data/app/com.google.android.webview-ypWJLeP7BlGG8mWl4GjudA== --class-loader-context=PCL[];PCL[base.apk]{PCL[/data/app/com.google.android.trichromelibrary_541408533-HPREI4YFHA-_3ThVwmIoUA==/base.apk]} --generate-mini-debug-info --compact-dex-level=none --compilation-reason=boot
01-29 19:26:18.558  6339  6339 I dex2oat : setting boot class path to /apex/com.android.runtime/javalib/core-oj.jar:/apex/com.android.runtime/javalib/core-libart.jar:/apex/com.android.runtime/javalib/okhttp.jar:/apex/com.android.runtime/javalib/bouncycastle.jar:/apex/com.android.runtime/javalib/apache-xml.jar:/system/framework/framework.jar:/system/framework/ext.jar:/system/framework/telephony-common.jar:/system/framework/voip-common.jar:/system/framework/ims-common.jar:/system/framework/android.test.base.jar:/system/framework/tcmiface.jar:/system/framework/telephony-ext.jar:/system/framework/com.nxp.nfc.nq.jar:/system/framework/QPerformance.jar:/system/framework/UxPerformance.jar:/system/framework/WfdCommon.jar
01-29 19:26:18.587  3832  3916 I btipc   : LE-REPORT:name:null,rssi:-96
01-29 19:26:18.588  3832  3916 V BluetoothServiceJni: remote_device_properties_callback: Status is: 0, Properties: 2
01-29 19:26:18.591  3832  3916 I btipc   : LE-REPORT:name:null,rssi:-92
01-29 19:26:18.591  3832  3916 V BluetoothServiceJni: remote_device_properties_callback: Status is: 0, Properties: 2
01-29 19:26:18.680  6339  6339 W dex2oat : Could not open dex files from location: /data/app/com.google.android.trichromelibrary_541408533-HPREI4YFHA-_3ThVwmIoUA==/base.apk
01-29 19:26:18.680  6339  6339 W dex2oat : Failed to open classpath dex files
01-29 19:26:18.688  3832  3916 I btipc   : LE-REPORT:name:null,rssi:-88
01-29 19:26:18.689  3832  3916 V BluetoothServiceJni: remote_device_properties_callback: Status is: 0, Properties: 2
01-29 19:26:18.698  3832  3916 I btipc   : LE-REPORT:name:null,rssi:-56
01-29 19:26:18.699  3832  3916 V BluetoothServiceJni: remote_device_properties_callback: Status is: 0, Properties: 2
01-29 19:26:18.787  3832  3916 I btipc   : LE-REPORT:name:YamahaAV,rssi:-76,0
01-29 19:26:18.787  3832  3916 V BluetoothServiceJni: remote_device_properties_callback: Status is: 0, Properties: 3
01-29 19:26:18.795  3832  3916 I btipc   : LE-REPORT:name:Remo-EEFA90,rssi:-94,1
01-29 19:26:18.795  3832  3916 V BluetoothServiceJni: remote_device_properties_callback: Status is: 0, Properties: 3
01-29 19:26:18.798  3832  3916 I btipc   : LE-REPORT:name:null,rssi:-92
01-29 19:26:18.798  3832  3916 V BluetoothServiceJni: remote_device_properties_callback: Status is: 0, Properties: 2
01-29 19:26:18.799  3832  3916 I btipc   : LE-REPORT:name:null,rssi:-90
01-29 19:26:18.799  3832  3916 V BluetoothServiceJni: remote_device_properties_callback: Status is: 0, Properties: 2
01-29 19:26:18.819  6339  6339 W dex2oat : Accessing hidden method Landroid/view/WindowInsets$Type;->ime()I (blacklist, linking, denied)
01-29 19:26:18.819  6339  6339 W dex2oat : Accessing hidden method Landroid/view/View;->getWindowInsetsController()Landroid/view/WindowInsetsController; (blacklist, linking, denied)
01-29 19:26:18.820  6339  6339 W dex2oat : Accessing hidden method Landroid/view/WindowInsetsController;->show(I)V (blacklist, linking, denied)
01-29 19:26:18.892  3832  3916 I btipc   : LE-REPORT:name:null,rssi:-98
01-29 19:26:18.892  3832  3916 V BluetoothServiceJni: remote_device_properties_callback: Status is: 0, Properties: 2
01-29 19:26:18.895  3832  3916 I btipc   : LE-REPORT:name:null,rssi:-92
01-29 19:26:18.895  3832  3916 V BluetoothServiceJni: remote_device_properties_callback: Status is: 0, Properties: 2
01-29 19:26:18.897  3832  3916 I btipc   : LE-REPORT:name:null,rssi:-92
01-29 19:26:18.897  3832  3916 V BluetoothServiceJni: remote_device_properties_callback: Status is: 0, Properties: 2
01-29 19:26:18.899  3832  3916 I btipc   : LE-REPORT:name:YamahaAV,rssi:-78,1
01-29 19:26:18.899  3832  3916 V BluetoothServiceJni: remote_device_properties_callback: Status is: 0, Properties: 3
01-29 19:26:18.946  3832  3916 I btipc   : LE-REPORT:name:null,rssi:-94
01-29 19:26:18.946  3832  3916 V BluetoothServiceJni: remote_device_properties_callback: Status is: 0, Properties: 2
01-29 19:26:18.974   685   727 I /vendor/bin/hw/vendor.qti.hardware.servicetracker@1.1-service: unbindService is called for service : com.google.android.gms/com.google.android.location.internal.GoogleLocationManagerService and for client com.google.android.gms.persistent
01-29 19:26:18.974   685   727 I /vendor/bin/hw/vendor.qti.hardware.servicetracker@1.1-service: size of service connections for service: com.google.android.gms/com.google.android.location.internal.GoogleLocationManagerServiceafter removal is 2
01-29 19:26:18.974   685   727 I /vendor/bin/hw/vendor.qti.hardware.servicetracker@1.1-service: size of client connections for client: com.google.android.gms.persistentafter removal is 5
01-29 19:26:18.994  6339  6339 I dex2oat : dex2oat took 443.042ms (1.211s cpu) (threads: 8) arena alloc=0B (0B) java alloc=2709KB (2774976B) native alloc=3509KB (3593744B) free=698KB (715248B)
01-29 19:26:18.994  3832  3916 I btipc   : LE-REPORT:name:Remo-EEFA90,rssi:-90,1
01-29 19:26:18.994  3832  3916 V BluetoothServiceJni: remote_device_properties_callback: Status is: 0, Properties: 3
01-29 19:26:19.006   947   947 V installd: DexInv: --- END '/data/app/com.google.android.webview-ypWJLeP7BlGG8mWl4GjudA==/split_weblayer.apk' (success) ---
01-29 19:26:19.039  3832  3916 I btipc   : LE-REPORT:name:null,rssi:-96
01-29 19:26:19.039  3832  3916 V BluetoothServiceJni: remote_device_properties_callback: Status is: 0, Properties: 2
01-29 19:26:19.078  1266  6291 D sd_screen: count:3 frame/s
01-29 19:26:19.138  1278  6303 W system_server: Could not open dex files from location: /data/app/com.google.android.trichromelibrary_541408533-HPREI4YFHA-_3ThVwmIoUA==/base.apk
01-29 19:26:19.140  1278  6303 I PackageManager.DexOptimizer: Running dexopt (dexoptNeeded=1) on: /data/app/com.google.android.webview-ypWJLeP7BlGG8mWl4GjudA==/split_weblayer.apk pkg=com.google.android.webview isa=arm64 dexoptFlags=boot_complete,public,enable_hidden_api_checks targetFilter=verify oatDir=/data/app/com.google.android.webview-ypWJLeP7BlGG8mWl4GjudA==/oat classLoaderContext=PCL[];PCL[base.apk]{PCL[/data/app/com.google.android.trichromelibrary_541408533-HPREI4YFHA-_3ThVwmIoUA==/base.apk]}
01-29 19:26:19.140   947   947 V installd: DexInv: --- BEGIN '/data/app/com.google.android.webview-ypWJLeP7BlGG8mWl4GjudA==/split_weblayer.apk' ---
01-29 19:26:19.194  6352  6352 I dex2oat : /apex/com.android.runtime/bin/dex2oat --input-vdex-fd=-1 --output-vdex-fd=11 --resolve-startup-const-strings=true --max-image-block-size=524288 --compiler-filter=verify --classpath-dir=/data/app/com.google.android.webview-ypWJLeP7BlGG8mWl4GjudA== --class-loader-context=PCL[];PCL[base.apk]{PCL[/data/app/com.google.android.trichromelibrary_541408533-HPREI4YFHA-_3ThVwmIoUA==/base.apk]} --generate-mini-debug-info --compact-dex-level=none --compilation-reason=boot
01-29 19:26:19.198  6352  6352 I dex2oat : setting boot class path to /apex/com.android.runtime/javalib/core-oj.jar:/apex/com.android.runtime/javalib/core-libart.jar:/apex/com.android.runtime/javalib/okhttp.jar:/apex/com.android.runtime/javalib/bouncycastle.jar:/apex/com.android.runtime/javalib/apache-xml.jar:/system/framework/framework.jar:/system/framework/ext.jar:/system/framework/telephony-common.jar:/system/framework/voip-common.jar:/system/framework/ims-common.jar:/system/framework/android.test.base.jar:/system/framework/tcmiface.jar:/system/framework/telephony-ext.jar:/system/framework/com.nxp.nfc.nq.jar:/system/framework/QPerformance.jar:/system/framework/UxPerformance.jar:/system/framework/WfdCommon.jar
01-29 19:26:19.245  3832  3916 I btipc   : LE-REPORT:name:null,rssi:-98
01-29 19:26:19.245  3832  3916 V BluetoothServiceJni: remote_device_properties_callback: Status is: 0, Properties: 2
01-29 19:26:19.250  3832  3916 I btipc   : LE-REPORT:name:Remo-EEFA90,rssi:-94,1
01-29 19:26:19.251  3832  3916 V BluetoothServiceJni: remote_device_properties_callback: Status is: 0, Properties: 3
01-29 19:26:19.254  3832  3916 I btipc   : LE-REPORT:name:Remo-EEFA90,rssi:-94,0
01-29 19:26:19.254  3832  3916 V BluetoothServiceJni: remote_device_properties_callback: Status is: 0, Properties: 3
01-29 19:26:19.315  6352  6352 W dex2oat : Could not open dex files from location: /data/app/com.google.android.trichromelibrary_541408533-HPREI4YFHA-_3ThVwmIoUA==/base.apk
01-29 19:26:19.315  6352  6352 W dex2oat : Failed to open classpath dex files
01-29 19:26:19.447  3832  3916 I btipc   : LE-REPORT:name:Remo-EEFA90,rssi:-90,1
01-29 19:26:19.447  3832  3916 V BluetoothServiceJni: remote_device_properties_callback: Status is: 0, Properties: 3
01-29 19:26:19.449  6352  6355 W dex2oat : Accessing hidden method Landroid/view/WindowInsets$Type;->ime()I (blacklist, linking, denied)
01-29 19:26:19.449  6352  6355 W dex2oat : Accessing hidden method Landroid/view/View;->getWindowInsetsController()Landroid/view/WindowInsetsController; (blacklist, linking, denied)
01-29 19:26:19.449  6352  6355 W dex2oat : Accessing hidden method Landroid/view/WindowInsetsController;->show(I)V (blacklist, linking, denied)
01-29 19:26:19.498  3832  3916 I btipc   : LE-REPORT:name:null,rssi:-94
01-29 19:26:19.498  3832  3916 V BluetoothServiceJni: remote_device_properties_callback: Status is: 0, Properties: 2
